192.168.1.1 - - [05/Nov/2023:09:02:59] "PUT /usr/checkout HTTP/1.1" 200 3406 "-" "Mozilla/5.0 (Windows NT 10.0; Win64; x64)" 0.51
192.168.1.1 - - [15/Feb/2023:15:35:10] "POST /usr/cart HTTP/1.1" 200 597 "-" "Mozilla/5.0 (Windows NT 10.0; Win64; x64)" 0.33
10.0.0.1 - - [27/Dec/2023:11:43:27] "POST /usr/product HTTP/1.1" 200 5007 "-" "Mozilla/5.0 (Macintosh; Intel Mac OS X 10_15_7)" 1.99
192.168.1.1 - - [01/May/2023:06:27:33] "PUT /usr/login HTTP/1.1" 200 9670 "-" "Mozilla/5.0 (Macintosh; Intel Mac OS X 10_15_7)" 0.84
192.168.1.1 - - [24/Jul/2023:18:50:14] "PUT /usr/product HTTP/1.1" 200 174 "-" "Mozilla/5.0 (Macintosh; Intel Mac OS X 10_15_7)" 1.13
10.0.0.1 - - [27/May/2022:08:03:01] "PUT /usr/product HTTP/1.1" 200 724 "-" "Mozilla/5.0 (Macintosh; Intel Mac OS X 10_15_7)" 0.88
10.0.0.1 - - [25/Oct/2023:05:00:50] "POST /usr/cart HTTP/1.1" 200 2520 "-" "Mozilla/5.0 (Windows NT 10.0; Win64; x64)" 1.18
172.16.0.1 - - [28/Dec/2023:01:14:53] "DELETE /usr/checkout HTTP/1.1" 200 3304 "-" "Mozilla/5.0 (Macintosh; Intel Mac OS X 10_15_7)" 1.22
10.0.0.1 - - [11/Sep/2022:07:26:53] "DELETE /usr/product HTTP/1.1" 200 3897 "-" "Mozilla/5.0 (Windows NT 10.0; Win64; x64)" 1.14
172.16.0.1 - - [26/Feb/2023:09:25:15] "DELETE /usr/checkout HTTP/1.1" 200 6368 "-" "Mozilla/5.0 (Macintosh; Intel Mac OS X 10_15_7)" 0.72
192.168.1.1 - - [16/Oct/2022:15:12:07] "POST /usr/login HTTP/1.1" 200 1201 "-" "Mozilla/5.0 (Windows NT 10.0; Win64; x64)" 0.21
172.16.0.1 - - [28/May/2023:21:07:18] "DELETE /usr/product HTTP/1.1" 200 6734 "-" "Mozilla/5.0 (Macintosh; Intel Mac OS X 10_15_7)" 1.57
172.16.0.1 - - [30/Sep/2023:06:40:32] "DELETE /usr/product HTTP/1.1" 200 4208 "-" "Mozilla/5.0 (Macintosh; Intel Mac OS X 10_15_7)" 1.75
172.16.0.1 - - [14/Mar/2022:06:23:19] "DELETE /usr/checkout HTTP/1.1" 200 8312 "-" "Mozilla/5.0 (Windows NT 10.0; Win64; x64)" 1.93
10.0.0.1 - - [20/Jun/2022:07:18:34] "GET /usr/login HTTP/1.1" 200 7681 "-" "Mozilla/5.0 (Macintosh; Intel Mac OS X 10_15_7)" 0.77
172.16.0.1 - - [19/May/2022:05:33:33] "POST /usr/checkout HTTP/1.1" 200 4677 "-" "Mozilla/5.0 (Macintosh; Intel Mac OS X 10_15_7)" 1.84
172.16.0.1 - - [01/Aug/2022:19:48:01] "PUT /usr/login HTTP/1.1" 200 772 "-" "Mozilla/5.0 (Windows NT 10.0; Win64; x64)" 1.22
172.16.0.1 - - [29/Nov/2022:02:12:47] "GET /usr/login HTTP/1.1" 200 8890 "-" "Mozilla/5.0 (Macintosh; Intel Mac OS X 10_15_7)" 0.82
10.0.0.1 - - [26/Oct/2022:23:30:38] "PUT /usr/checkout HTTP/1.1" 200 9733 "-" "Mozilla/5.0 (Windows NT 10.0; Win64; x64)" 0.98
192.168.1.1 - - [31/Jan/2022:19:43:11] "GET /usr/checkout HTTP/1.1" 200 2093 "-" "Mozilla/5.0 (Windows NT 10.0; Win64; x64)" 1.91
192.168.1.1 - - [19/Dec/2023:10:14:09] "POST /usr/cart HTTP/1.1" 200 4985 "-" "Mozilla/5.0 (Windows NT 10.0; Win64; x64)" 1.14
10.0.0.1 - - [15/May/2022:17:28:16] "PUT /usr/product HTTP/1.1" 200 8875 "-" "Mozilla/5.0 (Windows NT 10.0; Win64; x64)" 1.07
10.0.0.1 - - [04/Feb/2022:14:42:45] "PUT /usr/product HTTP/1.1" 200 1064 "-" "Mozilla/5.0 (Windows NT 10.0; Win64; x64)" 1.30
192.168.1.1 - - [24/Oct/2022:06:58:21] "PUT /usr/product HTTP/1.1" 200 2305 "-" "Mozilla/5.0 (Macintosh; Intel Mac OS X 10_15_7)" 0.81
192.168.1.1 - - [15/Nov/2023:17:41:08] "PUT /usr/cart HTTP/1.1" 200 4355 "-" "Mozilla/5.0 (Windows NT 10.0; Win64; x64)" 0.71
192.168.1.1 - - [01/Mar/2023:08:23:14] "GET /usr/checkout HTTP/1.1" 200 6419 "-" "Mozilla/5.0 (Macintosh; Intel Mac OS X 10_15_7)" 1.23
10.0.0.1 - - [26/Jan/2022:00:20:05] "DELETE /usr/login HTTP/1.1" 200 3667 "-" "Mozilla/5.0 (Windows NT 10.0; Win64; x64)" 0.89
10.0.0.1 - - [19/Jan/2022:08:11:59] "PUT /usr/cart HTTP/1.1" 200 1703 "-" "Mozilla/5.0 (Macintosh; Intel Mac OS X 10_15_7)" 1.65
192.168.1.1 - - [19/Feb/2023:07:20:19] "POST /usr/checkout HTTP/1.1" 200 7599 "-" "Mozilla/5.0 (Windows NT 10.0; Win64; x64)" 0.89
10.0.0.1 - - [11/Dec/2022:10:22:39] "DELETE /usr/cart HTTP/1.1" 200 1496 "-" "Mozilla/5.0 (Windows NT 10.0; Win64; x64)" 0.56
172.16.0.1 - - [28/Oct/2023:06:11:27] "DELETE /usr/checkout HTTP/1.1" 200 4632 "-" "Mozilla/5.0 (Windows NT 10.0; Win64; x64)" 0.87
172.16.0.1 - - [09/Nov/2023:18:53:59] "GET /usr/product HTTP/1.1" 200 2764 "-" "Mozilla/5.0 (Windows NT 10.0; Win64; x64)" 0.81
10.0.0.1 - - [26/Feb/2022:20:20:02] "POST /usr/login HTTP/1.1" 200 3502 "-" "Mozilla/5.0 (Macintosh; Intel Mac OS X 10_15_7)" 0.72
192.168.1.1 - - [24/Sep/2023:03:35:24] "GET /usr/cart HTTP/1.1" 200 4251 "-" "Mozilla/5.0 (Macintosh; Intel Mac OS X 10_15_7)" 1.81
10.0.0.1 - - [10/Dec/2023:14:11:05] "DELETE /usr/login HTTP/1.1" 200 3078 "-" "Mozilla/5.0 (Windows NT 10.0; Win64; x64)" 1.63
172.16.0.1 - - [09/May/2023:00:44:05] "DELETE /usr/login HTTP/1.1" 200 5519 "-" "Mozilla/5.0 (Macintosh; Intel Mac OS X 10_15_7)" 0.29
172.16.0.1 - - [12/Oct/2023:19:31:32] "POST /usr/checkout HTTP/1.1" 200 5006 "-" "Mozilla/5.0 (Windows NT 10.0; Win64; x64)" 1.54
172.16.0.1 - - [24/Nov/2022:15:17:48] "GET /usr/login HTTP/1.1" 200 9884 "-" "Mozilla/5.0 (Macintosh; Intel Mac OS X 10_15_7)" 0.67
172.16.0.1 - - [03/Feb/2022:12:34:03] "DELETE /usr/checkout HTTP/1.1" 200 4150 "-" "Mozilla/5.0 (Macintosh; Intel Mac OS X 10_15_7)" 0.27
192.168.1.1 - - [03/Sep/2023:20:38:16] "DELETE /usr/cart HTTP/1.1" 200 7867 "-" "Mozilla/5.0 (Windows NT 10.0; Win64; x64)" 1.16
172.16.0.1 - - [10/Jul/2022:16:20:05] "PUT /usr/login HTTP/1.1" 200 7754 "-" "Mozilla/5.0 (Macintosh; Intel Mac OS X 10_15_7)" 0.43
172.16.0.1 - - [17/Aug/2022:18:38:19] "GET /usr/cart HTTP/1.1" 200 883 "-" "Mozilla/5.0 (Windows NT 10.0; Win64; x64)" 1.17
10.0.0.1 - - [05/Aug/2022:12:19:08] "DELETE /usr/checkout HTTP/1.1" 200 4501 "-" "Mozilla/5.0 (Windows NT 10.0; Win64; x64)" 1.66
10.0.0.1 - - [09/May/2022:12:45:02] "GET /usr/checkout HTTP/1.1" 200 5841 "-" "Mozilla/5.0 (Macintosh; Intel Mac OS X 10_15_7)" 1.32
10.0.0.1 - - [07/May/2023:02:02:30] "DELETE /usr/cart HTTP/1.1" 200 1868 "-" "Mozilla/5.0 (Windows NT 10.0; Win64; x64)" 1.62
172.16.0.1 - - [02/Sep/2022:03:38:48] "POST /usr/checkout HTTP/1.1" 200 4748 "-" "Mozilla/5.0 (Windows NT 10.0; Win64; x64)" 0.60
192.168.1.1 - - [09/Jun/2022:20:14:59] "GET /usr/checkout HTTP/1.1" 200 7010 "-" "Mozilla/5.0 (Macintosh; Intel Mac OS X 10_15_7)" 1.65
192.168.1.1 - - [15/Jan/2023:08:15:40] "GET /usr/login HTTP/1.1" 200 4351 "-" "Mozilla/5.0 (Windows NT 10.0; Win64; x64)" 1.02
172.16.0.1 - - [02/Oct/2023:05:00:57] "POST /usr/checkout HTTP/1.1" 200 1078 "-" "Mozilla/5.0 (Windows NT 10.0; Win64; x64)" 1.75
192.168.1.1 - - [05/Aug/2023:18:09:33] "PUT /usr/product HTTP/1.1" 200 9897 "-" "Mozilla/5.0 (Windows NT 10.0; Win64; x64)" 0.40
192.168.1.1 - - [09/Jul/2023:17:31:49] "DELETE /usr/cart HTTP/1.1" 200 4772 "-" "Mozilla/5.0 (Macintosh; Intel Mac OS X 10_15_7)" 0.94
10.0.0.1 - - [09/May/2022:23:51:47] "DELETE /usr/cart HTTP/1.1" 200 2863 "-" "Mozilla/5.0 (Macintosh; Intel Mac OS X 10_15_7)" 0.17
10.0.0.1 - - [19/Jul/2022:15:19:16] "PUT /usr/checkout HTTP/1.1" 200 7685 "-" "Mozilla/5.0 (Macintosh; Intel Mac OS X 10_15_7)" 0.18
10.0.0.1 - - [09/Oct/2022:15:46:39] "GET /usr/cart HTTP/1.1" 404 9844 "-" "Mozilla/5.0 (Windows NT 10.0; Win64; x64)" 0.52
192.168.1.1 - - [05/Jul/2023:10:30:59] "DELETE /usr/product HTTP/1.1" 200 2341 "-" "Mozilla/5.0 (Macintosh; Intel Mac OS X 10_15_7)" 1.91
172.16.0.1 - - [04/May/2022:11:28:33] "PUT /usr/checkout HTTP/1.1" 200 2357 "-" "Mozilla/5.0 (Macintosh; Intel Mac OS X 10_15_7)" 0.52
172.16.0.1 - - [22/Nov/2023:01:19:30] "DELETE /usr/product HTTP/1.1" 200 4565 "-" "Mozilla/5.0 (Macintosh; Intel Mac OS X 10_15_7)" 1.22
10.0.0.1 - - [22/Feb/2022:22:20:23] "DELETE /usr/cart HTTP/1.1" 200 9784 "-" "Mozilla/5.0 (Windows NT 10.0; Win64; x64)" 1.70
192.168.1.1 - - [06/Feb/2023:08:15:20] "GET /usr/cart HTTP/1.1" 200 9342 "-" "Mozilla/5.0 (Windows NT 10.0; Win64; x64)" 0.86
10.0.0.1 - - [08/Aug/2022:13:12:58] "GET /usr/checkout HTTP/1.1" 200 6557 "-" "Mozilla/5.0 (Macintosh; Intel Mac OS X 10_15_7)" 0.39
10.0.0.1 - - [21/Aug/2022:17:10:41] "PUT /usr/checkout HTTP/1.1" 200 9420 "-" "Mozilla/5.0 (Macintosh; Intel Mac OS X 10_15_7)" 0.47
192.168.1.1 - - [03/Aug/2022:15:59:17] "DELETE /usr/product HTTP/1.1" 200 4448 "-" "Mozilla/5.0 (Macintosh; Intel Mac OS X 10_15_7)" 1.04
172.16.0.1 - - [19/Dec/2022:14:16:27] "GET /usr/cart HTTP/1.1" 200 8032 "-" "Mozilla/5.0 (Windows NT 10.0; Win64; x64)" 0.18
172.16.0.1 - - [24/Oct/2022:03:35:14] "GET /usr/cart HTTP/1.1" 200 3911 "-" "Mozilla/5.0 (Windows NT 10.0; Win64; x64)" 1.30
172.16.0.1 - - [08/Oct/2022:05:30:04] "POST /usr/cart HTTP/1.1" 200 8543 "-" "Mozilla/5.0 (Windows NT 10.0; Win64; x64)" 0.48
192.168.1.1 - - [03/Jun/2022:14:21:25] "DELETE /usr/checkout HTTP/1.1" 200 2713 "-" "Mozilla/5.0 (Windows NT 10.0; Win64; x64)" 1.14
172.16.0.1 - - [18/Jul/2023:22:19:15] "DELETE /usr/cart HTTP/1.1" 200 6350 "-" "Mozilla/5.0 (Macintosh; Intel Mac OS X 10_15_7)" 1.21
172.16.0.1 - - [21/Jun/2022:19:56:25] "PUT /usr/checkout HTTP/1.1" 200 3320 "-" "Mozilla/5.0 (Macintosh; Intel Mac OS X 10_15_7)" 1.87
10.0.0.1 - - [26/May/2023:09:35:33] "POST /usr/product HTTP/1.1" 200 8155 "-" "Mozilla/5.0 (Windows NT 10.0; Win64; x64)" 1.02
172.16.0.1 - - [19/Aug/2022:14:19:19] "POST /usr/login HTTP/1.1" 200 878 "-" "Mozilla/5.0 (Windows NT 10.0; Win64; x64)" 0.66
172.16.0.1 - - [13/Feb/2023:06:33:43] "DELETE /usr/login HTTP/1.1" 200 6550 "-" "Mozilla/5.0 (Windows NT 10.0; Win64; x64)" 0.19
172.16.0.1 - - [16/May/2022:13:45:36] "POST /usr/login HTTP/1.1" 200 9486 "-" "Mozilla/5.0 (Macintosh; Intel Mac OS X 10_15_7)" 1.77
10.0.0.1 - - [21/Dec/2023:08:10:49] "DELETE /usr/checkout HTTP/1.1" 200 2851 "-" "Mozilla/5.0 (Windows NT 10.0; Win64; x64)" 0.37
172.16.0.1 - - [19/Nov/2023:13:37:21] "POST /usr/login HTTP/1.1" 200 8270 "-" "Mozilla/5.0 (Macintosh; Intel Mac OS X 10_15_7)" 1.95
10.0.0.1 - - [19/Apr/2022:18:44:43] "PUT /usr/product HTTP/1.1" 200 1627 "-" "Mozilla/5.0 (Windows NT 10.0; Win64; x64)" 0.76
172.16.0.1 - - [18/Nov/2022:16:55:19] "GET /usr/product HTTP/1.1" 200 8928 "-" "Mozilla/5.0 (Macintosh; Intel Mac OS X 10_15_7)" 0.46
10.0.0.1 - - [22/Mar/2022:19:39:36] "PUT /usr/checkout HTTP/1.1" 200 9690 "-" "Mozilla/5.0 (Windows NT 10.0; Win64; x64)" 1.49
10.0.0.1 - - [05/May/2022:12:46:44] "GET /usr/checkout HTTP/1.1" 200 7261 "-" "Mozilla/5.0 (Macintosh; Intel Mac OS X 10_15_7)" 1.94
10.0.0.1 - - [31/Mar/2023:19:02:22] "PUT /usr/checkout HTTP/1.1" 200 6026 "-" "Mozilla/5.0 (Windows NT 10.0; Win64; x64)" 1.03
172.16.0.1 - - [24/May/2022:04:48:36] "DELETE /usr/cart HTTP/1.1" 200 4038 "-" "Mozilla/5.0 (Macintosh; Intel Mac OS X 10_15_7)" 0.69
192.168.1.1 - - [24/Jun/2023:02:09:23] "GET /usr/login HTTP/1.1" 200 157 "-" "Mozilla/5.0 (Macintosh; Intel Mac OS X 10_15_7)" 1.76
10.0.0.1 - - [11/Dec/2022:13:38:32] "DELETE /usr/product HTTP/1.1" 200 490 "-" "Mozilla/5.0 (Macintosh; Intel Mac OS X 10_15_7)" 0.57
192.168.1.1 - - [05/Apr/2023:16:45:26] "GET /usr/cart HTTP/1.1" 200 2402 "-" "Mozilla/5.0 (Windows NT 10.0; Win64; x64)" 1.39
172.16.0.1 - - [13/Nov/2023:16:05:53] "PUT /usr/cart HTTP/1.1" 200 8600 "-" "Mozilla/5.0 (Macintosh; Intel Mac OS X 10_15_7)" 0.51
10.0.0.1 - - [03/Jun/2022:18:40:33] "PUT /usr/product HTTP/1.1" 200 5666 "-" "Mozilla/5.0 (Macintosh; Intel Mac OS X 10_15_7)" 1.59
192.168.1.1 - - [20/May/2023:16:04:47] "DELETE /usr/cart HTTP/1.1" 200 9816 "-" "Mozilla/5.0 (Macintosh; Intel Mac OS X 10_15_7)" 1.81
10.0.0.1 - - [09/Nov/2023:07:58:34] "POST /usr/cart HTTP/1.1" 200 2395 "-" "Mozilla/5.0 (Windows NT 10.0; Win64; x64)" 1.46
192.168.1.1 - - [13/Apr/2023:03:19:58] "POST /usr/checkout HTTP/1.1" 200 1740 "-" "Mozilla/5.0 (Windows NT 10.0; Win64; x64)" 0.96
10.0.0.1 - - [04/Feb/2022:10:05:50] "POST /usr/product HTTP/1.1" 200 3110 "-" "Mozilla/5.0 (Windows NT 10.0; Win64; x64)" 1.95
172.16.0.1 - - [06/Mar/2022:00:07:08] "POST /usr/cart HTTP/1.1" 200 4335 "-" "Mozilla/5.0 (Macintosh; Intel Mac OS X 10_15_7)" 1.04
192.168.1.1 - - [17/Dec/2023:23:49:01] "POST /usr/checkout HTTP/1.1" 200 7132 "-" "Mozilla/5.0 (Windows NT 10.0; Win64; x64)" 0.36
192.168.1.1 - - [10/Feb/2022:05:15:58] "GET /usr/cart HTTP/1.1" 200 8719 "-" "Mozilla/5.0 (Macintosh; Intel Mac OS X 10_15_7)" 1.33
172.16.0.1 - - [17/Dec/2022:02:14:08] "PUT /usr/login HTTP/1.1" 200 3436 "-" "Mozilla/5.0 (Macintosh; Intel Mac OS X 10_15_7)" 0.50
172.16.0.1 - - [24/Jun/2023:16:17:47] "POST /usr/checkout HTTP/1.1" 200 8576 "-" "Mozilla/5.0 (Macintosh; Intel Mac OS X 10_15_7)" 1.73
192.168.1.1 - - [24/Dec/2022:22:51:17] "GET /usr/product HTTP/1.1" 200 6257 "-" "Mozilla/5.0 (Windows NT 10.0; Win64; x64)" 1.00
192.168.1.1 - - [18/Dec/2022:18:51:39] "GET /usr/cart HTTP/1.1" 200 280 "-" "Mozilla/5.0 (Macintosh; Intel Mac OS X 10_15_7)" 0.25
172.16.0.1 - - [28/Oct/2022:07:18:37] "DELETE /usr/product HTTP/1.1" 200 717 "-" "Mozilla/5.0 (Macintosh; Intel Mac OS X 10_15_7)" 1.05
192.168.1.1 - - [26/Jul/2023:21:00:41] "POST /usr/checkout HTTP/1.1" 200 7038 "-" "Mozilla/5.0 (Windows NT 10.0; Win64; x64)" 0.45
172.16.0.1 - - [13/Sep/2022:14:06:59] "PUT /usr/product HTTP/1.1" 200 4979 "-" "Mozilla/5.0 (Macintosh; Intel Mac OS X 10_15_7)" 0.20
172.16.0.1 - - [05/Apr/2022:15:28:44] "PUT /usr/login HTTP/1.1" 200 1635 "-" "Mozilla/5.0 (Macintosh; Intel Mac OS X 10_15_7)" 1.40
10.0.0.1 - - [05/Jun/2023:01:33:29] "DELETE /usr/login HTTP/1.1" 200 8476 "-" "Mozilla/5.0 (Macintosh; Intel Mac OS X 10_15_7)" 1.68
192.168.1.1 - - [01/Apr/2023:07:22:02] "DELETE /usr/checkout HTTP/1.1" 200 912 "-" "Mozilla/5.0 (Windows NT 10.0; Win64; x64)" 1.85
192.168.1.1 - - [03/Jun/2022:12:44:30] "POST /usr/product HTTP/1.1" 200 8463 "-" "Mozilla/5.0 (Macintosh; Intel Mac OS X 10_15_7)" 0.78
192.168.1.1 - - [23/Aug/2023:11:54:56] "DELETE /usr/product HTTP/1.1" 200 3093 "-" "Mozilla/5.0 (Macintosh; Intel Mac OS X 10_15_7)" 0.23
10.0.0.1 - - [26/Aug/2022:23:45:51] "GET /usr/login HTTP/1.1" 200 6639 "-" "Mozilla/5.0 (Macintosh; Intel Mac OS X 10_15_7)" 0.97
192.168.1.1 - - [06/Jan/2022:15:15:55] "DELETE /usr/cart HTTP/1.1" 200 2648 "-" "Mozilla/5.0 (Macintosh; Intel Mac OS X 10_15_7)" 1.52
172.16.0.1 - - [13/Jan/2022:03:42:20] "DELETE /usr/checkout HTTP/1.1" 200 4777 "-" "Mozilla/5.0 (Windows NT 10.0; Win64; x64)" 0.85
172.16.0.1 - - [22/Mar/2022:07:18:35] "DELETE /usr/product HTTP/1.1" 200 3230 "-" "Mozilla/5.0 (Windows NT 10.0; Win64; x64)" 1.23
172.16.0.1 - - [16/Apr/2022:20:36:11] "POST /usr/product HTTP/1.1" 200 6021 "-" "Mozilla/5.0 (Windows NT 10.0; Win64; x64)" 0.48
192.168.1.1 - - [26/Jun/2023:08:42:11] "PUT /usr/product HTTP/1.1" 200 3182 "-" "Mozilla/5.0 (Macintosh; Intel Mac OS X 10_15_7)" 1.55
172.16.0.1 - - [30/Sep/2023:01:59:49] "DELETE /usr/cart HTTP/1.1" 200 5607 "-" "Mozilla/5.0 (Windows NT 10.0; Win64; x64)" 1.11
192.168.1.1 - - [14/Jul/2022:09:19:35] "PUT /usr/login HTTP/1.1" 200 7631 "-" "Mozilla/5.0 (Macintosh; Intel Mac OS X 10_15_7)" 0.91
10.0.0.1 - - [14/Jun/2023:03:47:27] "PUT /usr/cart HTTP/1.1" 200 2954 "-" "Mozilla/5.0 (Windows NT 10.0; Win64; x64)" 0.12
192.168.1.1 - - [18/Jan/2023:04:38:45] "PUT /usr/cart HTTP/1.1" 200 8517 "-" "Mozilla/5.0 (Macintosh; Intel Mac OS X 10_15_7)" 1.23
172.16.0.1 - - [08/May/2022:14:32:15] "PUT /usr/checkout HTTP/1.1" 200 8756 "-" "Mozilla/5.0 (Macintosh; Intel Mac OS X 10_15_7)" 1.83
172.16.0.1 - - [05/Jun/2022:15:25:06] "DELETE /usr/product HTTP/1.1" 200 9623 "-" "Mozilla/5.0 (Macintosh; Intel Mac OS X 10_15_7)" 0.38
192.168.1.1 - - [10/Oct/2022:02:54:53] "GET /usr/checkout HTTP/1.1" 200 7999 "-" "Mozilla/5.0 (Macintosh; Intel Mac OS X 10_15_7)" 0.16
172.16.0.1 - - [04/Sep/2023:01:55:34] "DELETE /usr/checkout HTTP/1.1" 200 9285 "-" "Mozilla/5.0 (Windows NT 10.0; Win64; x64)" 0.64
192.168.1.1 - - [30/Jun/2022:07:54:59] "PUT /usr/login HTTP/1.1" 200 7864 "-" "Mozilla/5.0 (Windows NT 10.0; Win64; x64)" 1.36
10.0.0.1 - - [18/Mar/2023:13:42:15] "DELETE /usr/cart HTTP/1.1" 200 8943 "-" "Mozilla/5.0 (Windows NT 10.0; Win64; x64)" 0.86
10.0.0.1 - - [10/Dec/2023:04:37:15] "PUT /usr/cart HTTP/1.1" 404 3928 "-" "Mozilla/5.0 (Macintosh; Intel Mac OS X 10_15_7)" 0.15
192.168.1.1 - - [02/Jun/2023:22:03:50] "DELETE /usr/cart HTTP/1.1" 200 1693 "-" "Mozilla/5.0 (Macintosh; Intel Mac OS X 10_15_7)" 0.14
192.168.1.1 - - [13/Mar/2022:04:12:09] "POST /usr/product HTTP/1.1" 200 9325 "-" "Mozilla/5.0 (Windows NT 10.0; Win64; x64)" 0.38
172.16.0.1 - - [22/Jun/2022:09:24:06] "POST /usr/product HTTP/1.1" 200 4216 "-" "Mozilla/5.0 (Windows NT 10.0; Win64; x64)" 1.89
10.0.0.1 - - [14/Sep/2022:16:30:12] "POST /usr/cart HTTP/1.1" 200 116 "-" "Mozilla/5.0 (Macintosh; Intel Mac OS X 10_15_7)" 1.27
192.168.1.1 - - [12/May/2023:07:04:31] "GET /usr/login HTTP/1.1" 200 978 "-" "Mozilla/5.0 (Windows NT 10.0; Win64; x64)" 1.62
10.0.0.1 - - [14/Jul/2022:02:05:39] "POST /usr/product HTTP/1.1" 200 7166 "-" "Mozilla/5.0 (Macintosh; Intel Mac OS X 10_15_7)" 0.44
192.168.1.1 - - [16/Jan/2022:04:27:20] "PUT /usr/checkout HTTP/1.1" 200 9546 "-" "Mozilla/5.0 (Windows NT 10.0; Win64; x64)" 0.65
10.0.0.1 - - [14/Aug/2022:02:01:42] "POST /usr/product HTTP/1.1" 200 5618 "-" "Mozilla/5.0 (Macintosh; Intel Mac OS X 10_15_7)" 1.66
172.16.0.1 - - [01/Nov/2023:00:59:06] "GET /usr/product HTTP/1.1" 200 7871 "-" "Mozilla/5.0 (Windows NT 10.0; Win64; x64)" 0.56
192.168.1.1 - - [15/May/2023:20:54:23] "PUT /usr/login HTTP/1.1" 200 1249 "-" "Mozilla/5.0 (Macintosh; Intel Mac OS X 10_15_7)" 0.45
192.168.1.1 - - [31/Mar/2022:22:36:01] "POST /usr/checkout HTTP/1.1" 200 4519 "-" "Mozilla/5.0 (Windows NT 10.0; Win64; x64)" 1.91
172.16.0.1 - - [04/Feb/2022:14:14:26] "POST /usr/cart HTTP/1.1" 200 8015 "-" "Mozilla/5.0 (Windows NT 10.0; Win64; x64)" 1.95
192.168.1.1 - - [27/Sep/2023:20:20:29] "POST /usr/login HTTP/1.1" 200 1679 "-" "Mozilla/5.0 (Windows NT 10.0; Win64; x64)" 0.95
172.16.0.1 - - [14/Jan/2022:10:30:50] "PUT /usr/checkout HTTP/1.1" 200 3327 "-" "Mozilla/5.0 (Macintosh; Intel Mac OS X 10_15_7)" 1.16
10.0.0.1 - - [30/Nov/2022:06:55:58] "DELETE /usr/checkout HTTP/1.1" 200 1807 "-" "Mozilla/5.0 (Macintosh; Intel Mac OS X 10_15_7)" 0.69
10.0.0.1 - - [28/Nov/2023:14:31:58] "PUT /usr/product HTTP/1.1" 200 2351 "-" "Mozilla/5.0 (Macintosh; Intel Mac OS X 10_15_7)" 1.23
192.168.1.1 - - [04/Feb/2023:00:04:00] "PUT /usr/login HTTP/1.1" 200 9860 "-" "Mozilla/5.0 (Macintosh; Intel Mac OS X 10_15_7)" 1.63
172.16.0.1 - - [14/Nov/2022:11:40:45] "GET /usr/checkout HTTP/1.1" 200 717 "-" "Mozilla/5.0 (Windows NT 10.0; Win64; x64)" 1.36
10.0.0.1 - - [02/Jul/2023:04:18:03] "DELETE /usr/product HTTP/1.1" 200 9041 "-" "Mozilla/5.0 (Macintosh; Intel Mac OS X 10_15_7)" 1.25
192.168.1.1 - - [19/Feb/2023:20:26:00] "GET /usr/login HTTP/1.1" 200 6142 "-" "Mozilla/5.0 (Macintosh; Intel Mac OS X 10_15_7)" 1.61
172.16.0.1 - - [31/Dec/2023:08:47:44] "DELETE /usr/cart HTTP/1.1" 200 6574 "-" "Mozilla/5.0 (Macintosh; Intel Mac OS X 10_15_7)" 1.40
192.168.1.1 - - [26/Aug/2023:02:26:48] "PUT /usr/product HTTP/1.1" 200 2363 "-" "Mozilla/5.0 (Macintosh; Intel Mac OS X 10_15_7)" 1.67
172.16.0.1 - - [13/Apr/2023:04:50:40] "DELETE /usr/checkout HTTP/1.1" 200 6944 "-" "Mozilla/5.0 (Macintosh; Intel Mac OS X 10_15_7)" 0.89
172.16.0.1 - - [08/Jan/2022:17:33:13] "DELETE /usr/checkout HTTP/1.1" 200 9929 "-" "Mozilla/5.0 (Windows NT 10.0; Win64; x64)" 0.29
172.16.0.1 - - [25/Oct/2023:04:32:51] "GET /usr/cart HTTP/1.1" 200 1611 "-" "Mozilla/5.0 (Windows NT 10.0; Win64; x64)" 1.01
172.16.0.1 - - [11/Jul/2022:09:23:29] "GET /usr/cart HTTP/1.1" 200 7672 "-" "Mozilla/5.0 (Macintosh; Intel Mac OS X 10_15_7)" 1.60
172.16.0.1 - - [26/Mar/2023:06:25:45] "GET /usr/product HTTP/1.1" 200 1546 "-" "Mozilla/5.0 (Windows NT 10.0; Win64; x64)" 1.49
192.168.1.1 - - [03/Dec/2022:23:58:52] "POST /usr/product HTTP/1.1" 200 1140 "-" "Mozilla/5.0 (Windows NT 10.0; Win64; x64)" 1.64
172.16.0.1 - - [13/Jan/2023:17:11:57] "DELETE /usr/cart HTTP/1.1" 200 2989 "-" "Mozilla/5.0 (Macintosh; Intel Mac OS X 10_15_7)" 0.93
172.16.0.1 - - [14/Oct/2022:08:43:07] "PUT /usr/checkout HTTP/1.1" 200 1617 "-" "Mozilla/5.0 (Windows NT 10.0; Win64; x64)" 0.85
172.16.0.1 - - [01/Jun/2023:15:34:01] "POST /usr/product HTTP/1.1" 200 4266 "-" "Mozilla/5.0 (Macintosh; Intel Mac OS X 10_15_7)" 1.24
10.0.0.1 - - [13/Apr/2023:12:58:40] "PUT /usr/checkout HTTP/1.1" 200 144 "-" "Mozilla/5.0 (Macintosh; Intel Mac OS X 10_15_7)" 1.47
10.0.0.1 - - [19/Feb/2023:01:48:16] "GET /usr/login HTTP/1.1" 200 3115 "-" "Mozilla/5.0 (Macintosh; Intel Mac OS X 10_15_7)" 0.75
172.16.0.1 - - [18/May/2023:19:53:40] "GET /usr/product HTTP/1.1" 200 3086 "-" "Mozilla/5.0 (Macintosh; Intel Mac OS X 10_15_7)" 1.26
172.16.0.1 - - [12/Dec/2023:22:15:55] "DELETE /usr/cart HTTP/1.1" 200 9113 "-" "Mozilla/5.0 (Windows NT 10.0; Win64; x64)" 1.28
172.16.0.1 - - [13/Jul/2022:16:21:44] "DELETE /usr/login HTTP/1.1" 200 1267 "-" "Mozilla/5.0 (Windows NT 10.0; Win64; x64)" 1.65
192.168.1.1 - - [30/Oct/2023:09:19:01] "GET /usr/cart HTTP/1.1" 200 270 "-" "Mozilla/5.0 (Windows NT 10.0; Win64; x64)" 1.24
10.0.0.1 - - [09/May/2022:20:42:46] "POST /usr/product HTTP/1.1" 200 9574 "-" "Mozilla/5.0 (Windows NT 10.0; Win64; x64)" 0.34
10.0.0.1 - - [15/May/2022:12:01:48] "PUT /usr/product HTTP/1.1" 200 1287 "-" "Mozilla/5.0 (Windows NT 10.0; Win64; x64)" 0.85
10.0.0.1 - - [02/May/2023:13:44:58] "PUT /usr/product HTTP/1.1" 200 9952 "-" "Mozilla/5.0 (Macintosh; Intel Mac OS X 10_15_7)" 1.70
10.0.0.1 - - [10/Oct/2023:18:41:25] "PUT /usr/checkout HTTP/1.1" 200 7944 "-" "Mozilla/5.0 (Windows NT 10.0; Win64; x64)" 0.31
192.168.1.1 - - [12/Apr/2023:04:48:32] "PUT /usr/checkout HTTP/1.1" 200 4184 "-" "Mozilla/5.0 (Windows NT 10.0; Win64; x64)" 1.34
192.168.1.1 - - [13/Jan/2022:08:24:52] "PUT /usr/product HTTP/1.1" 200 5270 "-" "Mozilla/5.0 (Macintosh; Intel Mac OS X 10_15_7)" 1.73
10.0.0.1 - - [20/Apr/2022:17:45:17] "PUT /usr/cart HTTP/1.1" 200 9742 "-" "Mozilla/5.0 (Macintosh; Intel Mac OS X 10_15_7)" 1.37
10.0.0.1 - - [08/Apr/2023:02:48:17] "DELETE /usr/checkout HTTP/1.1" 200 3788 "-" "Mozilla/5.0 (Macintosh; Intel Mac OS X 10_15_7)" 1.22
172.16.0.1 - - [18/Feb/2022:14:45:01] "DELETE /usr/cart HTTP/1.1" 200 1739 "-" "Mozilla/5.0 (Windows NT 10.0; Win64; x64)" 1.75
172.16.0.1 - - [16/Nov/2023:01:59:59] "DELETE /usr/login HTTP/1.1" 200 2147 "-" "Mozilla/5.0 (Windows NT 10.0; Win64; x64)" 0.98
172.16.0.1 - - [12/Mar/2022:21:11:35] "GET /usr/checkout HTTP/1.1" 200 1916 "-" "Mozilla/5.0 (Macintosh; Intel Mac OS X 10_15_7)" 0.53
192.168.1.1 - - [10/May/2022:11:46:43] "POST /usr/product HTTP/1.1" 200 1265 "-" "Mozilla/5.0 (Windows NT 10.0; Win64; x64)" 0.14
10.0.0.1 - - [23/Nov/2023:22:22:33] "GET /usr/checkout HTTP/1.1" 200 3343 "-" "Mozilla/5.0 (Windows NT 10.0; Win64; x64)" 0.47
192.168.1.1 - - [19/May/2022:16:51:11] "DELETE /usr/login HTTP/1.1" 200 4941 "-" "Mozilla/5.0 (Macintosh; Intel Mac OS X 10_15_7)" 0.32
192.168.1.1 - - [24/Apr/2022:03:53:07] "POST /usr/cart HTTP/1.1" 200 1128 "-" "Mozilla/5.0 (Windows NT 10.0; Win64; x64)" 0.65
192.168.1.1 - - [21/Oct/2023:10:42:37] "DELETE /usr/cart HTTP/1.1" 200 9236 "-" "Mozilla/5.0 (Windows NT 10.0; Win64; x64)" 0.30
172.16.0.1 - - [30/Dec/2023:00:27:45] "POST /usr/checkout HTTP/1.1" 200 4695 "-" "Mozilla/5.0 (Windows NT 10.0; Win64; x64)" 0.85
10.0.0.1 - - [24/Mar/2023:06:26:52] "PUT /usr/product HTTP/1.1" 200 4815 "-" "Mozilla/5.0 (Windows NT 10.0; Win64; x64)" 1.27
192.168.1.1 - - [13/Feb/2022:12:00:49] "PUT /usr/login HTTP/1.1" 200 4009 "-" "Mozilla/5.0 (Macintosh; Intel Mac OS X 10_15_7)" 1.31
192.168.1.1 - - [08/Jun/2022:08:24:00] "POST /usr/checkout HTTP/1.1" 200 8406 "-" "Mozilla/5.0 (Macintosh; Intel Mac OS X 10_15_7)" 0.21
10.0.0.1 - - [19/May/2023:15:57:08] "PUT /usr/product HTTP/1.1" 200 9859 "-" "Mozilla/5.0 (Macintosh; Intel Mac OS X 10_15_7)" 0.50
172.16.0.1 - - [10/Nov/2023:10:53:06] "DELETE /usr/login HTTP/1.1" 200 2112 "-" "Mozilla/5.0 (Windows NT 10.0; Win64; x64)" 0.70
10.0.0.1 - - [26/Feb/2023:10:19:03] "DELETE /usr/cart HTTP/1.1" 200 5613 "-" "Mozilla/5.0 (Windows NT 10.0; Win64; x64)" 1.58
192.168.1.1 - - [10/Mar/2023:17:40:39] "GET /usr/checkout HTTP/1.1" 200 6285 "-" "Mozilla/5.0 (Windows NT 10.0; Win64; x64)" 1.55
172.16.0.1 - - [20/Feb/2023:15:46:25] "PUT /usr/login HTTP/1.1" 200 7124 "-" "Mozilla/5.0 (Macintosh; Intel Mac OS X 10_15_7)" 0.41
10.0.0.1 - - [23/Feb/2022:14:47:01] "POST /usr/product HTTP/1.1" 200 6581 "-" "Mozilla/5.0 (Macintosh; Intel Mac OS X 10_15_7)" 0.46
192.168.1.1 - - [15/Jun/2023:14:52:42] "DELETE /usr/cart HTTP/1.1" 200 9315 "-" "Mozilla/5.0 (Macintosh; Intel Mac OS X 10_15_7)" 1.55
172.16.0.1 - - [28/Oct/2022:02:16:44] "PUT /usr/product HTTP/1.1" 200 1977 "-" "Mozilla/5.0 (Macintosh; Intel Mac OS X 10_15_7)" 0.90
192.168.1.1 - - [22/Jan/2023:21:34:52] "GET /usr/cart HTTP/1.1" 200 1209 "-" "Mozilla/5.0 (Windows NT 10.0; Win64; x64)" 1.70
172.16.0.1 - - [01/Jan/2023:04:20:42] "GET /usr/checkout HTTP/1.1" 200 2538 "-" "Mozilla/5.0 (Windows NT 10.0; Win64; x64)" 0.30
192.168.1.1 - - [08/Oct/2022:14:12:48] "POST /usr/checkout HTTP/1.1" 200 9856 "-" "Mozilla/5.0 (Macintosh; Intel Mac OS X 10_15_7)" 0.69
172.16.0.1 - - [03/Oct/2023:12:43:24] "GET /usr/cart HTTP/1.1" 200 8883 "-" "Mozilla/5.0 (Windows NT 10.0; Win64; x64)" 0.28
10.0.0.1 - - [28/Jun/2023:16:25:35] "GET /usr/login HTTP/1.1" 200 2461 "-" "Mozilla/5.0 (Windows NT 10.0; Win64; x64)" 1.12
192.168.1.1 - - [03/Mar/2023:22:04:05] "PUT /usr/login HTTP/1.1" 200 1269 "-" "Mozilla/5.0 (Windows NT 10.0; Win64; x64)" 0.34
172.16.0.1 - - [11/Apr/2023:22:55:38] "DELETE /usr/login HTTP/1.1" 200 4614 "-" "Mozilla/5.0 (Windows NT 10.0; Win64; x64)" 1.03
192.168.1.1 - - [12/Feb/2023:18:23:00] "GET /usr/checkout HTTP/1.1" 200 1894 "-" "Mozilla/5.0 (Macintosh; Intel Mac OS X 10_15_7)" 1.29
10.0.0.1 - - [05/Nov/2023:18:57:38] "PUT /usr/product HTTP/1.1" 200 5112 "-" "Mozilla/5.0 (Macintosh; Intel Mac OS X 10_15_7)" 1.22
192.168.1.1 - - [05/Feb/2022:22:45:57] "POST /usr/login HTTP/1.1" 200 1729 "-" "Mozilla/5.0 (Macintosh; Intel Mac OS X 10_15_7)" 1.95
192.168.1.1 - - [08/Aug/2022:15:56:45] "POST /usr/product HTTP/1.1" 404 4681 "-" "Mozilla/5.0 (Windows NT 10.0; Win64; x64)" 0.28
192.168.1.1 - - [30/Apr/2023:08:52:01] "DELETE /usr/login HTTP/1.1" 200 8227 "-" "Mozilla/5.0 (Macintosh; Intel Mac OS X 10_15_7)" 1.43
10.0.0.1 - - [03/Mar/2022:08:28:42] "POST /usr/login HTTP/1.1" 200 475 "-" "Mozilla/5.0 (Windows NT 10.0; Win64; x64)" 1.87
10.0.0.1 - - [08/Aug/2022:00:24:15] "PUT /usr/login HTTP/1.1" 200 3097 "-" "Mozilla/5.0 (Windows NT 10.0; Win64; x64)" 0.27
172.16.0.1 - - [07/Jan/2022:15:39:03] "GET /usr/product HTTP/1.1" 200 7309 "-" "Mozilla/5.0 (Windows NT 10.0; Win64; x64)" 0.69
172.16.0.1 - - [01/Nov/2022:10:02:16] "PUT /usr/cart HTTP/1.1" 200 2224 "-" "Mozilla/5.0 (Windows NT 10.0; Win64; x64)" 0.44
10.0.0.1 - - [11/Mar/2023:05:09:44] "GET /usr/product HTTP/1.1" 200 9323 "-" "Mozilla/5.0 (Windows NT 10.0; Win64; x64)" 0.91
10.0.0.1 - - [28/Oct/2023:22:19:51] "POST /usr/cart HTTP/1.1" 200 2278 "-" "Mozilla/5.0 (Windows NT 10.0; Win64; x64)" 1.37
10.0.0.1 - - [16/Jul/2022:00:31:25] "GET /usr/checkout HTTP/1.1" 200 9626 "-" "Mozilla/5.0 (Windows NT 10.0; Win64; x64)" 1.42
172.16.0.1 - - [05/Apr/2022:05:55:30] "DELETE /usr/cart HTTP/1.1" 200 9847 "-" "Mozilla/5.0 (Macintosh; Intel Mac OS X 10_15_7)" 1.64
192.168.1.1 - - [09/Jun/2022:22:05:08] "PUT /usr/product HTTP/1.1" 200 3171 "-" "Mozilla/5.0 (Macintosh; Intel Mac OS X 10_15_7)" 1.48
10.0.0.1 - - [24/Jul/2023:20:28:12] "PUT /usr/cart HTTP/1.1" 200 2147 "-" "Mozilla/5.0 (Macintosh; Intel Mac OS X 10_15_7)" 1.07
192.168.1.1 - - [24/May/2022:02:22:04] "PUT /usr/checkout HTTP/1.1" 200 1710 "-" "Mozilla/5.0 (Windows NT 10.0; Win64; x64)" 1.78
10.0.0.1 - - [26/Oct/2022:18:01:37] "PUT /usr/login HTTP/1.1" 200 2622 "-" "Mozilla/5.0 (Windows NT 10.0; Win64; x64)" 0.45
10.0.0.1 - - [23/Mar/2022:15:02:50] "DELETE /usr/product HTTP/1.1" 200 195 "-" "Mozilla/5.0 (Macintosh; Intel Mac OS X 10_15_7)" 1.81
172.16.0.1 - - [15/Feb/2023:10:41:58] "POST /usr/product HTTP/1.1" 200 9235 "-" "Mozilla/5.0 (Windows NT 10.0; Win64; x64)" 1.91
10.0.0.1 - - [02/Jan/2022:20:43:13] "POST /usr/product HTTP/1.1" 200 7246 "-" "Mozilla/5.0 (Macintosh; Intel Mac OS X 10_15_7)" 0.15
192.168.1.1 - - [20/Dec/2022:12:01:16] "POST /usr/login HTTP/1.1" 200 1728 "-" "Mozilla/5.0 (Windows NT 10.0; Win64; x64)" 0.76
172.16.0.1 - - [25/May/2022:14:51:59] "PUT /usr/login HTTP/1.1" 200 5106 "-" "Mozilla/5.0 (Macintosh; Intel Mac OS X 10_15_7)" 1.50
172.16.0.1 - - [25/Oct/2022:18:47:41] "POST /usr/checkout HTTP/1.1" 200 4894 "-" "Mozilla/5.0 (Windows NT 10.0; Win64; x64)" 1.22
10.0.0.1 - - [20/May/2022:13:16:52] "POST /usr/login HTTP/1.1" 200 3234 "-" "Mozilla/5.0 (Windows NT 10.0; Win64; x64)" 1.56
10.0.0.1 - - [17/Apr/2023:23:18:35] "PUT /usr/product HTTP/1.1" 200 9546 "-" "Mozilla/5.0 (Macintosh; Intel Mac OS X 10_15_7)" 0.77
192.168.1.1 - - [16/Jun/2022:11:07:34] "DELETE /usr/login HTTP/1.1" 200 4656 "-" "Mozilla/5.0 (Windows NT 10.0; Win64; x64)" 0.66
10.0.0.1 - - [02/Mar/2022:17:11:39] "DELETE /usr/checkout HTTP/1.1" 200 990 "-" "Mozilla/5.0 (Macintosh; Intel Mac OS X 10_15_7)" 0.53
192.168.1.1 - - [24/Jan/2022:10:25:06] "DELETE /usr/checkout HTTP/1.1" 200 1149 "-" "Mozilla/5.0 (Windows NT 10.0; Win64; x64)" 0.14
10.0.0.1 - - [07/Feb/2022:22:32:26] "POST /usr/cart HTTP/1.1" 200 3586 "-" "Mozilla/5.0 (Windows NT 10.0; Win64; x64)" 0.50
192.168.1.1 - - [30/Oct/2022:02:29:38] "PUT /usr/cart HTTP/1.1" 200 9166 "-" "Mozilla/5.0 (Macintosh; Intel Mac OS X 10_15_7)" 1.23
192.168.1.1 - - [23/May/2022:19:29:16] "POST /usr/checkout HTTP/1.1" 200 1430 "-" "Mozilla/5.0 (Windows NT 10.0; Win64; x64)" 0.36
10.0.0.1 - - [18/Aug/2023:20:01:47] "DELETE /usr/checkout HTTP/1.1" 200 5099 "-" "Mozilla/5.0 (Macintosh; Intel Mac OS X 10_15_7)" 0.11
172.16.0.1 - - [07/May/2022:15:23:21] "GET /usr/login HTTP/1.1" 200 1287 "-" "Mozilla/5.0 (Macintosh; Intel Mac OS X 10_15_7)" 0.93
192.168.1.1 - - [27/Feb/2022:09:37:08] "POST /usr/login HTTP/1.1" 200 3837 "-" "Mozilla/5.0 (Windows NT 10.0; Win64; x64)" 1.03
10.0.0.1 - - [17/Sep/2022:07:33:09] "POST /usr/cart HTTP/1.1" 200 2812 "-" "Mozilla/5.0 (Macintosh; Intel Mac OS X 10_15_7)" 0.68
10.0.0.1 - - [03/Aug/2023:04:26:12] "POST /usr/product HTTP/1.1" 200 3691 "-" "Mozilla/5.0 (Windows NT 10.0; Win64; x64)" 1.87
10.0.0.1 - - [11/Feb/2023:09:44:21] "DELETE /usr/login HTTP/1.1" 200 7265 "-" "Mozilla/5.0 (Windows NT 10.0; Win64; x64)" 1.94
172.16.0.1 - - [08/Aug/2023:17:16:54] "GET /usr/checkout HTTP/1.1" 200 1260 "-" "Mozilla/5.0 (Windows NT 10.0; Win64; x64)" 1.93
172.16.0.1 - - [18/Dec/2022:06:42:15] "GET /usr/cart HTTP/1.1" 200 5307 "-" "Mozilla/5.0 (Windows NT 10.0; Win64; x64)" 1.59
10.0.0.1 - - [02/Jul/2022:22:46:41] "GET /usr/product HTTP/1.1" 200 4190 "-" "Mozilla/5.0 (Windows NT 10.0; Win64; x64)" 0.88
10.0.0.1 - - [03/Jul/2023:14:51:21] "POST /usr/checkout HTTP/1.1" 200 4434 "-" "Mozilla/5.0 (Macintosh; Intel Mac OS X 10_15_7)" 1.47
10.0.0.1 - - [17/Aug/2022:16:35:21] "GET /usr/product HTTP/1.1" 200 5553 "-" "Mozilla/5.0 (Windows NT 10.0; Win64; x64)" 1.10
192.168.1.1 - - [18/Sep/2023:10:46:29] "POST /usr/checkout HTTP/1.1" 200 9852 "-" "Mozilla/5.0 (Windows NT 10.0; Win64; x64)" 0.90