192.168.1.1 - - [02/Oct/2022:15:12:23] "PUT /usr/login HTTP/1.1" 200 3009 "-" "Mozilla/5.0 (Macintosh; Intel Mac OS X 10_15_7)" 1.89
172.16.0.1 - - [04/Apr/2023:17:11:53] "POST /usr/product HTTP/1.1" 200 8994 "-" "Mozilla/5.0 (Windows NT 10.0; Win64; x64)" 1.97
192.168.1.1 - - [25/May/2022:14:43:40] "DELETE /usr/login HTTP/1.1" 200 8645 "-" "Mozilla/5.0 (Macintosh; Intel Mac OS X 10_15_7)" 0.26
10.0.0.1 - - [03/Sep/2023:01:46:32] "GET /usr/login HTTP/1.1" 200 9896 "-" "Mozilla/5.0 (Windows NT 10.0; Win64; x64)" 0.28
172.16.0.1 - - [23/Jan/2022:16:33:54] "PUT /usr/product HTTP/1.1" 200 2553 "-" "Mozilla/5.0 (Windows NT 10.0; Win64; x64)" 1.44
172.16.0.1 - - [01/Nov/2022:17:35:31] "PUT /usr/login HTTP/1.1" 200 8092 "-" "Mozilla/5.0 (Macintosh; Intel Mac OS X 10_15_7)" 1.54
192.168.1.1 - - [02/Jun/2022:11:00:34] "POST /usr/login HTTP/1.1" 200 3098 "-" "Mozilla/5.0 (Macintosh; Intel Mac OS X 10_15_7)" 1.67
172.16.0.1 - - [23/Feb/2022:20:51:40] "GET /usr/checkout HTTP/1.1" 200 6029 "-" "Mozilla/5.0 (Macintosh; Intel Mac OS X 10_15_7)" 1.05
192.168.1.1 - - [06/May/2023:13:41:17] "POST /usr/product HTTP/1.1" 200 7965 "-" "Mozilla/5.0 (Windows NT 10.0; Win64; x64)" 1.42
10.0.0.1 - - [28/Oct/2022:02:57:56] "DELETE /usr/product HTTP/1.1" 200 5451 "-" "Mozilla/5.0 (Macintosh; Intel Mac OS X 10_15_7)" 0.84
172.16.0.1 - - [14/Sep/2023:02:15:58] "DELETE /usr/product HTTP/1.1" 200 1029 "-" "Mozilla/5.0 (Macintosh; Intel Mac OS X 10_15_7)" 1.79
192.168.1.1 - - [08/Jul/2022:02:06:00] "POST /usr/login HTTP/1.1" 200 5671 "-" "Mozilla/5.0 (Windows NT 10.0; Win64; x64)" 0.51
10.0.0.1 - - [12/Oct/2022:20:25:40] "GET /usr/product HTTP/1.1" 200 4080 "-" "Mozilla/5.0 (Windows NT 10.0; Win64; x64)" 1.52
10.0.0.1 - - [01/Jun/2022:00:48:10] "GET /usr/login HTTP/1.1" 200 2964 "-" "Mozilla/5.0 (Windows NT 10.0; Win64; x64)" 1.71
10.0.0.1 - - [22/Mar/2023:10:45:23] "GET /usr/cart HTTP/1.1" 200 2566 "-" "Mozilla/5.0 (Windows NT 10.0; Win64; x64)" 1.66
172.16.0.1 - - [04/Dec/2023:05:18:32] "PUT /usr/cart HTTP/1.1" 200 7717 "-" "Mozilla/5.0 (Macintosh; Intel Mac OS X 10_15_7)" 1.23
192.168.1.1 - - [08/Sep/2023:14:41:01] "GET /usr/login HTTP/1.1" 200 2559 "-" "Mozilla/5.0 (Windows NT 10.0; Win64; x64)" 0.28
172.16.0.1 - - [21/Apr/2022:01:04:29] "POST /usr/login HTTP/1.1" 200 2343 "-" "Mozilla/5.0 (Windows NT 10.0; Win64; x64)" 1.66
192.168.1.1 - - [06/Jan/2023:22:52:13] "PUT /usr/product HTTP/1.1" 200 8095 "-" "Mozilla/5.0 (Macintosh; Intel Mac OS X 10_15_7)" 0.80
172.16.0.1 - - [11/Dec/2022:18:05:33] "POST /usr/cart HTTP/1.1" 200 6807 "-" "Mozilla/5.0 (Macintosh; Intel Mac OS X 10_15_7)" 1.07
192.168.1.1 - - [14/Feb/2022:15:44:30] "DELETE /usr/login HTTP/1.1" 200 3485 "-" "Mozilla/5.0 (Macintosh; Intel Mac OS X 10_15_7)" 0.89
10.0.0.1 - - [28/Oct/2022:04:07:38] "GET /usr/checkout HTTP/1.1" 200 3597 "-" "Mozilla/5.0 (Windows NT 10.0; Win64; x64)" 0.88
192.168.1.1 - - [29/Aug/2022:17:00:05] "GET /usr/cart HTTP/1.1" 200 6840 "-" "Mozilla/5.0 (Macintosh; Intel Mac OS X 10_15_7)" 1.35
10.0.0.1 - - [08/Jun/2023:14:32:04] "POST /usr/cart HTTP/1.1" 200 7467 "-" "Mozilla/5.0 (Macintosh; Intel Mac OS X 10_15_7)" 0.68
172.16.0.1 - - [13/Jun/2022:06:33:27] "POST /usr/login HTTP/1.1" 200 8398 "-" "Mozilla/5.0 (Macintosh; Intel Mac OS X 10_15_7)" 0.86
192.168.1.1 - - [23/Jun/2023:15:20:33] "DELETE /usr/login HTTP/1.1" 200 5764 "-" "Mozilla/5.0 (Windows NT 10.0; Win64; x64)" 0.76
10.0.0.1 - - [12/Apr/2023:16:23:15] "PUT /usr/product HTTP/1.1" 200 9452 "-" "Mozilla/5.0 (Macintosh; Intel Mac OS X 10_15_7)" 1.59
10.0.0.1 - - [16/May/2023:02:47:22] "PUT /usr/product HTTP/1.1" 200 2172 "-" "Mozilla/5.0 (Windows NT 10.0; Win64; x64)" 1.09
192.168.1.1 - - [22/Aug/2023:04:43:08] "GET /usr/cart HTTP/1.1" 200 2663 "-" "Mozilla/5.0 (Windows NT 10.0; Win64; x64)" 0.91
192.168.1.1 - - [26/Jan/2022:11:31:12] "GET /usr/login HTTP/1.1" 200 2810 "-" "Mozilla/5.0 (Windows NT 10.0; Win64; x64)" 1.99
192.168.1.1 - - [27/Sep/2023:13:58:16] "PUT /usr/product HTTP/1.1" 200 7012 "-" "Mozilla/5.0 (Macintosh; Intel Mac OS X 10_15_7)" 0.54
10.0.0.1 - - [12/Jul/2023:05:01:06] "DELETE /usr/login HTTP/1.1" 200 3697 "-" "Mozilla/5.0 (Windows NT 10.0; Win64; x64)" 1.65
172.16.0.1 - - [04/Dec/2022:09:32:02] "DELETE /usr/login HTTP/1.1" 200 7030 "-" "Mozilla/5.0 (Windows NT 10.0; Win64; x64)" 1.04
10.0.0.1 - - [23/Aug/2023:03:07:00] "GET /usr/login HTTP/1.1" 200 6697 "-" "Mozilla/5.0 (Windows NT 10.0; Win64; x64)" 1.60
10.0.0.1 - - [18/Jan/2023:10:59:12] "PUT /usr/checkout HTTP/1.1" 200 455 "-" "Mozilla/5.0 (Macintosh; Intel Mac OS X 10_15_7)" 0.76
10.0.0.1 - - [22/Feb/2022:00:11:17] "DELETE /usr/cart HTTP/1.1" 200 7928 "-" "Mozilla/5.0 (Windows NT 10.0; Win64; x64)" 1.09
10.0.0.1 - - [26/Dec/2022:06:12:58] "DELETE /usr/checkout HTTP/1.1" 200 1812 "-" "Mozilla/5.0 (Windows NT 10.0; Win64; x64)" 0.12
172.16.0.1 - - [09/Mar/2023:20:41:47] "POST /usr/login HTTP/1.1" 200 6259 "-" "Mozilla/5.0 (Macintosh; Intel Mac OS X 10_15_7)" 0.43
172.16.0.1 - - [15/May/2023:18:24:22] "PUT /usr/cart HTTP/1.1" 200 8372 "-" "Mozilla/5.0 (Windows NT 10.0; Win64; x64)" 1.23
172.16.0.1 - - [16/Apr/2022:12:33:31] "POST /usr/product HTTP/1.1" 200 8567 "-" "Mozilla/5.0 (Macintosh; Intel Mac OS X 10_15_7)" 1.94
192.168.1.1 - - [12/Jul/2022:16:05:59] "POST /usr/login HTTP/1.1" 200 1713 "-" "Mozilla/5.0 (Windows NT 10.0; Win64; x64)" 1.37
10.0.0.1 - - [02/Jul/2022:03:35:35] "DELETE /usr/product HTTP/1.1" 200 8170 "-" "Mozilla/5.0 (Macintosh; Intel Mac OS X 10_15_7)" 0.90
10.0.0.1 - - [26/Nov/2023:04:09:27] "GET /usr/product HTTP/1.1" 200 2348 "-" "Mozilla/5.0 (Windows NT 10.0; Win64; x64)" 1.85
172.16.0.1 - - [20/May/2023:01:41:01] "POST /usr/cart HTTP/1.1" 200 9290 "-" "Mozilla/5.0 (Macintosh; Intel Mac OS X 10_15_7)" 1.05
10.0.0.1 - - [06/May/2023:15:28:50] "GET /usr/checkout HTTP/1.1" 200 1212 "-" "Mozilla/5.0 (Macintosh; Intel Mac OS X 10_15_7)" 0.57
172.16.0.1 - - [09/Aug/2023:15:13:09] "DELETE /usr/product HTTP/1.1" 200 8019 "-" "Mozilla/5.0 (Macintosh; Intel Mac OS X 10_15_7)" 0.91
10.0.0.1 - - [03/Jul/2022:03:27:44] "DELETE /usr/product HTTP/1.1" 200 7948 "-" "Mozilla/5.0 (Macintosh; Intel Mac OS X 10_15_7)" 0.14
10.0.0.1 - - [11/Sep/2022:16:18:47] "DELETE /usr/cart HTTP/1.1" 200 5379 "-" "Mozilla/5.0 (Macintosh; Intel Mac OS X 10_15_7)" 1.90
192.168.1.1 - - [31/May/2022:19:34:56] "GET /usr/checkout HTTP/1.1" 200 1101 "-" "Mozilla/5.0 (Macintosh; Intel Mac OS X 10_15_7)" 0.44
192.168.1.1 - - [24/Aug/2023:22:41:25] "DELETE /usr/product HTTP/1.1" 200 6118 "-" "Mozilla/5.0 (Macintosh; Intel Mac OS X 10_15_7)" 0.59
10.0.0.1 - - [24/Mar/2023:00:28:14] "POST /usr/cart HTTP/1.1" 200 1940 "-" "Mozilla/5.0 (Windows NT 10.0; Win64; x64)" 1.03
192.168.1.1 - - [27/Aug/2023:00:10:23] "DELETE /usr/checkout HTTP/1.1" 200 3606 "-" "Mozilla/5.0 (Macintosh; Intel Mac OS X 10_15_7)" 0.60
10.0.0.1 - - [03/Nov/2022:01:17:18] "DELETE /usr/checkout HTTP/1.1" 500 6612 "-" "Mozilla/5.0 (Macintosh; Intel Mac OS X 10_15_7)" 0.31
10.0.0.1 - - [22/Jan/2022:15:30:58] "POST /usr/product HTTP/1.1" 200 3765 "-" "Mozilla/5.0 (Macintosh; Intel Mac OS X 10_15_7)" 1.16
172.16.0.1 - - [23/Jun/2023:13:10:20] "GET /usr/cart HTTP/1.1" 200 9179 "-" "Mozilla/5.0 (Macintosh; Intel Mac OS X 10_15_7)" 0.21
192.168.1.1 - - [21/Jul/2022:14:59:44] "PUT /usr/product HTTP/1.1" 200 9924 "-" "Mozilla/5.0 (Windows NT 10.0; Win64; x64)" 0.91
10.0.0.1 - - [11/Jul/2022:18:38:01] "PUT /usr/product HTTP/1.1" 200 9106 "-" "Mozilla/5.0 (Macintosh; Intel Mac OS X 10_15_7)" 0.88
10.0.0.1 - - [30/Jan/2023:07:27:28] "POST /usr/login HTTP/1.1" 200 126 "-" "Mozilla/5.0 (Macintosh; Intel Mac OS X 10_15_7)" 1.65
10.0.0.1 - - [25/Dec/2022:05:21:05] "POST /usr/checkout HTTP/1.1" 200 614 "-" "Mozilla/5.0 (Macintosh; Intel Mac OS X 10_15_7)" 0.58
192.168.1.1 - - [06/Dec/2022:08:11:01] "GET /usr/product HTTP/1.1" 200 3480 "-" "Mozilla/5.0 (Windows NT 10.0; Win64; x64)" 1.04
10.0.0.1 - - [21/May/2023:12:15:50] "PUT /usr/checkout HTTP/1.1" 200 9774 "-" "Mozilla/5.0 (Macintosh; Intel Mac OS X 10_15_7)" 0.50
172.16.0.1 - - [18/Jun/2022:21:06:46] "POST /usr/login HTTP/1.1" 200 6862 "-" "Mozilla/5.0 (Windows NT 10.0; Win64; x64)" 1.10
172.16.0.1 - - [05/Aug/2023:03:42:30] "DELETE /usr/cart HTTP/1.1" 200 3076 "-" "Mozilla/5.0 (Windows NT 10.0; Win64; x64)" 0.34
10.0.0.1 - - [07/Jan/2023:03:13:34] "DELETE /usr/product HTTP/1.1" 200 5164 "-" "Mozilla/5.0 (Windows NT 10.0; Win64; x64)" 0.83
192.168.1.1 - - [19/Jun/2023:20:09:47] "GET /usr/login HTTP/1.1" 200 3086 "-" "Mozilla/5.0 (Windows NT 10.0; Win64; x64)" 0.36
172.16.0.1 - - [22/Feb/2023:02:01:41] "DELETE /usr/cart HTTP/1.1" 200 1664 "-" "Mozilla/5.0 (Macintosh; Intel Mac OS X 10_15_7)" 0.16
10.0.0.1 - - [17/Jan/2023:04:26:24] "PUT /usr/product HTTP/1.1" 200 4852 "-" "Mozilla/5.0 (Macintosh; Intel Mac OS X 10_15_7)" 1.36
172.16.0.1 - - [04/Jun/2023:22:53:46] "DELETE /usr/login HTTP/1.1" 200 241 "-" "Mozilla/5.0 (Macintosh; Intel Mac OS X 10_15_7)" 1.88
10.0.0.1 - - [10/Sep/2022:07:12:52] "DELETE /usr/login HTTP/1.1" 200 3909 "-" "Mozilla/5.0 (Macintosh; Intel Mac OS X 10_15_7)" 0.75
172.16.0.1 - - [05/Feb/2023:05:14:51] "GET /usr/cart HTTP/1.1" 200 7151 "-" "Mozilla/5.0 (Macintosh; Intel Mac OS X 10_15_7)" 1.08
10.0.0.1 - - [19/Jan/2022:11:35:17] "DELETE /usr/login HTTP/1.1" 200 8097 "-" "Mozilla/5.0 (Macintosh; Intel Mac OS X 10_15_7)" 1.75
172.16.0.1 - - [16/Jul/2023:13:08:09] "DELETE /usr/product HTTP/1.1" 200 8135 "-" "Mozilla/5.0 (Macintosh; Intel Mac OS X 10_15_7)" 1.76
10.0.0.1 - - [24/Aug/2023:20:03:59] "POST /usr/login HTTP/1.1" 200 9798 "-" "Mozilla/5.0 (Windows NT 10.0; Win64; x64)" 0.21
192.168.1.1 - - [19/Nov/2022:09:09:19] "POST /usr/checkout HTTP/1.1" 200 7375 "-" "Mozilla/5.0 (Windows NT 10.0; Win64; x64)" 1.94
192.168.1.1 - - [11/Nov/2022:05:24:26] "GET /usr/login HTTP/1.1" 200 3965 "-" "Mozilla/5.0 (Windows NT 10.0; Win64; x64)" 1.16
192.168.1.1 - - [18/Jan/2023:01:49:50] "GET /usr/checkout HTTP/1.1" 200 1078 "-" "Mozilla/5.0 (Windows NT 10.0; Win64; x64)" 0.19
192.168.1.1 - - [09/Nov/2022:03:15:40] "POST /usr/login HTTP/1.1" 200 612 "-" "Mozilla/5.0 (Windows NT 10.0; Win64; x64)" 1.81
192.168.1.1 - - [31/Dec/2023:15:12:54] "PUT /usr/product HTTP/1.1" 200 8241 "-" "Mozilla/5.0 (Macintosh; Intel Mac OS X 10_15_7)" 1.53
192.168.1.1 - - [18/Sep/2022:08:29:22] "PUT /usr/login HTTP/1.1" 200 9233 "-" "Mozilla/5.0 (Windows NT 10.0; Win64; x64)" 1.47
192.168.1.1 - - [09/Jul/2022:05:35:58] "PUT /usr/cart HTTP/1.1" 200 4627 "-" "Mozilla/5.0 (Windows NT 10.0; Win64; x64)" 1.91
10.0.0.1 - - [07/Aug/2023:07:57:36] "POST /usr/login HTTP/1.1" 200 1008 "-" "Mozilla/5.0 (Macintosh; Intel Mac OS X 10_15_7)" 1.50
192.168.1.1 - - [24/Nov/2022:19:01:11] "POST /usr/cart HTTP/1.1" 200 3347 "-" "Mozilla/5.0 (Windows NT 10.0; Win64; x64)" 0.96
10.0.0.1 - - [04/Sep/2023:03:28:43] "PUT /usr/login HTTP/1.1" 200 1904 "-" "Mozilla/5.0 (Macintosh; Intel Mac OS X 10_15_7)" 1.76
172.16.0.1 - - [05/Feb/2022:14:14:35] "POST /usr/cart HTTP/1.1" 200 7398 "-" "Mozilla/5.0 (Windows NT 10.0; Win64; x64)" 1.23
10.0.0.1 - - [19/Apr/2022:01:37:04] "DELETE /usr/checkout HTTP/1.1" 200 1298 "-" "Mozilla/5.0 (Windows NT 10.0; Win64; x64)" 1.79
10.0.0.1 - - [12/Sep/2023:10:00:28] "POST /usr/login HTTP/1.1" 200 8382 "-" "Mozilla/5.0 (Windows NT 10.0; Win64; x64)" 0.80
192.168.1.1 - - [25/Feb/2022:20:14:31] "PUT /usr/cart HTTP/1.1" 200 5104 "-" "Mozilla/5.0 (Macintosh; Intel Mac OS X 10_15_7)" 0.86
172.16.0.1 - - [12/Jan/2022:08:21:40] "GET /usr/checkout HTTP/1.1" 200 1141 "-" "Mozilla/5.0 (Macintosh; Intel Mac OS X 10_15_7)" 1.10
172.16.0.1 - - [04/Nov/2022:11:07:31] "GET /usr/login HTTP/1.1" 200 7243 "-" "Mozilla/5.0 (Macintosh; Intel Mac OS X 10_15_7)" 0.84
192.168.1.1 - - [29/Jun/2023:20:05:49] "GET /usr/product HTTP/1.1" 200 5098 "-" "Mozilla/5.0 (Windows NT 10.0; Win64; x64)" 1.59
192.168.1.1 - - [28/Jul/2023:01:10:55] "GET /usr/checkout HTTP/1.1" 200 6835 "-" "Mozilla/5.0 (Windows NT 10.0; Win64; x64)" 1.47
192.168.1.1 - - [05/Sep/2023:17:56:54] "POST /usr/checkout HTTP/1.1" 200 8947 "-" "Mozilla/5.0 (Windows NT 10.0; Win64; x64)" 1.54
192.168.1.1 - - [06/Jan/2022:20:43:51] "POST /usr/checkout HTTP/1.1" 200 618 "-" "Mozilla/5.0 (Macintosh; Intel Mac OS X 10_15_7)" 1.61
192.168.1.1 - - [18/May/2022:20:52:44] "PUT /usr/checkout HTTP/1.1" 200 170 "-" "Mozilla/5.0 (Windows NT 10.0; Win64; x64)" 1.08
10.0.0.1 - - [23/Oct/2023:02:30:46] "POST /usr/login HTTP/1.1" 200 1824 "-" "Mozilla/5.0 (Windows NT 10.0; Win64; x64)" 1.38
172.16.0.1 - - [22/Jul/2022:09:31:48] "POST /usr/product HTTP/1.1" 200 7062 "-" "Mozilla/5.0 (Windows NT 10.0; Win64; x64)" 0.46
192.168.1.1 - - [27/Oct/2022:21:49:43] "DELETE /usr/cart HTTP/1.1" 200 557 "-" "Mozilla/5.0 (Macintosh; Intel Mac OS X 10_15_7)" 0.36
10.0.0.1 - - [12/May/2023:06:46:11] "POST /usr/product HTTP/1.1" 200 5008 "-" "Mozilla/5.0 (Windows NT 10.0; Win64; x64)" 0.50
10.0.0.1 - - [10/Sep/2022:18:52:20] "DELETE /usr/checkout HTTP/1.1" 200 4021 "-" "Mozilla/5.0 (Macintosh; Intel Mac OS X 10_15_7)" 1.18
172.16.0.1 - - [16/Dec/2023:05:32:41] "PUT /usr/cart HTTP/1.1" 200 8840 "-" "Mozilla/5.0 (Windows NT 10.0; Win64; x64)" 1.17
10.0.0.1 - - [23/Nov/2022:16:09:19] "PUT /usr/login HTTP/1.1" 200 8177 "-" "Mozilla/5.0 (Macintosh; Intel Mac OS X 10_15_7)" 0.93
10.0.0.1 - - [08/Apr/2022:15:22:22] "DELETE /usr/cart HTTP/1.1" 200 8341 "-" "Mozilla/5.0 (Macintosh; Intel Mac OS X 10_15_7)" 0.71
172.16.0.1 - - [28/Jan/2023:22:00:21] "DELETE /usr/login HTTP/1.1" 200 9153 "-" "Mozilla/5.0 (Macintosh; Intel Mac OS X 10_15_7)" 1.41
10.0.0.1 - - [27/Dec/2022:13:12:25] "PUT /usr/login HTTP/1.1" 200 140 "-" "Mozilla/5.0 (Macintosh; Intel Mac OS X 10_15_7)" 1.99
172.16.0.1 - - [09/Nov/2022:03:07:25] "DELETE /usr/product HTTP/1.1" 200 8498 "-" "Mozilla/5.0 (Macintosh; Intel Mac OS X 10_15_7)" 0.71
192.168.1.1 - - [03/Apr/2023:23:24:08] "DELETE /usr/cart HTTP/1.1" 200 9685 "-" "Mozilla/5.0 (Windows NT 10.0; Win64; x64)" 0.37
10.0.0.1 - - [04/Oct/2023:10:02:36] "PUT /usr/checkout HTTP/1.1" 200 4792 "-" "Mozilla/5.0 (Macintosh; Intel Mac OS X 10_15_7)" 2.00
172.16.0.1 - - [30/Apr/2023:00:15:17] "POST /usr/login HTTP/1.1" 200 3180 "-" "Mozilla/5.0 (Windows NT 10.0; Win64; x64)" 0.39
172.16.0.1 - - [05/Mar/2022:11:16:57] "POST /usr/product HTTP/1.1" 200 6542 "-" "Mozilla/5.0 (Windows NT 10.0; Win64; x64)" 0.57
192.168.1.1 - - [10/Jun/2022:02:08:18] "PUT /usr/login HTTP/1.1" 200 1292 "-" "Mozilla/5.0 (Windows NT 10.0; Win64; x64)" 1.63
172.16.0.1 - - [02/Oct/2022:21:47:41] "GET /usr/login HTTP/1.1" 200 7586 "-" "Mozilla/5.0 (Windows NT 10.0; Win64; x64)" 0.89
10.0.0.1 - - [14/Jun/2023:23:31:38] "PUT /usr/checkout HTTP/1.1" 200 1048 "-" "Mozilla/5.0 (Macintosh; Intel Mac OS X 10_15_7)" 0.25
10.0.0.1 - - [21/Oct/2022:15:59:07] "DELETE /usr/product HTTP/1.1" 200 6205 "-" "Mozilla/5.0 (Windows NT 10.0; Win64; x64)" 1.97
192.168.1.1 - - [05/Feb/2022:01:50:19] "GET /usr/login HTTP/1.1" 200 8821 "-" "Mozilla/5.0 (Macintosh; Intel Mac OS X 10_15_7)" 1.90
192.168.1.1 - - [07/Sep/2023:01:43:06] "PUT /usr/cart HTTP/1.1" 200 9407 "-" "Mozilla/5.0 (Macintosh; Intel Mac OS X 10_15_7)" 0.34
192.168.1.1 - - [17/Sep/2022:23:47:56] "DELETE /usr/login HTTP/1.1" 200 7536 "-" "Mozilla/5.0 (Macintosh; Intel Mac OS X 10_15_7)" 0.72
172.16.0.1 - - [20/Oct/2022:22:10:11] "GET /usr/cart HTTP/1.1" 200 643 "-" "Mozilla/5.0 (Windows NT 10.0; Win64; x64)" 1.94
192.168.1.1 - - [01/Feb/2022:02:07:00] "POST /usr/login HTTP/1.1" 200 1694 "-" "Mozilla/5.0 (Windows NT 10.0; Win64; x64)" 0.96
172.16.0.1 - - [23/Jun/2023:23:02:37] "DELETE /usr/product HTTP/1.1" 200 2677 "-" "Mozilla/5.0 (Macintosh; Intel Mac OS X 10_15_7)" 0.13
172.16.0.1 - - [02/Nov/2022:14:22:46] "PUT /usr/checkout HTTP/1.1" 200 1776 "-" "Mozilla/5.0 (Windows NT 10.0; Win64; x64)" 0.51
192.168.1.1 - - [09/Jun/2022:20:41:14] "GET /usr/login HTTP/1.1" 200 9817 "-" "Mozilla/5.0 (Macintosh; Intel Mac OS X 10_15_7)" 1.12
10.0.0.1 - - [12/Jun/2023:15:55:30] "DELETE /usr/checkout HTTP/1.1" 200 7583 "-" "Mozilla/5.0 (Windows NT 10.0; Win64; x64)" 1.05
10.0.0.1 - - [21/Jan/2022:10:03:43] "DELETE /usr/cart HTTP/1.1" 200 214 "-" "Mozilla/5.0 (Macintosh; Intel Mac OS X 10_15_7)" 1.28
192.168.1.1 - - [22/Dec/2023:15:33:47] "POST /usr/checkout HTTP/1.1" 200 1340 "-" "Mozilla/5.0 (Macintosh; Intel Mac OS X 10_15_7)" 1.04
172.16.0.1 - - [19/Jul/2022:20:59:02] "PUT /usr/cart HTTP/1.1" 200 7667 "-" "Mozilla/5.0 (Macintosh; Intel Mac OS X 10_15_7)" 0.61
192.168.1.1 - - [02/Jul/2022:11:35:37] "POST /usr/cart HTTP/1.1" 200 5515 "-" "Mozilla/5.0 (Windows NT 10.0; Win64; x64)" 1.12
192.168.1.1 - - [15/Apr/2022:20:15:14] "GET /usr/cart HTTP/1.1" 200 8727 "-" "Mozilla/5.0 (Macintosh; Intel Mac OS X 10_15_7)" 0.61
10.0.0.1 - - [18/Dec/2022:06:38:05] "DELETE /usr/login HTTP/1.1" 200 9636 "-" "Mozilla/5.0 (Windows NT 10.0; Win64; x64)" 1.40
192.168.1.1 - - [15/Jul/2022:13:27:18] "PUT /usr/checkout HTTP/1.1" 200 6188 "-" "Mozilla/5.0 (Windows NT 10.0; Win64; x64)" 0.42
192.168.1.1 - - [20/Mar/2023:12:44:19] "POST /usr/product HTTP/1.1" 200 5880 "-" "Mozilla/5.0 (Windows NT 10.0; Win64; x64)" 1.83
172.16.0.1 - - [26/May/2023:19:43:27] "POST /usr/cart HTTP/1.1" 200 1915 "-" "Mozilla/5.0 (Windows NT 10.0; Win64; x64)" 1.42
172.16.0.1 - - [27/Jul/2022:12:28:16] "GET /usr/cart HTTP/1.1" 200 5953 "-" "Mozilla/5.0 (Macintosh; Intel Mac OS X 10_15_7)" 1.56
172.16.0.1 - - [11/Mar/2022:23:53:11] "POST /usr/product HTTP/1.1" 200 3757 "-" "Mozilla/5.0 (Windows NT 10.0; Win64; x64)" 0.95
172.16.0.1 - - [06/Sep/2022:18:08:13] "DELETE /usr/checkout HTTP/1.1" 200 6445 "-" "Mozilla/5.0 (Windows NT 10.0; Win64; x64)" 1.07
192.168.1.1 - - [21/Dec/2022:04:47:37] "PUT /usr/product HTTP/1.1" 200 401 "-" "Mozilla/5.0 (Windows NT 10.0; Win64; x64)" 0.96
192.168.1.1 - - [21/Jun/2022:22:53:47] "PUT /usr/product HTTP/1.1" 200 1196 "-" "Mozilla/5.0 (Macintosh; Intel Mac OS X 10_15_7)" 0.86
192.168.1.1 - - [26/Feb/2022:00:48:44] "GET /usr/login HTTP/1.1" 200 8855 "-" "Mozilla/5.0 (Windows NT 10.0; Win64; x64)" 1.51
10.0.0.1 - - [24/Feb/2022:16:26:38] "GET /usr/checkout HTTP/1.1" 200 1263 "-" "Mozilla/5.0 (Windows NT 10.0; Win64; x64)" 0.77
10.0.0.1 - - [30/Aug/2022:08:37:15] "DELETE /usr/checkout HTTP/1.1" 200 3661 "-" "Mozilla/5.0 (Windows NT 10.0; Win64; x64)" 0.50
172.16.0.1 - - [09/May/2022:11:38:25] "GET /usr/cart HTTP/1.1" 200 9454 "-" "Mozilla/5.0 (Macintosh; Intel Mac OS X 10_15_7)" 1.80
172.16.0.1 - - [07/Aug/2022:03:25:42] "POST /usr/cart HTTP/1.1" 200 7785 "-" "Mozilla/5.0 (Windows NT 10.0; Win64; x64)" 0.11
10.0.0.1 - - [02/Aug/2022:03:24:58] "PUT /usr/login HTTP/1.1" 200 3378 "-" "Mozilla/5.0 (Macintosh; Intel Mac OS X 10_15_7)" 1.20
172.16.0.1 - - [07/Jan/2023:12:13:30] "PUT /usr/cart HTTP/1.1" 200 7719 "-" "Mozilla/5.0 (Macintosh; Intel Mac OS X 10_15_7)" 1.68
10.0.0.1 - - [25/Feb/2022:18:36:01] "DELETE /usr/checkout HTTP/1.1" 200 2853 "-" "Mozilla/5.0 (Windows NT 10.0; Win64; x64)" 0.65
172.16.0.1 - - [20/Apr/2023:20:27:58] "PUT /usr/login HTTP/1.1" 200 2750 "-" "Mozilla/5.0 (Windows NT 10.0; Win64; x64)" 1.02
10.0.0.1 - - [24/Jan/2023:13:50:47] "GET /usr/login HTTP/1.1" 200 7931 "-" "Mozilla/5.0 (Macintosh; Intel Mac OS X 10_15_7)" 1.69
192.168.1.1 - - [06/Aug/2022:00:47:20] "GET /usr/login HTTP/1.1" 200 5043 "-" "Mozilla/5.0 (Macintosh; Intel Mac OS X 10_15_7)" 1.45
192.168.1.1 - - [09/Jan/2023:06:57:00] "GET /usr/product HTTP/1.1" 200 7189 "-" "Mozilla/5.0 (Macintosh; Intel Mac OS X 10_15_7)" 0.33
10.0.0.1 - - [19/Oct/2023:11:51:48] "GET /usr/checkout HTTP/1.1" 200 4538 "-" "Mozilla/5.0 (Windows NT 10.0; Win64; x64)" 1.16
192.168.1.1 - - [13/Feb/2022:02:32:04] "DELETE /usr/product HTTP/1.1" 200 5412 "-" "Mozilla/5.0 (Windows NT 10.0; Win64; x64)" 0.91
172.16.0.1 - - [01/Jun/2022:02:17:33] "DELETE /usr/cart HTTP/1.1" 200 9111 "-" "Mozilla/5.0 (Macintosh; Intel Mac OS X 10_15_7)" 0.38
192.168.1.1 - - [14/May/2023:14:43:32] "PUT /usr/checkout HTTP/1.1" 200 5038 "-" "Mozilla/5.0 (Windows NT 10.0; Win64; x64)" 1.66
192.168.1.1 - - [13/Jan/2023:16:17:36] "GET /usr/checkout HTTP/1.1" 200 6009 "-" "Mozilla/5.0 (Windows NT 10.0; Win64; x64)" 1.46
10.0.0.1 - - [17/Apr/2023:09:34:33] "POST /usr/product HTTP/1.1" 200 8243 "-" "Mozilla/5.0 (Windows NT 10.0; Win64; x64)" 0.85
172.16.0.1 - - [11/Aug/2023:06:03:54] "GET /usr/product HTTP/1.1" 200 1074 "-" "Mozilla/5.0 (Windows NT 10.0; Win64; x64)" 1.24
172.16.0.1 - - [13/Jan/2022:09:40:10] "POST /usr/product HTTP/1.1" 200 4546 "-" "Mozilla/5.0 (Macintosh; Intel Mac OS X 10_15_7)" 1.70
172.16.0.1 - - [16/Mar/2023:18:25:09] "POST /usr/login HTTP/1.1" 200 4805 "-" "Mozilla/5.0 (Macintosh; Intel Mac OS X 10_15_7)" 0.62
10.0.0.1 - - [29/Mar/2022:06:04:56] "PUT /usr/checkout HTTP/1.1" 200 7980 "-" "Mozilla/5.0 (Windows NT 10.0; Win64; x64)" 0.63
172.16.0.1 - - [13/Sep/2022:17:51:27] "GET /usr/checkout HTTP/1.1" 200 876 "-" "Mozilla/5.0 (Macintosh; Intel Mac OS X 10_15_7)" 1.81
10.0.0.1 - - [25/Dec/2023:05:45:30] "DELETE /usr/checkout HTTP/1.1" 500 7199 "-" "Mozilla/5.0 (Macintosh; Intel Mac OS X 10_15_7)" 0.79
192.168.1.1 - - [23/Apr/2022:20:23:22] "PUT /usr/product HTTP/1.1" 200 8854 "-" "Mozilla/5.0 (Windows NT 10.0; Win64; x64)" 0.28
10.0.0.1 - - [30/Jan/2023:23:44:14] "GET /usr/checkout HTTP/1.1" 200 1069 "-" "Mozilla/5.0 (Macintosh; Intel Mac OS X 10_15_7)" 0.69
10.0.0.1 - - [31/Jan/2023:11:33:03] "DELETE /usr/login HTTP/1.1" 200 3957 "-" "Mozilla/5.0 (Windows NT 10.0; Win64; x64)" 0.86
10.0.0.1 - - [26/Aug/2022:03:55:38] "DELETE /usr/cart HTTP/1.1" 200 1718 "-" "Mozilla/5.0 (Windows NT 10.0; Win64; x64)" 1.84
10.0.0.1 - - [06/Sep/2023:01:40:28] "GET /usr/checkout HTTP/1.1" 200 994 "-" "Mozilla/5.0 (Macintosh; Intel Mac OS X 10_15_7)" 1.38
192.168.1.1 - - [09/Mar/2023:13:10:25] "DELETE /usr/checkout HTTP/1.1" 200 9268 "-" "Mozilla/5.0 (Macintosh; Intel Mac OS X 10_15_7)" 1.86
192.168.1.1 - - [12/Dec/2023:03:21:31] "PUT /usr/login HTTP/1.1" 200 4274 "-" "Mozilla/5.0 (Windows NT 10.0; Win64; x64)" 0.24
10.0.0.1 - - [25/Aug/2023:01:24:56] "POST /usr/product HTTP/1.1" 200 4516 "-" "Mozilla/5.0 (Windows NT 10.0; Win64; x64)" 0.78
10.0.0.1 - - [12/Jul/2022:15:29:42] "POST /usr/login HTTP/1.1" 200 2534 "-" "Mozilla/5.0 (Macintosh; Intel Mac OS X 10_15_7)" 0.61
172.16.0.1 - - [09/Jan/2022:01:12:41] "POST /usr/cart HTTP/1.1" 200 7154 "-" "Mozilla/5.0 (Windows NT 10.0; Win64; x64)" 1.14
10.0.0.1 - - [22/Mar/2022:15:01:31] "POST /usr/cart HTTP/1.1" 404 3864 "-" "Mozilla/5.0 (Macintosh; Intel Mac OS X 10_15_7)" 1.68
192.168.1.1 - - [24/May/2022:20:22:25] "GET /usr/login HTTP/1.1" 200 6489 "-" "Mozilla/5.0 (Macintosh; Intel Mac OS X 10_15_7)" 0.84
192.168.1.1 - - [31/May/2022:08:02:47] "DELETE /usr/checkout HTTP/1.1" 200 9551 "-" "Mozilla/5.0 (Windows NT 10.0; Win64; x64)" 1.47
172.16.0.1 - - [06/Feb/2022:23:12:30] "DELETE /usr/checkout HTTP/1.1" 200 3208 "-" "Mozilla/5.0 (Windows NT 10.0; Win64; x64)" 1.17
192.168.1.1 - - [04/Nov/2023:03:41:37] "GET /usr/cart HTTP/1.1" 200 6563 "-" "Mozilla/5.0 (Windows NT 10.0; Win64; x64)" 0.40
172.16.0.1 - - [11/Dec/2023:19:12:52] "POST /usr/cart HTTP/1.1" 200 1070 "-" "Mozilla/5.0 (Macintosh; Intel Mac OS X 10_15_7)" 0.45
10.0.0.1 - - [13/Mar/2022:03:52:13] "DELETE /usr/checkout HTTP/1.1" 200 5596 "-" "Mozilla/5.0 (Windows NT 10.0; Win64; x64)" 1.81
10.0.0.1 - - [11/Jun/2023:04:01:25] "POST /usr/login HTTP/1.1" 200 7906 "-" "Mozilla/5.0 (Macintosh; Intel Mac OS X 10_15_7)" 0.69
192.168.1.1 - - [18/May/2023:16:15:59] "POST /usr/product HTTP/1.1" 200 1263 "-" "Mozilla/5.0 (Macintosh; Intel Mac OS X 10_15_7)" 1.99
172.16.0.1 - - [19/Aug/2023:04:57:37] "GET /usr/cart HTTP/1.1" 200 5379 "-" "Mozilla/5.0 (Macintosh; Intel Mac OS X 10_15_7)" 1.92
10.0.0.1 - - [27/Mar/2023:03:33:07] "PUT /usr/checkout HTTP/1.1" 200 7116 "-" "Mozilla/5.0 (Macintosh; Intel Mac OS X 10_15_7)" 1.41
10.0.0.1 - - [09/Apr/2023:10:53:28] "GET /usr/cart HTTP/1.1" 200 5945 "-" "Mozilla/5.0 (Macintosh; Intel Mac OS X 10_15_7)" 0.50
10.0.0.1 - - [13/Jul/2022:22:17:20] "POST /usr/checkout HTTP/1.1" 200 371 "-" "Mozilla/5.0 (Macintosh; Intel Mac OS X 10_15_7)" 0.13
192.168.1.1 - - [14/Jul/2023:23:31:20] "DELETE /usr/checkout HTTP/1.1" 200 5994 "-" "Mozilla/5.0 (Windows NT 10.0; Win64; x64)" 1.84
172.16.0.1 - - [28/May/2023:00:51:11] "DELETE /usr/product HTTP/1.1" 200 9511 "-" "Mozilla/5.0 (Macintosh; Intel Mac OS X 10_15_7)" 1.06
10.0.0.1 - - [25/Sep/2022:19:08:21] "POST /usr/product HTTP/1.1" 200 9426 "-" "Mozilla/5.0 (Windows NT 10.0; Win64; x64)" 0.63
10.0.0.1 - - [30/Jan/2022:02:30:56] "POST /usr/checkout HTTP/1.1" 200 6050 "-" "Mozilla/5.0 (Macintosh; Intel Mac OS X 10_15_7)" 1.41
192.168.1.1 - - [07/Nov/2023:20:25:08] "POST /usr/checkout HTTP/1.1" 200 1270 "-" "Mozilla/5.0 (Windows NT 10.0; Win64; x64)" 1.33
172.16.0.1 - - [09/Apr/2023:09:05:45] "POST /usr/login HTTP/1.1" 200 8496 "-" "Mozilla/5.0 (Windows NT 10.0; Win64; x64)" 1.20
10.0.0.1 - - [16/Jan/2023:04:10:04] "PUT /usr/product HTTP/1.1" 200 6511 "-" "Mozilla/5.0 (Macintosh; Intel Mac OS X 10_15_7)" 0.66
10.0.0.1 - - [19/May/2023:02:03:13] "PUT /usr/product HTTP/1.1" 200 2391 "-" "Mozilla/5.0 (Macintosh; Intel Mac OS X 10_15_7)" 0.79
172.16.0.1 - - [04/Feb/2022:23:21:24] "DELETE /usr/product HTTP/1.1" 200 6379 "-" "Mozilla/5.0 (Macintosh; Intel Mac OS X 10_15_7)" 1.47
172.16.0.1 - - [06/Oct/2022:02:45:02] "GET /usr/cart HTTP/1.1" 200 8320 "-" "Mozilla/5.0 (Windows NT 10.0; Win64; x64)" 0.21
172.16.0.1 - - [18/Jan/2022:11:18:18] "POST /usr/login HTTP/1.1" 200 1772 "-" "Mozilla/5.0 (Macintosh; Intel Mac OS X 10_15_7)" 1.51
10.0.0.1 - - [31/Mar/2022:21:23:55] "PUT /usr/cart HTTP/1.1" 200 3325 "-" "Mozilla/5.0 (Windows NT 10.0; Win64; x64)" 0.31
172.16.0.1 - - [15/Sep/2022:06:25:52] "DELETE /usr/product HTTP/1.1" 200 6415 "-" "Mozilla/5.0 (Macintosh; Intel Mac OS X 10_15_7)" 1.22
172.16.0.1 - - [17/Jan/2022:16:26:18] "POST /usr/login HTTP/1.1" 200 6165 "-" "Mozilla/5.0 (Macintosh; Intel Mac OS X 10_15_7)" 0.88
172.16.0.1 - - [31/Mar/2023:17:55:01] "PUT /usr/login HTTP/1.1" 200 335 "-" "Mozilla/5.0 (Windows NT 10.0; Win64; x64)" 0.98
10.0.0.1 - - [06/Mar/2023:04:27:14] "GET /usr/product HTTP/1.1" 200 8987 "-" "Mozilla/5.0 (Macintosh; Intel Mac OS X 10_15_7)" 1.23
172.16.0.1 - - [23/Aug/2022:19:53:12] "PUT /usr/cart HTTP/1.1" 200 4662 "-" "Mozilla/5.0 (Macintosh; Intel Mac OS X 10_15_7)" 0.51
10.0.0.1 - - [01/Mar/2023:23:25:12] "DELETE /usr/cart HTTP/1.1" 200 7170 "-" "Mozilla/5.0 (Macintosh; Intel Mac OS X 10_15_7)" 0.69
172.16.0.1 - - [20/Apr/2022:17:13:23] "POST /usr/checkout HTTP/1.1" 200 4672 "-" "Mozilla/5.0 (Windows NT 10.0; Win64; x64)" 0.84
192.168.1.1 - - [29/Dec/2022:14:43:28] "POST /usr/product HTTP/1.1" 200 6258 "-" "Mozilla/5.0 (Windows NT 10.0; Win64; x64)" 0.53
10.0.0.1 - - [20/Oct/2022:14:06:21] "GET /usr/cart HTTP/1.1" 200 3608 "-" "Mozilla/5.0 (Windows NT 10.0; Win64; x64)" 0.19
10.0.0.1 - - [04/Mar/2022:00:57:35] "PUT /usr/checkout HTTP/1.1" 200 6910 "-" "Mozilla/5.0 (Macintosh; Intel Mac OS X 10_15_7)" 0.37
10.0.0.1 - - [29/Nov/2023:21:03:32] "GET /usr/checkout HTTP/1.1" 200 1380 "-" "Mozilla/5.0 (Macintosh; Intel Mac OS X 10_15_7)" 0.22
172.16.0.1 - - [18/Dec/2023:06:13:06] "PUT /usr/checkout HTTP/1.1" 200 6555 "-" "Mozilla/5.0 (Windows NT 10.0; Win64; x64)" 0.51
10.0.0.1 - - [15/Apr/2022:00:28:52] "DELETE /usr/checkout HTTP/1.1" 200 9464 "-" "Mozilla/5.0 (Macintosh; Intel Mac OS X 10_15_7)" 0.93
192.168.1.1 - - [26/Jan/2022:11:17:15] "POST /usr/product HTTP/1.1" 200 2483 "-" "Mozilla/5.0 (Macintosh; Intel Mac OS X 10_15_7)" 1.57
10.0.0.1 - - [29/Aug/2022:01:36:52] "PUT /usr/checkout HTTP/1.1" 200 5708 "-" "Mozilla/5.0 (Windows NT 10.0; Win64; x64)" 1.79
172.16.0.1 - - [20/Sep/2022:01:08:29] "PUT /usr/checkout HTTP/1.1" 200 8274 "-" "Mozilla/5.0 (Macintosh; Intel Mac OS X 10_15_7)" 1.25
172.16.0.1 - - [29/Apr/2022:04:47:59] "PUT /usr/cart HTTP/1.1" 200 5974 "-" "Mozilla/5.0 (Windows NT 10.0; Win64; x64)" 1.81
10.0.0.1 - - [10/Jul/2022:18:22:24] "POST /usr/cart HTTP/1.1" 200 1348 "-" "Mozilla/5.0 (Macintosh; Intel Mac OS X 10_15_7)" 0.78
172.16.0.1 - - [31/Jan/2022:01:44:00] "PUT /usr/cart HTTP/1.1" 200 669 "-" "Mozilla/5.0 (Windows NT 10.0; Win64; x64)" 0.81
172.16.0.1 - - [12/Mar/2023:20:51:05] "PUT /usr/login HTTP/1.1" 200 9733 "-" "Mozilla/5.0 (Windows NT 10.0; Win64; x64)" 0.68
192.168.1.1 - - [04/Aug/2022:01:39:32] "PUT /usr/checkout HTTP/1.1" 200 1526 "-" "Mozilla/5.0 (Macintosh; Intel Mac OS X 10_15_7)" 1.14
172.16.0.1 - - [05/Jul/2023:14:23:46] "DELETE /usr/product HTTP/1.1" 200 5141 "-" "Mozilla/5.0 (Macintosh; Intel Mac OS X 10_15_7)" 0.78
172.16.0.1 - - [13/Nov/2022:01:01:25] "PUT /usr/checkout HTTP/1.1" 200 9610 "-" "Mozilla/5.0 (Macintosh; Intel Mac OS X 10_15_7)" 1.87
192.168.1.1 - - [15/Apr/2023:10:31:40] "POST /usr/checkout HTTP/1.1" 200 637 "-" "Mozilla/5.0 (Windows NT 10.0; Win64; x64)" 1.24
172.16.0.1 - - [22/Nov/2022:21:04:44] "GET /usr/cart HTTP/1.1" 200 1851 "-" "Mozilla/5.0 (Macintosh; Intel Mac OS X 10_15_7)" 1.22
10.0.0.1 - - [12/Jun/2023:10:00:21] "POST /usr/product HTTP/1.1" 200 4468 "-" "Mozilla/5.0 (Windows NT 10.0; Win64; x64)" 1.38
172.16.0.1 - - [30/Oct/2023:13:18:44] "POST /usr/login HTTP/1.1" 200 2533 "-" "Mozilla/5.0 (Windows NT 10.0; Win64; x64)" 1.43
10.0.0.1 - - [05/Oct/2023:23:55:25] "GET /usr/login HTTP/1.1" 200 6204 "-" "Mozilla/5.0 (Macintosh; Intel Mac OS X 10_15_7)" 0.99
10.0.0.1 - - [22/Oct/2022:09:50:08] "PUT /usr/checkout HTTP/1.1" 200 7001 "-" "Mozilla/5.0 (Macintosh; Intel Mac OS X 10_15_7)" 1.46
192.168.1.1 - - [14/Sep/2023:00:28:55] "POST /usr/product HTTP/1.1" 200 6998 "-" "Mozilla/5.0 (Macintosh; Intel Mac OS X 10_15_7)" 1.20
192.168.1.1 - - [03/Dec/2023:22:08:34] "GET /usr/login HTTP/1.1" 200 1365 "-" "Mozilla/5.0 (Macintosh; Intel Mac OS X 10_15_7)" 1.82
192.168.1.1 - - [04/Oct/2022:19:17:40] "PUT /usr/login HTTP/1.1" 200 8022 "-" "Mozilla/5.0 (Macintosh; Intel Mac OS X 10_15_7)" 0.23
192.168.1.1 - - [21/Apr/2022:04:55:16] "DELETE /usr/checkout HTTP/1.1" 200 1336 "-" "Mozilla/5.0 (Macintosh; Intel Mac OS X 10_15_7)" 0.97
10.0.0.1 - - [10/Apr/2022:15:37:38] "POST /usr/product HTTP/1.1" 200 868 "-" "Mozilla/5.0 (Macintosh; Intel Mac OS X 10_15_7)" 1.15
192.168.1.1 - - [29/Aug/2023:06:45:11] "GET /usr/cart HTTP/1.1" 404 5157 "-" "Mozilla/5.0 (Macintosh; Intel Mac OS X 10_15_7)" 0.22
192.168.1.1 - - [30/Jun/2022:17:33:15] "GET /usr/checkout HTTP/1.1" 200 7243 "-" "Mozilla/5.0 (Windows NT 10.0; Win64; x64)" 0.79
192.168.1.1 - - [28/Oct/2023:04:46:30] "GET /usr/cart HTTP/1.1" 200 9377 "-" "Mozilla/5.0 (Macintosh; Intel Mac OS X 10_15_7)" 0.42
10.0.0.1 - - [15/Mar/2023:20:13:56] "PUT /usr/checkout HTTP/1.1" 200 4859 "-" "Mozilla/5.0 (Windows NT 10.0; Win64; x64)" 0.66
172.16.0.1 - - [29/Aug/2023:17:11:28] "POST /usr/product HTTP/1.1" 200 1828 "-" "Mozilla/5.0 (Windows NT 10.0; Win64; x64)" 0.31
172.16.0.1 - - [30/Mar/2022:07:55:18] "PUT /usr/product HTTP/1.1" 200 6134 "-" "Mozilla/5.0 (Macintosh; Intel Mac OS X 10_15_7)" 0.81
192.168.1.1 - - [15/Sep/2022:20:05:47] "DELETE /usr/cart HTTP/1.1" 200 7098 "-" "Mozilla/5.0 (Windows NT 10.0; Win64; x64)" 0.45
172.16.0.1 - - [06/Feb/2023:10:01:09] "GET /usr/checkout HTTP/1.1" 200 7822 "-" "Mozilla/5.0 (Macintosh; Intel Mac OS X 10_15_7)" 1.76
10.0.0.1 - - [30/Oct/2022:13:47:33] "DELETE /usr/product HTTP/1.1" 200 4673 "-" "Mozilla/5.0 (Macintosh; Intel Mac OS X 10_15_7)" 1.36
192.168.1.1 - - [23/Oct/2023:02:38:59] "GET /usr/checkout HTTP/1.1" 200 422 "-" "Mozilla/5.0 (Macintosh; Intel Mac OS X 10_15_7)" 1.76
192.168.1.1 - - [17/Apr/2022:22:27:24] "GET /usr/login HTTP/1.1" 200 2986 "-" "Mozilla/5.0 (Macintosh; Intel Mac OS X 10_15_7)" 1.79
192.168.1.1 - - [19/Nov/2023:05:17:23] "POST /usr/product HTTP/1.1" 200 447 "-" "Mozilla/5.0 (Macintosh; Intel Mac OS X 10_15_7)" 0.78
172.16.0.1 - - [28/Aug/2022:11:40:45] "GET /usr/cart HTTP/1.1" 200 7330 "-" "Mozilla/5.0 (Windows NT 10.0; Win64; x64)" 1.43
172.16.0.1 - - [25/Oct/2022:02:48:24] "POST /usr/cart HTTP/1.1" 200 6952 "-" "Mozilla/5.0 (Windows NT 10.0; Win64; x64)" 0.62
10.0.0.1 - - [19/Apr/2022:14:00:14] "PUT /usr/checkout HTTP/1.1" 200 2656 "-" "Mozilla/5.0 (Windows NT 10.0; Win64; x64)" 0.98
172.16.0.1 - - [02/Dec/2022:23:09:35] "PUT /usr/cart HTTP/1.1" 200 2747 "-" "Mozilla/5.0 (Macintosh; Intel Mac OS X 10_15_7)" 0.32
10.0.0.1 - - [26/Sep/2023:21:58:18] "GET /usr/product HTTP/1.1" 404 7086 "-" "Mozilla/5.0 (Macintosh; Intel Mac OS X 10_15_7)" 1.63
10.0.0.1 - - [15/May/2023:20:04:38] "PUT /usr/cart HTTP/1.1" 200 6661 "-" "Mozilla/5.0 (Windows NT 10.0; Win64; x64)" 1.37
10.0.0.1 - - [31/Aug/2022:05:14:50] "POST /usr/checkout HTTP/1.1" 200 3547 "-" "Mozilla/5.0 (Windows NT 10.0; Win64; x64)" 1.92
192.168.1.1 - - [29/Jan/2023:07:20:20] "GET /usr/checkout HTTP/1.1" 200 883 "-" "Mozilla/5.0 (Windows NT 10.0; Win64; x64)" 1.32
10.0.0.1 - - [08/May/2023:10:26:42] "DELETE /usr/cart HTTP/1.1" 200 7862 "-" "Mozilla/5.0 (Macintosh; Intel Mac OS X 10_15_7)" 0.54
192.168.1.1 - - [19/Oct/2023:01:21:42] "DELETE /usr/login HTTP/1.1" 200 3983 "-" "Mozilla/5.0 (Windows NT 10.0; Win64; x64)" 1.31
192.168.1.1 - - [14/Apr/2023:08:02:21] "DELETE /usr/product HTTP/1.1" 200 8045 "-" "Mozilla/5.0 (Windows NT 10.0; Win64; x64)" 1.73
172.16.0.1 - - [11/May/2023:15:42:31] "GET /usr/cart HTTP/1.1" 200 6757 "-" "Mozilla/5.0 (Windows NT 10.0; Win64; x64)" 0.50
10.0.0.1 - - [25/May/2023:08:12:56] "PUT /usr/product HTTP/1.1" 200 6476 "-" "Mozilla/5.0 (Macintosh; Intel Mac OS X 10_15_7)" 1.17
172.16.0.1 - - [10/Jun/2023:11:31:06] "PUT /usr/login HTTP/1.1" 200 1180 "-" "Mozilla/5.0 (Macintosh; Intel Mac OS X 10_15_7)" 0.29
192.168.1.1 - - [28/Jun/2023:11:57:08] "POST /usr/product HTTP/1.1" 200 1575 "-" "Mozilla/5.0 (Windows NT 10.0; Win64; x64)" 1.19
10.0.0.1 - - [20/Jan/2022:04:49:48] "DELETE /usr/product HTTP/1.1" 200 6627 "-" "Mozilla/5.0 (Windows NT 10.0; Win64; x64)" 0.18
10.0.0.1 - - [04/Nov/2022:18:57:12] "POST /usr/cart HTTP/1.1" 200 620 "-" "Mozilla/5.0 (Macintosh; Intel Mac OS X 10_15_7)" 0.50
192.168.1.1 - - [10/Mar/2023:22:02:23] "DELETE /usr/cart HTTP/1.1" 200 3931 "-" "Mozilla/5.0 (Windows NT 10.0; Win64; x64)" 1.98
172.16.0.1 - - [04/Sep/2023:16:38:04] "DELETE /usr/checkout HTTP/1.1" 200 679 "-" "Mozilla/5.0 (Macintosh; Intel Mac OS X 10_15_7)" 1.77
172.16.0.1 - - [01/Feb/2022:11:04:44] "GET /usr/product HTTP/1.1" 200 7003 "-" "Mozilla/5.0 (Windows NT 10.0; Win64; x64)" 0.77
172.16.0.1 - - [16/Dec/2023:02:39:36] "GET /usr/cart HTTP/1.1" 200 1941 "-" "Mozilla/5.0 (Windows NT 10.0; Win64; x64)" 0.52
10.0.0.1 - - [05/Jun/2022:00:19:55] "POST /usr/checkout HTTP/1.1" 200 4539 "-" "Mozilla/5.0 (Windows NT 10.0; Win64; x64)" 1.20
192.168.1.1 - - [19/Dec/2022:10:36:54] "DELETE /usr/product HTTP/1.1" 200 9088 "-" "Mozilla/5.0 (Macintosh; Intel Mac OS X 10_15_7)" 1.64
10.0.0.1 - - [09/Jul/2022:19:09:19] "PUT /usr/login HTTP/1.1" 200 142 "-" "Mozilla/5.0 (Macintosh; Intel Mac OS X 10_15_7)" 0.70
10.0.0.1 - - [31/Jul/2023:20:40:08] "DELETE /usr/login HTTP/1.1" 200 9212 "-" "Mozilla/5.0 (Windows NT 10.0; Win64; x64)" 0.86
192.168.1.1 - - [17/Aug/2022:10:38:48] "PUT /usr/checkout HTTP/1.1" 200 3869 "-" "Mozilla/5.0 (Macintosh; Intel Mac OS X 10_15_7)" 1.50
172.16.0.1 - - [29/Nov/2022:16:41:00] "PUT /usr/checkout HTTP/1.1" 200 5966 "-" "Mozilla/5.0 (Windows NT 10.0; Win64; x64)" 0.46
192.168.1.1 - - [23/Sep/2022:11:32:39] "DELETE /usr/cart HTTP/1.1" 200 7078 "-" "Mozilla/5.0 (Windows NT 10.0; Win64; x64)" 1.00
192.168.1.1 - - [13/Mar/2022:13:30:56] "POST /usr/login HTTP/1.1" 200 9727 "-" "Mozilla/5.0 (Windows NT 10.0; Win64; x64)" 1.76
172.16.0.1 - - [06/May/2022:01:19:02] "POST /usr/checkout HTTP/1.1" 200 6658 "-" "Mozilla/5.0 (Macintosh; Intel Mac OS X 10_15_7)" 0.75
172.16.0.1 - - [12/Dec/2023:07:02:27] "GET /usr/product HTTP/1.1" 200 4286 "-" "Mozilla/5.0 (Windows NT 10.0; Win64; x64)" 0.48
10.0.0.1 - - [01/Jun/2022:17:50:15] "PUT /usr/checkout HTTP/1.1" 200 7144 "-" "Mozilla/5.0 (Windows NT 10.0; Win64; x64)" 1.05
192.168.1.1 - - [22/Jul/2023:14:07:33] "POST /usr/product HTTP/1.1" 200 6248 "-" "Mozilla/5.0 (Windows NT 10.0; Win64; x64)" 1.97
192.168.1.1 - - [19/Dec/2023:04:54:40] "POST /usr/login HTTP/1.1" 200 7948 "-" "Mozilla/5.0 (Macintosh; Intel Mac OS X 10_15_7)" 0.12
10.0.0.1 - - [24/Jan/2023:05:25:37] "POST /usr/login HTTP/1.1" 200 6854 "-" "Mozilla/5.0 (Windows NT 10.0; Win64; x64)" 0.92
10.0.0.1 - - [20/May/2023:06:00:05] "POST /usr/login HTTP/1.1" 200 8227 "-" "Mozilla/5.0 (Windows NT 10.0; Win64; x64)" 1.57
10.0.0.1 - - [04/Jan/2022:16:44:02] "GET /usr/checkout HTTP/1.1" 200 5994 "-" "Mozilla/5.0 (Macintosh; Intel Mac OS X 10_15_7)" 1.94
10.0.0.1 - - [27/Feb/2023:17:13:51] "DELETE /usr/checkout HTTP/1.1" 200 1266 "-" "Mozilla/5.0 (Macintosh; Intel Mac OS X 10_15_7)" 1.63
10.0.0.1 - - [25/Jun/2022:10:11:55] "POST /usr/cart HTTP/1.1" 200 8062 "-" "Mozilla/5.0 (Macintosh; Intel Mac OS X 10_15_7)" 1.42
172.16.0.1 - - [28/Aug/2023:12:15:34] "GET /usr/cart HTTP/1.1" 200 4822 "-" "Mozilla/5.0 (Windows NT 10.0; Win64; x64)" 0.56
192.168.1.1 - - [17/Aug/2022:09:49:51] "PUT /usr/login HTTP/1.1" 200 7716 "-" "Mozilla/5.0 (Macintosh; Intel Mac OS X 10_15_7)" 1.18
172.16.0.1 - - [21/Oct/2023:03:05:56] "DELETE /usr/product HTTP/1.1" 200 3713 "-" "Mozilla/5.0 (Windows NT 10.0; Win64; x64)" 1.91
10.0.0.1 - - [09/May/2023:08:26:25] "PUT /usr/cart HTTP/1.1" 200 217 "-" "Mozilla/5.0 (Macintosh; Intel Mac OS X 10_15_7)" 0.90
192.168.1.1 - - [07/Nov/2022:19:39:08] "POST /usr/login HTTP/1.1" 200 2593 "-" "Mozilla/5.0 (Windows NT 10.0; Win64; x64)" 1.65
10.0.0.1 - - [28/Mar/2022:19:21:00] "PUT /usr/checkout HTTP/1.1" 200 8309 "-" "Mozilla/5.0 (Windows NT 10.0; Win64; x64)" 1.21
192.168.1.1 - - [15/Mar/2023:09:07:38] "GET /usr/cart HTTP/1.1" 200 7469 "-" "Mozilla/5.0 (Macintosh; Intel Mac OS X 10_15_7)" 1.65
172.16.0.1 - - [09/May/2023:07:12:15] "DELETE /usr/login HTTP/1.1" 200 2474 "-" "Mozilla/5.0 (Macintosh; Intel Mac OS X 10_15_7)" 1.60
192.168.1.1 - - [19/Feb/2022:07:50:37] "POST /usr/checkout HTTP/1.1" 200 2484 "-" "Mozilla/5.0 (Macintosh; Intel Mac OS X 10_15_7)" 0.16
192.168.1.1 - - [27/Nov/2023:08:05:24] "PUT /usr/product HTTP/1.1" 200 5269 "-" "Mozilla/5.0 (Windows NT 10.0; Win64; x64)" 1.06
192.168.1.1 - - [27/Dec/2022:21:15:36] "PUT /usr/login HTTP/1.1" 200 2658 "-" "Mozilla/5.0 (Windows NT 10.0; Win64; x64)" 0.14
10.0.0.1 - - [29/Sep/2023:03:24:27] "POST /usr/cart HTTP/1.1" 200 6125 "-" "Mozilla/5.0 (Macintosh; Intel Mac OS X 10_15_7)" 0.35
10.0.0.1 - - [29/Apr/2023:06:14:25] "PUT /usr/cart HTTP/1.1" 200 5150 "-" "Mozilla/5.0 (Windows NT 10.0; Win64; x64)" 1.82
192.168.1.1 - - [20/Feb/2022:14:47:36] "POST /usr/checkout HTTP/1.1" 200 4494 "-" "Mozilla/5.0 (Macintosh; Intel Mac OS X 10_15_7)" 1.72
172.16.0.1 - - [11/Mar/2023:05:38:54] "PUT /usr/checkout HTTP/1.1" 200 2599 "-" "Mozilla/5.0 (Windows NT 10.0; Win64; x64)" 0.78
10.0.0.1 - - [13/May/2022:03:28:44] "POST /usr/product HTTP/1.1" 200 9795 "-" "Mozilla/5.0 (Windows NT 10.0; Win64; x64)" 0.12
172.16.0.1 - - [13/Sep/2022:04:49:24] "DELETE /usr/login HTTP/1.1" 200 8516 "-" "Mozilla/5.0 (Macintosh; Intel Mac OS X 10_15_7)" 0.13
192.168.1.1 - - [27/May/2023:04:40:37] "PUT /usr/login HTTP/1.1" 200 7301 "-" "Mozilla/5.0 (Windows NT 10.0; Win64; x64)" 0.86
192.168.1.1 - - [15/Oct/2023:17:23:11] "POST /usr/login HTTP/1.1" 200 8041 "-" "Mozilla/5.0 (Macintosh; Intel Mac OS X 10_15_7)" 0.96
192.168.1.1 - - [02/Apr/2023:08:09:54] "GET /usr/cart HTTP/1.1" 200 5458 "-" "Mozilla/5.0 (Macintosh; Intel Mac OS X 10_15_7)" 0.17
192.168.1.1 - - [30/Jul/2023:10:34:55] "POST /usr/cart HTTP/1.1" 200 2406 "-" "Mozilla/5.0 (Macintosh; Intel Mac OS X 10_15_7)" 1.56
172.16.0.1 - - [10/Feb/2022:13:54:21] "DELETE /usr/login HTTP/1.1" 200 4661 "-" "Mozilla/5.0 (Macintosh; Intel Mac OS X 10_15_7)" 1.46
10.0.0.1 - - [01/Sep/2023:04:04:49] "POST /usr/login HTTP/1.1" 200 387 "-" "Mozilla/5.0 (Windows NT 10.0; Win64; x64)" 0.47
10.0.0.1 - - [20/Oct/2023:20:58:12] "PUT /usr/product HTTP/1.1" 200 9414 "-" "Mozilla/5.0 (Windows NT 10.0; Win64; x64)" 1.24
172.16.0.1 - - [27/Nov/2023:19:30:50] "PUT /usr/login HTTP/1.1" 200 280 "-" "Mozilla/5.0 (Windows NT 10.0; Win64; x64)" 0.25
10.0.0.1 - - [29/Jul/2023:12:54:42] "DELETE /usr/login HTTP/1.1" 200 7470 "-" "Mozilla/5.0 (Windows NT 10.0; Win64; x64)" 0.57
10.0.0.1 - - [19/Mar/2022:00:49:19] "GET /usr/cart HTTP/1.1" 200 5615 "-" "Mozilla/5.0 (Macintosh; Intel Mac OS X 10_15_7)" 1.35
192.168.1.1 - - [30/Jul/2022:02:11:32] "PUT /usr/product HTTP/1.1" 200 1678 "-" "Mozilla/5.0 (Macintosh; Intel Mac OS X 10_15_7)" 0.37
172.16.0.1 - - [04/Oct/2022:08:40:08] "PUT /usr/product HTTP/1.1" 200 4111 "-" "Mozilla/5.0 (Windows NT 10.0; Win64; x64)" 1.44
192.168.1.1 - - [25/May/2022:01:18:44] "PUT /usr/login HTTP/1.1" 200 2288 "-" "Mozilla/5.0 (Macintosh; Intel Mac OS X 10_15_7)" 0.17
192.168.1.1 - - [31/Dec/2023:11:29:46] "POST /usr/product HTTP/1.1" 200 3804 "-" "Mozilla/5.0 (Windows NT 10.0; Win64; x64)" 0.75
172.16.0.1 - - [01/Apr/2023:02:21:27] "PUT /usr/login HTTP/1.1" 200 4052 "-" "Mozilla/5.0 (Windows NT 10.0; Win64; x64)" 0.51
192.168.1.1 - - [31/May/2023:21:03:22] "GET /usr/checkout HTTP/1.1" 200 451 "-" "Mozilla/5.0 (Windows NT 10.0; Win64; x64)" 1.05
10.0.0.1 - - [24/Oct/2023:09:06:51] "GET /usr/product HTTP/1.1" 200 9265 "-" "Mozilla/5.0 (Windows NT 10.0; Win64; x64)" 0.62
192.168.1.1 - - [11/May/2022:23:29:58] "GET /usr/checkout HTTP/1.1" 200 8870 "-" "Mozilla/5.0 (Windows NT 10.0; Win64; x64)" 0.72
192.168.1.1 - - [26/Apr/2023:07:05:40] "DELETE /usr/cart HTTP/1.1" 200 483 "-" "Mozilla/5.0 (Macintosh; Intel Mac OS X 10_15_7)" 0.12
172.16.0.1 - - [09/Aug/2023:14:08:39] "DELETE /usr/checkout HTTP/1.1" 200 301 "-" "Mozilla/5.0 (Macintosh; Intel Mac OS X 10_15_7)" 1.37
10.0.0.1 - - [20/Jul/2023:06:00:11] "PUT /usr/checkout HTTP/1.1" 200 6248 "-" "Mozilla/5.0 (Macintosh; Intel Mac OS X 10_15_7)" 0.59
10.0.0.1 - - [11/Aug/2022:12:05:54] "PUT /usr/login HTTP/1.1" 200 1690 "-" "Mozilla/5.0 (Macintosh; Intel Mac OS X 10_15_7)" 0.75
10.0.0.1 - - [19/Jan/2023:02:22:23] "PUT /usr/product HTTP/1.1" 200 1381 "-" "Mozilla/5.0 (Macintosh; Intel Mac OS X 10_15_7)" 1.89
172.16.0.1 - - [19/Oct/2023:17:58:23] "PUT /usr/product HTTP/1.1" 200 9628 "-" "Mozilla/5.0 (Macintosh; Intel Mac OS X 10_15_7)" 0.36
10.0.0.1 - - [14/Jul/2023:15:19:56] "GET /usr/checkout HTTP/1.1" 200 9285 "-" "Mozilla/5.0 (Windows NT 10.0; Win64; x64)" 0.75
172.16.0.1 - - [25/Aug/2022:04:03:32] "POST /usr/login HTTP/1.1" 200 8425 "-" "Mozilla/5.0 (Macintosh; Intel Mac OS X 10_15_7)" 0.39
192.168.1.1 - - [08/Jul/2022:15:04:34] "DELETE /usr/checkout HTTP/1.1" 200 4293 "-" "Mozilla/5.0 (Macintosh; Intel Mac OS X 10_15_7)" 1.68
172.16.0.1 - - [17/Jun/2023:00:36:03] "PUT /usr/login HTTP/1.1" 200 6789 "-" "Mozilla/5.0 (Windows NT 10.0; Win64; x64)" 1.46
172.16.0.1 - - [31/May/2022:22:28:05] "PUT /usr/login HTTP/1.1" 200 513 "-" "Mozilla/5.0 (Macintosh; Intel Mac OS X 10_15_7)" 1.62
172.16.0.1 - - [18/Dec/2022:20:45:20] "DELETE /usr/login HTTP/1.1" 200 1093 "-" "Mozilla/5.0 (Macintosh; Intel Mac OS X 10_15_7)" 1.23
10.0.0.1 - - [09/Nov/2023:15:59:00] "POST /usr/login HTTP/1.1" 200 4370 "-" "Mozilla/5.0 (Macintosh; Intel Mac OS X 10_15_7)" 1.45
192.168.1.1 - - [18/Aug/2022:10:50:33] "PUT /usr/product HTTP/1.1" 200 5980 "-" "Mozilla/5.0 (Windows NT 10.0; Win64; x64)" 1.42
192.168.1.1 - - [22/May/2023:17:56:23] "DELETE /usr/checkout HTTP/1.1" 200 676 "-" "Mozilla/5.0 (Macintosh; Intel Mac OS X 10_15_7)" 0.68
192.168.1.1 - - [07/Jun/2022:05:33:00] "DELETE /usr/checkout HTTP/1.1" 200 1829 "-" "Mozilla/5.0 (Windows NT 10.0; Win64; x64)" 0.24
10.0.0.1 - - [10/Jul/2022:13:43:05] "GET /usr/login HTTP/1.1" 200 9381 "-" "Mozilla/5.0 (Windows NT 10.0; Win64; x64)" 0.52
172.16.0.1 - - [28/Nov/2023:17:58:54] "PUT /usr/login HTTP/1.1" 200 348 "-" "Mozilla/5.0 (Windows NT 10.0; Win64; x64)" 1.62
192.168.1.1 - - [27/Jul/2022:18:50:32] "POST /usr/product HTTP/1.1" 200 4287 "-" "Mozilla/5.0 (Windows NT 10.0; Win64; x64)" 1.56
172.16.0.1 - - [04/Sep/2022:19:04:18] "GET /usr/login HTTP/1.1" 200 3590 "-" "Mozilla/5.0 (Macintosh; Intel Mac OS X 10_15_7)" 0.15
192.168.1.1 - - [20/Jan/2023:04:09:03] "GET /usr/product HTTP/1.1" 200 3229 "-" "Mozilla/5.0 (Windows NT 10.0; Win64; x64)" 0.52
192.168.1.1 - - [06/Dec/2022:14:21:49] "GET /usr/product HTTP/1.1" 200 6661 "-" "Mozilla/5.0 (Windows NT 10.0; Win64; x64)" 1.75
172.16.0.1 - - [06/Oct/2022:00:22:58] "PUT /usr/checkout HTTP/1.1" 200 4797 "-" "Mozilla/5.0 (Macintosh; Intel Mac OS X 10_15_7)" 1.40
172.16.0.1 - - [19/Aug/2023:12:51:33] "DELETE /usr/checkout HTTP/1.1" 200 6293 "-" "Mozilla/5.0 (Windows NT 10.0; Win64; x64)" 0.71
10.0.0.1 - - [19/Feb/2023:20:17:07] "GET /usr/checkout HTTP/1.1" 200 6069 "-" "Mozilla/5.0 (Macintosh; Intel Mac OS X 10_15_7)" 1.69
10.0.0.1 - - [20/Mar/2023:00:35:26] "POST /usr/checkout HTTP/1.1" 200 6859 "-" "Mozilla/5.0 (Macintosh; Intel Mac OS X 10_15_7)" 1.08
192.168.1.1 - - [10/Sep/2023:09:56:11] "GET /usr/cart HTTP/1.1" 200 818 "-" "Mozilla/5.0 (Windows NT 10.0; Win64; x64)" 0.19
172.16.0.1 - - [08/May/2023:10:26:19] "PUT /usr/checkout HTTP/1.1" 200 4585 "-" "Mozilla/5.0 (Windows NT 10.0; Win64; x64)" 1.57
10.0.0.1 - - [29/Dec/2022:21:15:49] "GET /usr/cart HTTP/1.1" 200 9674 "-" "Mozilla/5.0 (Macintosh; Intel Mac OS X 10_15_7)" 1.66
192.168.1.1 - - [24/Aug/2023:22:09:09] "POST /usr/cart HTTP/1.1" 200 779 "-" "Mozilla/5.0 (Macintosh; Intel Mac OS X 10_15_7)" 0.29
10.0.0.1 - - [06/Aug/2023:21:08:24] "GET /usr/cart HTTP/1.1" 200 4123 "-" "Mozilla/5.0 (Macintosh; Intel Mac OS X 10_15_7)" 1.21
192.168.1.1 - - [06/Jun/2023:02:54:43] "GET /usr/checkout HTTP/1.1" 200 1224 "-" "Mozilla/5.0 (Macintosh; Intel Mac OS X 10_15_7)" 1.63
172.16.0.1 - - [08/Nov/2023:01:16:15] "POST /usr/login HTTP/1.1" 200 9177 "-" "Mozilla/5.0 (Windows NT 10.0; Win64; x64)" 0.57
172.16.0.1 - - [29/Jun/2022:15:30:16] "PUT /usr/login HTTP/1.1" 200 6319 "-" "Mozilla/5.0 (Macintosh; Intel Mac OS X 10_15_7)" 1.85
10.0.0.1 - - [15/Feb/2022:17:53:41] "GET /usr/login HTTP/1.1" 200 3925 "-" "Mozilla/5.0 (Macintosh; Intel Mac OS X 10_15_7)" 0.68
192.168.1.1 - - [01/Sep/2023:21:13:43] "DELETE /usr/checkout HTTP/1.1" 200 887 "-" "Mozilla/5.0 (Windows NT 10.0; Win64; x64)" 1.80
192.168.1.1 - - [05/Apr/2023:11:10:40] "DELETE /usr/login HTTP/1.1" 200 2751 "-" "Mozilla/5.0 (Macintosh; Intel Mac OS X 10_15_7)" 0.94
192.168.1.1 - - [15/Jul/2022:05:21:59] "DELETE /usr/cart HTTP/1.1" 200 1461 "-" "Mozilla/5.0 (Windows NT 10.0; Win64; x64)" 1.23
172.16.0.1 - - [30/Jun/2022:09:10:21] "PUT /usr/product HTTP/1.1" 200 171 "-" "Mozilla/5.0 (Macintosh; Intel Mac OS X 10_15_7)" 1.20
172.16.0.1 - - [13/Nov/2022:19:40:32] "GET /usr/checkout HTTP/1.1" 200 9010 "-" "Mozilla/5.0 (Windows NT 10.0; Win64; x64)" 0.72
172.16.0.1 - - [05/Mar/2022:19:42:41] "PUT /usr/cart HTTP/1.1" 200 5701 "-" "Mozilla/5.0 (Windows NT 10.0; Win64; x64)" 2.00
10.0.0.1 - - [31/May/2023:00:37:28] "PUT /usr/cart HTTP/1.1" 200 1193 "-" "Mozilla/5.0 (Windows NT 10.0; Win64; x64)" 1.03
10.0.0.1 - - [02/Mar/2022:11:55:59] "POST /usr/cart HTTP/1.1" 200 8986 "-" "Mozilla/5.0 (Macintosh; Intel Mac OS X 10_15_7)" 0.27
172.16.0.1 - - [19/Mar/2023:03:23:40] "DELETE /usr/checkout HTTP/1.1" 200 9299 "-" "Mozilla/5.0 (Macintosh; Intel Mac OS X 10_15_7)" 1.61
10.0.0.1 - - [06/Apr/2023:08:37:02] "GET /usr/cart HTTP/1.1" 200 4808 "-" "Mozilla/5.0 (Windows NT 10.0; Win64; x64)" 0.79
10.0.0.1 - - [01/Oct/2023:17:13:25] "POST /usr/cart HTTP/1.1" 200 8321 "-" "Mozilla/5.0 (Windows NT 10.0; Win64; x64)" 1.04
172.16.0.1 - - [25/Feb/2022:10:47:41] "PUT /usr/cart HTTP/1.1" 200 4049 "-" "Mozilla/5.0 (Macintosh; Intel Mac OS X 10_15_7)" 0.15
192.168.1.1 - - [11/Dec/2023:12:45:02] "POST /usr/product HTTP/1.1" 200 4090 "-" "Mozilla/5.0 (Macintosh; Intel Mac OS X 10_15_7)" 0.40
10.0.0.1 - - [11/Oct/2022:17:36:46] "DELETE /usr/login HTTP/1.1" 200 7052 "-" "Mozilla/5.0 (Macintosh; Intel Mac OS X 10_15_7)" 1.80
10.0.0.1 - - [04/Dec/2023:06:49:13] "GET /usr/cart HTTP/1.1" 200 5658 "-" "Mozilla/5.0 (Windows NT 10.0; Win64; x64)" 1.66
10.0.0.1 - - [30/Oct/2023:12:02:06] "PUT /usr/login HTTP/1.1" 200 3047 "-" "Mozilla/5.0 (Windows NT 10.0; Win64; x64)" 0.55
10.0.0.1 - - [19/Apr/2022:21:07:31] "PUT /usr/checkout HTTP/1.1" 200 9645 "-" "Mozilla/5.0 (Macintosh; Intel Mac OS X 10_15_7)" 1.06
172.16.0.1 - - [05/Feb/2022:16:09:33] "POST /usr/product HTTP/1.1" 200 628 "-" "Mozilla/5.0 (Macintosh; Intel Mac OS X 10_15_7)" 1.54
192.168.1.1 - - [29/Oct/2022:11:28:42] "GET /usr/login HTTP/1.1" 200 6357 "-" "Mozilla/5.0 (Windows NT 10.0; Win64; x64)" 0.71
192.168.1.1 - - [10/May/2022:13:55:46] "DELETE /usr/login HTTP/1.1" 200 9884 "-" "Mozilla/5.0 (Macintosh; Intel Mac OS X 10_15_7)" 0.22
172.16.0.1 - - [02/Mar/2022:20:40:12] "GET /usr/cart HTTP/1.1" 200 1576 "-" "Mozilla/5.0 (Macintosh; Intel Mac OS X 10_15_7)" 0.24
10.0.0.1 - - [11/Jul/2023:15:27:39] "PUT /usr/cart HTTP/1.1" 200 7018 "-" "Mozilla/5.0 (Macintosh; Intel Mac OS X 10_15_7)" 1.23
172.16.0.1 - - [28/Apr/2023:08:54:31] "POST /usr/cart HTTP/1.1" 200 1440 "-" "Mozilla/5.0 (Macintosh; Intel Mac OS X 10_15_7)" 0.43
172.16.0.1 - - [08/Mar/2022:00:52:45] "POST /usr/checkout HTTP/1.1" 200 846 "-" "Mozilla/5.0 (Windows NT 10.0; Win64; x64)" 0.64
10.0.0.1 - - [07/Jan/2023:16:42:14] "DELETE /usr/product HTTP/1.1" 200 4960 "-" "Mozilla/5.0 (Windows NT 10.0; Win64; x64)" 1.11
192.168.1.1 - - [24/Jun/2023:15:48:01] "DELETE /usr/checkout HTTP/1.1" 200 614 "-" "Mozilla/5.0 (Macintosh; Intel Mac OS X 10_15_7)" 0.90
192.168.1.1 - - [17/Jan/2023:18:53:54] "PUT /usr/checkout HTTP/1.1" 200 963 "-" "Mozilla/5.0 (Windows NT 10.0; Win64; x64)" 0.13
172.16.0.1 - - [06/Dec/2022:09:13:04] "DELETE /usr/cart HTTP/1.1" 200 9613 "-" "Mozilla/5.0 (Macintosh; Intel Mac OS X 10_15_7)" 0.88
192.168.1.1 - - [26/Jan/2022:10:10:36] "DELETE /usr/checkout HTTP/1.1" 200 5930 "-" "Mozilla/5.0 (Windows NT 10.0; Win64; x64)" 1.01
10.0.0.1 - - [19/Jan/2023:05:25:58] "GET /usr/cart HTTP/1.1" 200 5757 "-" "Mozilla/5.0 (Windows NT 10.0; Win64; x64)" 1.62
10.0.0.1 - - [21/Sep/2023:23:30:47] "POST /usr/checkout HTTP/1.1" 200 9806 "-" "Mozilla/5.0 (Windows NT 10.0; Win64; x64)" 0.35
10.0.0.1 - - [07/Apr/2022:21:27:06] "POST /usr/product HTTP/1.1" 200 9279 "-" "Mozilla/5.0 (Macintosh; Intel Mac OS X 10_15_7)" 1.74
