10.0.0.1 - - [31/Aug/2023:19:19:03] "POST /usr/login HTTP/1.1" 200 3524 "-" "Mozilla/5.0 (Windows NT 10.0; Win64; x64)" 1.95
172.16.0.1 - - [06/Oct/2022:09:46:26] "GET /usr/login HTTP/1.1" 200 3553 "-" "Mozilla/5.0 (Macintosh; Intel Mac OS X 10_15_7)" 1.65
172.16.0.1 - - [26/Nov/2022:05:33:26] "PUT /usr/checkout HTTP/1.1" 200 6045 "-" "Mozilla/5.0 (Macintosh; Intel Mac OS X 10_15_7)" 1.01
10.0.0.1 - - [22/Feb/2023:22:38:35] "POST /usr/login HTTP/1.1" 200 4466 "-" "Mozilla/5.0 (Windows NT 10.0; Win64; x64)" 0.29
10.0.0.1 - - [09/Aug/2023:17:32:10] "GET /usr/login HTTP/1.1" 200 6901 "-" "Mozilla/5.0 (Macintosh; Intel Mac OS X 10_15_7)" 1.89
172.16.0.1 - - [31/Oct/2023:22:23:20] "POST /usr/product HTTP/1.1" 200 1737 "-" "Mozilla/5.0 (Windows NT 10.0; Win64; x64)" 1.32
172.16.0.1 - - [27/Sep/2023:21:02:32] "POST /usr/product HTTP/1.1" 200 7720 "-" "Mozilla/5.0 (Windows NT 10.0; Win64; x64)" 0.79
172.16.0.1 - - [25/Jul/2023:08:24:54] "DELETE /usr/product HTTP/1.1" 200 8612 "-" "Mozilla/5.0 (Macintosh; Intel Mac OS X 10_15_7)" 0.89
10.0.0.1 - - [27/Jan/2022:20:55:27] "GET /usr/cart HTTP/1.1" 200 9773 "-" "Mozilla/5.0 (Windows NT 10.0; Win64; x64)" 0.76
10.0.0.1 - - [21/Jan/2022:18:26:36] "DELETE /usr/product HTTP/1.1" 200 9324 "-" "Mozilla/5.0 (Windows NT 10.0; Win64; x64)" 1.81
192.168.1.1 - - [12/Jun/2023:02:05:29] "GET /usr/login HTTP/1.1" 200 6309 "-" "Mozilla/5.0 (Macintosh; Intel Mac OS X 10_15_7)" 0.87
172.16.0.1 - - [28/Apr/2022:14:35:48] "DELETE /usr/product HTTP/1.1" 200 2373 "-" "Mozilla/5.0 (Macintosh; Intel Mac OS X 10_15_7)" 1.90
172.16.0.1 - - [18/Dec/2023:10:20:52] "DELETE /usr/checkout HTTP/1.1" 200 699 "-" "Mozilla/5.0 (Macintosh; Intel Mac OS X 10_15_7)" 0.32
172.16.0.1 - - [01/Apr/2023:09:23:27] "POST /usr/cart HTTP/1.1" 200 257 "-" "Mozilla/5.0 (Macintosh; Intel Mac OS X 10_15_7)" 0.84
172.16.0.1 - - [16/Mar/2022:09:30:27] "GET /usr/checkout HTTP/1.1" 200 8230 "-" "Mozilla/5.0 (Windows NT 10.0; Win64; x64)" 1.92
10.0.0.1 - - [09/Sep/2022:03:20:52] "PUT /usr/login HTTP/1.1" 200 8110 "-" "Mozilla/5.0 (Windows NT 10.0; Win64; x64)" 0.94
192.168.1.1 - - [03/Oct/2023:22:01:46] "DELETE /usr/cart HTTP/1.1" 200 542 "-" "Mozilla/5.0 (Windows NT 10.0; Win64; x64)" 1.93
192.168.1.1 - - [29/Aug/2022:03:08:52] "GET /usr/login HTTP/1.1" 200 4224 "-" "Mozilla/5.0 (Windows NT 10.0; Win64; x64)" 0.22
10.0.0.1 - - [03/Jun/2022:00:09:39] "PUT /usr/cart HTTP/1.1" 200 6684 "-" "Mozilla/5.0 (Macintosh; Intel Mac OS X 10_15_7)" 0.57
172.16.0.1 - - [24/Sep/2023:21:10:27] "DELETE /usr/cart HTTP/1.1" 200 2760 "-" "Mozilla/5.0 (Macintosh; Intel Mac OS X 10_15_7)" 0.87
10.0.0.1 - - [14/Apr/2022:04:41:06] "GET /usr/checkout HTTP/1.1" 200 4518 "-" "Mozilla/5.0 (Windows NT 10.0; Win64; x64)" 0.17
172.16.0.1 - - [26/Dec/2023:13:25:48] "GET /usr/cart HTTP/1.1" 200 9295 "-" "Mozilla/5.0 (Macintosh; Intel Mac OS X 10_15_7)" 1.48
10.0.0.1 - - [21/Sep/2022:21:08:20] "GET /usr/checkout HTTP/1.1" 200 2885 "-" "Mozilla/5.0 (Windows NT 10.0; Win64; x64)" 0.17
10.0.0.1 - - [28/Feb/2023:01:06:06] "POST /usr/checkout HTTP/1.1" 200 1083 "-" "Mozilla/5.0 (Macintosh; Intel Mac OS X 10_15_7)" 0.84
10.0.0.1 - - [05/Feb/2023:02:34:42] "DELETE /usr/checkout HTTP/1.1" 200 1374 "-" "Mozilla/5.0 (Windows NT 10.0; Win64; x64)" 0.34
10.0.0.1 - - [17/May/2022:17:47:46] "PUT /usr/product HTTP/1.1" 200 8449 "-" "Mozilla/5.0 (Windows NT 10.0; Win64; x64)" 0.24
192.168.1.1 - - [25/Sep/2023:07:15:25] "POST /usr/cart HTTP/1.1" 200 3696 "-" "Mozilla/5.0 (Windows NT 10.0; Win64; x64)" 1.89
172.16.0.1 - - [22/Mar/2023:04:15:50] "GET /usr/login HTTP/1.1" 200 904 "-" "Mozilla/5.0 (Windows NT 10.0; Win64; x64)" 1.93
192.168.1.1 - - [14/Dec/2023:09:17:31] "DELETE /usr/checkout HTTP/1.1" 200 4073 "-" "Mozilla/5.0 (Windows NT 10.0; Win64; x64)" 0.21
10.0.0.1 - - [23/Sep/2022:06:05:02] "GET /usr/login HTTP/1.1" 200 2560 "-" "Mozilla/5.0 (Macintosh; Intel Mac OS X 10_15_7)" 1.96
172.16.0.1 - - [25/Sep/2022:13:04:00] "DELETE /usr/checkout HTTP/1.1" 200 9223 "-" "Mozilla/5.0 (Macintosh; Intel Mac OS X 10_15_7)" 0.80
172.16.0.1 - - [06/Oct/2023:11:21:39] "GET /usr/cart HTTP/1.1" 200 105 "-" "Mozilla/5.0 (Macintosh; Intel Mac OS X 10_15_7)" 0.21
172.16.0.1 - - [20/Feb/2023:19:16:03] "PUT /usr/product HTTP/1.1" 200 6905 "-" "Mozilla/5.0 (Macintosh; Intel Mac OS X 10_15_7)" 0.58
10.0.0.1 - - [27/May/2023:04:34:28] "PUT /usr/product HTTP/1.1" 200 8153 "-" "Mozilla/5.0 (Macintosh; Intel Mac OS X 10_15_7)" 0.35
10.0.0.1 - - [21/Nov/2023:16:51:52] "POST /usr/login HTTP/1.1" 200 6333 "-" "Mozilla/5.0 (Macintosh; Intel Mac OS X 10_15_7)" 1.90
172.16.0.1 - - [28/Oct/2023:02:35:05] "POST /usr/login HTTP/1.1" 200 1557 "-" "Mozilla/5.0 (Windows NT 10.0; Win64; x64)" 0.96
192.168.1.1 - - [28/Jul/2022:02:28:13] "GET /usr/cart HTTP/1.1" 200 1244 "-" "Mozilla/5.0 (Macintosh; Intel Mac OS X 10_15_7)" 1.59
10.0.0.1 - - [08/Jan/2022:14:15:00] "POST /usr/checkout HTTP/1.1" 200 2643 "-" "Mozilla/5.0 (Windows NT 10.0; Win64; x64)" 1.75
10.0.0.1 - - [12/Nov/2022:04:03:21] "POST /usr/checkout HTTP/1.1" 200 1658 "-" "Mozilla/5.0 (Windows NT 10.0; Win64; x64)" 0.64
10.0.0.1 - - [17/Dec/2022:06:19:01] "DELETE /usr/checkout HTTP/1.1" 200 1861 "-" "Mozilla/5.0 (Macintosh; Intel Mac OS X 10_15_7)" 1.59
192.168.1.1 - - [07/Oct/2022:11:06:42] "DELETE /usr/login HTTP/1.1" 500 184 "-" "Mozilla/5.0 (Macintosh; Intel Mac OS X 10_15_7)" 1.13
10.0.0.1 - - [05/Jul/2023:07:19:05] "DELETE /usr/checkout HTTP/1.1" 200 4716 "-" "Mozilla/5.0 (Windows NT 10.0; Win64; x64)" 0.20
10.0.0.1 - - [03/Dec/2023:00:31:12] "DELETE /usr/login HTTP/1.1" 200 7585 "-" "Mozilla/5.0 (Macintosh; Intel Mac OS X 10_15_7)" 0.52
10.0.0.1 - - [24/Jun/2022:16:29:26] "POST /usr/cart HTTP/1.1" 200 9450 "-" "Mozilla/5.0 (Macintosh; Intel Mac OS X 10_15_7)" 0.46
10.0.0.1 - - [22/Feb/2023:08:48:44] "POST /usr/cart HTTP/1.1" 200 6317 "-" "Mozilla/5.0 (Macintosh; Intel Mac OS X 10_15_7)" 1.38
172.16.0.1 - - [03/May/2023:00:42:31] "POST /usr/login HTTP/1.1" 200 8973 "-" "Mozilla/5.0 (Windows NT 10.0; Win64; x64)" 1.07
192.168.1.1 - - [28/Mar/2023:19:27:17] "GET /usr/product HTTP/1.1" 200 216 "-" "Mozilla/5.0 (Windows NT 10.0; Win64; x64)" 1.63
172.16.0.1 - - [05/Jun/2023:11:13:03] "GET /usr/cart HTTP/1.1" 200 2121 "-" "Mozilla/5.0 (Windows NT 10.0; Win64; x64)" 1.02
192.168.1.1 - - [25/Jul/2022:21:07:43] "PUT /usr/login HTTP/1.1" 200 1928 "-" "Mozilla/5.0 (Macintosh; Intel Mac OS X 10_15_7)" 1.71
192.168.1.1 - - [13/Aug/2022:11:35:44] "PUT /usr/checkout HTTP/1.1" 200 8393 "-" "Mozilla/5.0 (Macintosh; Intel Mac OS X 10_15_7)" 0.24
10.0.0.1 - - [05/Dec/2022:00:38:42] "POST /usr/product HTTP/1.1" 200 730 "-" "Mozilla/5.0 (Windows NT 10.0; Win64; x64)" 1.59
10.0.0.1 - - [05/Sep/2023:01:29:05] "DELETE /usr/cart HTTP/1.1" 200 1891 "-" "Mozilla/5.0 (Macintosh; Intel Mac OS X 10_15_7)" 0.13
192.168.1.1 - - [01/Aug/2023:04:03:31] "DELETE /usr/cart HTTP/1.1" 200 6488 "-" "Mozilla/5.0 (Macintosh; Intel Mac OS X 10_15_7)" 1.18
10.0.0.1 - - [06/Aug/2023:00:39:39] "GET /usr/checkout HTTP/1.1" 200 4597 "-" "Mozilla/5.0 (Macintosh; Intel Mac OS X 10_15_7)" 1.36
192.168.1.1 - - [27/Jan/2023:15:26:58] "POST /usr/product HTTP/1.1" 200 1943 "-" "Mozilla/5.0 (Macintosh; Intel Mac OS X 10_15_7)" 0.81
172.16.0.1 - - [27/Mar/2023:02:15:43] "DELETE /usr/login HTTP/1.1" 200 5519 "-" "Mozilla/5.0 (Windows NT 10.0; Win64; x64)" 1.62
172.16.0.1 - - [17/Feb/2023:12:16:13] "GET /usr/login HTTP/1.1" 200 7266 "-" "Mozilla/5.0 (Windows NT 10.0; Win64; x64)" 1.11
10.0.0.1 - - [30/Sep/2022:11:21:33] "POST /usr/checkout HTTP/1.1" 200 451 "-" "Mozilla/5.0 (Windows NT 10.0; Win64; x64)" 1.54
172.16.0.1 - - [20/Sep/2023:04:02:33] "PUT /usr/login HTTP/1.1" 200 7816 "-" "Mozilla/5.0 (Windows NT 10.0; Win64; x64)" 2.00
172.16.0.1 - - [11/Jan/2023:16:10:10] "PUT /usr/cart HTTP/1.1" 200 9437 "-" "Mozilla/5.0 (Windows NT 10.0; Win64; x64)" 1.02
192.168.1.1 - - [09/Jun/2023:16:00:12] "POST /usr/login HTTP/1.1" 200 1803 "-" "Mozilla/5.0 (Macintosh; Intel Mac OS X 10_15_7)" 1.49
172.16.0.1 - - [27/Feb/2023:06:04:32] "PUT /usr/login HTTP/1.1" 200 7338 "-" "Mozilla/5.0 (Macintosh; Intel Mac OS X 10_15_7)" 0.19
172.16.0.1 - - [26/Sep/2022:13:28:54] "POST /usr/login HTTP/1.1" 200 4322 "-" "Mozilla/5.0 (Macintosh; Intel Mac OS X 10_15_7)" 1.52
10.0.0.1 - - [23/Sep/2022:07:22:51] "POST /usr/checkout HTTP/1.1" 200 5920 "-" "Mozilla/5.0 (Windows NT 10.0; Win64; x64)" 0.86
10.0.0.1 - - [12/Jan/2022:22:39:37] "PUT /usr/product HTTP/1.1" 200 6611 "-" "Mozilla/5.0 (Windows NT 10.0; Win64; x64)" 1.00
192.168.1.1 - - [09/Nov/2023:03:41:21] "POST /usr/login HTTP/1.1" 200 3024 "-" "Mozilla/5.0 (Macintosh; Intel Mac OS X 10_15_7)" 1.34
172.16.0.1 - - [03/Apr/2022:06:44:44] "GET /usr/product HTTP/1.1" 200 758 "-" "Mozilla/5.0 (Macintosh; Intel Mac OS X 10_15_7)" 0.26
172.16.0.1 - - [22/Dec/2023:19:12:33] "POST /usr/cart HTTP/1.1" 200 6534 "-" "Mozilla/5.0 (Windows NT 10.0; Win64; x64)" 0.45
10.0.0.1 - - [12/Dec/2022:20:05:51] "PUT /usr/checkout HTTP/1.1" 200 3672 "-" "Mozilla/5.0 (Macintosh; Intel Mac OS X 10_15_7)" 1.34
10.0.0.1 - - [07/Nov/2022:05:28:59] "POST /usr/cart HTTP/1.1" 200 1481 "-" "Mozilla/5.0 (Macintosh; Intel Mac OS X 10_15_7)" 1.24
10.0.0.1 - - [30/Mar/2023:13:18:15] "GET /usr/checkout HTTP/1.1" 200 9843 "-" "Mozilla/5.0 (Windows NT 10.0; Win64; x64)" 1.85
172.16.0.1 - - [03/Sep/2023:22:50:06] "PUT /usr/login HTTP/1.1" 200 1533 "-" "Mozilla/5.0 (Macintosh; Intel Mac OS X 10_15_7)" 1.09
10.0.0.1 - - [31/Jan/2022:14:36:15] "DELETE /usr/login HTTP/1.1" 200 7131 "-" "Mozilla/5.0 (Macintosh; Intel Mac OS X 10_15_7)" 1.45
10.0.0.1 - - [29/Jun/2023:15:42:59] "GET /usr/cart HTTP/1.1" 200 2702 "-" "Mozilla/5.0 (Macintosh; Intel Mac OS X 10_15_7)" 1.02
172.16.0.1 - - [03/Jan/2022:09:06:43] "PUT /usr/login HTTP/1.1" 200 794 "-" "Mozilla/5.0 (Windows NT 10.0; Win64; x64)" 1.64
172.16.0.1 - - [30/Jun/2022:22:37:05] "PUT /usr/cart HTTP/1.1" 200 7789 "-" "Mozilla/5.0 (Macintosh; Intel Mac OS X 10_15_7)" 1.52
172.16.0.1 - - [31/Jul/2023:05:17:54] "POST /usr/cart HTTP/1.1" 200 7602 "-" "Mozilla/5.0 (Macintosh; Intel Mac OS X 10_15_7)" 0.49
10.0.0.1 - - [07/Dec/2022:15:57:26] "DELETE /usr/login HTTP/1.1" 200 274 "-" "Mozilla/5.0 (Windows NT 10.0; Win64; x64)" 1.12
10.0.0.1 - - [07/Jul/2022:19:35:54] "PUT /usr/cart HTTP/1.1" 200 2397 "-" "Mozilla/5.0 (Macintosh; Intel Mac OS X 10_15_7)" 0.40
192.168.1.1 - - [21/May/2022:07:30:51] "GET /usr/checkout HTTP/1.1" 200 8326 "-" "Mozilla/5.0 (Windows NT 10.0; Win64; x64)" 0.81
192.168.1.1 - - [15/Oct/2022:09:09:27] "PUT /usr/checkout HTTP/1.1" 200 9760 "-" "Mozilla/5.0 (Windows NT 10.0; Win64; x64)" 0.79
192.168.1.1 - - [29/Nov/2023:17:13:39] "PUT /usr/checkout HTTP/1.1" 200 1997 "-" "Mozilla/5.0 (Macintosh; Intel Mac OS X 10_15_7)" 1.44
172.16.0.1 - - [17/Jul/2023:01:38:24] "POST /usr/checkout HTTP/1.1" 200 7448 "-" "Mozilla/5.0 (Windows NT 10.0; Win64; x64)" 1.04
10.0.0.1 - - [15/Jun/2023:03:12:48] "POST /usr/login HTTP/1.1" 200 9829 "-" "Mozilla/5.0 (Macintosh; Intel Mac OS X 10_15_7)" 1.51
10.0.0.1 - - [25/Jul/2023:15:38:18] "GET /usr/checkout HTTP/1.1" 200 1462 "-" "Mozilla/5.0 (Macintosh; Intel Mac OS X 10_15_7)" 1.45
10.0.0.1 - - [28/Aug/2022:07:46:18] "PUT /usr/product HTTP/1.1" 200 6305 "-" "Mozilla/5.0 (Macintosh; Intel Mac OS X 10_15_7)" 1.41
192.168.1.1 - - [24/Feb/2022:14:19:18] "PUT /usr/cart HTTP/1.1" 200 7005 "-" "Mozilla/5.0 (Windows NT 10.0; Win64; x64)" 1.07
192.168.1.1 - - [22/Feb/2023:19:51:50] "POST /usr/checkout HTTP/1.1" 404 4073 "-" "Mozilla/5.0 (Windows NT 10.0; Win64; x64)" 1.87
10.0.0.1 - - [05/Dec/2022:20:12:02] "PUT /usr/checkout HTTP/1.1" 200 4243 "-" "Mozilla/5.0 (Macintosh; Intel Mac OS X 10_15_7)" 0.72
10.0.0.1 - - [09/May/2023:11:07:21] "GET /usr/cart HTTP/1.1" 200 9159 "-" "Mozilla/5.0 (Macintosh; Intel Mac OS X 10_15_7)" 0.77
192.168.1.1 - - [17/Aug/2022:11:57:49] "POST /usr/product HTTP/1.1" 200 6938 "-" "Mozilla/5.0 (Windows NT 10.0; Win64; x64)" 1.89
10.0.0.1 - - [24/Jul/2022:21:52:34] "GET /usr/login HTTP/1.1" 200 8831 "-" "Mozilla/5.0 (Macintosh; Intel Mac OS X 10_15_7)" 1.33
172.16.0.1 - - [10/May/2023:13:36:11] "POST /usr/product HTTP/1.1" 200 1170 "-" "Mozilla/5.0 (Windows NT 10.0; Win64; x64)" 1.21
172.16.0.1 - - [08/Mar/2022:19:35:06] "POST /usr/cart HTTP/1.1" 200 3630 "-" "Mozilla/5.0 (Windows NT 10.0; Win64; x64)" 1.55
172.16.0.1 - - [17/Jan/2023:07:26:46] "POST /usr/product HTTP/1.1" 200 1528 "-" "Mozilla/5.0 (Windows NT 10.0; Win64; x64)" 1.23
172.16.0.1 - - [12/Oct/2022:15:56:19] "GET /usr/cart HTTP/1.1" 200 7313 "-" "Mozilla/5.0 (Macintosh; Intel Mac OS X 10_15_7)" 1.00
192.168.1.1 - - [10/Oct/2022:20:36:08] "DELETE /usr/login HTTP/1.1" 200 3728 "-" "Mozilla/5.0 (Windows NT 10.0; Win64; x64)" 0.96
192.168.1.1 - - [21/Sep/2022:06:14:13] "DELETE /usr/cart HTTP/1.1" 200 6025 "-" "Mozilla/5.0 (Windows NT 10.0; Win64; x64)" 0.20
172.16.0.1 - - [17/Oct/2022:12:34:39] "POST /usr/cart HTTP/1.1" 200 4888 "-" "Mozilla/5.0 (Windows NT 10.0; Win64; x64)" 0.67
192.168.1.1 - - [15/Apr/2023:18:45:57] "GET /usr/checkout HTTP/1.1" 200 2950 "-" "Mozilla/5.0 (Macintosh; Intel Mac OS X 10_15_7)" 1.67
172.16.0.1 - - [09/May/2023:23:35:51] "DELETE /usr/login HTTP/1.1" 200 4351 "-" "Mozilla/5.0 (Windows NT 10.0; Win64; x64)" 0.72
192.168.1.1 - - [16/Oct/2023:15:48:10] "DELETE /usr/checkout HTTP/1.1" 200 443 "-" "Mozilla/5.0 (Macintosh; Intel Mac OS X 10_15_7)" 0.92
10.0.0.1 - - [18/Dec/2023:15:49:27] "PUT /usr/login HTTP/1.1" 200 2711 "-" "Mozilla/5.0 (Macintosh; Intel Mac OS X 10_15_7)" 1.28
172.16.0.1 - - [29/Sep/2022:13:23:19] "POST /usr/product HTTP/1.1" 200 1314 "-" "Mozilla/5.0 (Macintosh; Intel Mac OS X 10_15_7)" 1.02
192.168.1.1 - - [27/Apr/2023:13:19:35] "DELETE /usr/cart HTTP/1.1" 200 107 "-" "Mozilla/5.0 (Windows NT 10.0; Win64; x64)" 1.14
192.168.1.1 - - [28/Nov/2023:02:56:21] "DELETE /usr/product HTTP/1.1" 200 2651 "-" "Mozilla/5.0 (Macintosh; Intel Mac OS X 10_15_7)" 1.67
10.0.0.1 - - [19/Dec/2023:16:41:48] "POST /usr/login HTTP/1.1" 200 8887 "-" "Mozilla/5.0 (Macintosh; Intel Mac OS X 10_15_7)" 0.85
192.168.1.1 - - [03/Apr/2023:14:02:01] "PUT /usr/cart HTTP/1.1" 200 3771 "-" "Mozilla/5.0 (Macintosh; Intel Mac OS X 10_15_7)" 1.40
10.0.0.1 - - [19/Jun/2023:08:38:27] "POST /usr/checkout HTTP/1.1" 200 3590 "-" "Mozilla/5.0 (Windows NT 10.0; Win64; x64)" 0.75
10.0.0.1 - - [04/Jul/2023:21:29:46] "DELETE /usr/product HTTP/1.1" 200 7490 "-" "Mozilla/5.0 (Macintosh; Intel Mac OS X 10_15_7)" 0.99
172.16.0.1 - - [14/May/2022:18:17:27] "DELETE /usr/checkout HTTP/1.1" 200 735 "-" "Mozilla/5.0 (Macintosh; Intel Mac OS X 10_15_7)" 0.96
172.16.0.1 - - [03/Sep/2023:15:44:39] "GET /usr/product HTTP/1.1" 200 8528 "-" "Mozilla/5.0 (Macintosh; Intel Mac OS X 10_15_7)" 1.40
10.0.0.1 - - [10/Jan/2022:13:13:53] "POST /usr/checkout HTTP/1.1" 200 9002 "-" "Mozilla/5.0 (Macintosh; Intel Mac OS X 10_15_7)" 1.98
192.168.1.1 - - [19/May/2023:03:04:28] "POST /usr/cart HTTP/1.1" 200 4013 "-" "Mozilla/5.0 (Windows NT 10.0; Win64; x64)" 0.95
172.16.0.1 - - [07/Jan/2022:08:12:40] "DELETE /usr/login HTTP/1.1" 200 8119 "-" "Mozilla/5.0 (Windows NT 10.0; Win64; x64)" 0.53
172.16.0.1 - - [03/Sep/2022:08:27:13] "DELETE /usr/cart HTTP/1.1" 200 9291 "-" "Mozilla/5.0 (Windows NT 10.0; Win64; x64)" 1.95
172.16.0.1 - - [30/Jul/2022:10:49:29] "GET /usr/product HTTP/1.1" 200 7307 "-" "Mozilla/5.0 (Windows NT 10.0; Win64; x64)" 1.25
172.16.0.1 - - [30/Aug/2023:03:16:13] "POST /usr/product HTTP/1.1" 200 6952 "-" "Mozilla/5.0 (Windows NT 10.0; Win64; x64)" 1.05
192.168.1.1 - - [02/Oct/2022:18:08:34] "GET /usr/login HTTP/1.1" 200 6088 "-" "Mozilla/5.0 (Macintosh; Intel Mac OS X 10_15_7)" 0.47
10.0.0.1 - - [04/Jan/2022:14:20:26] "DELETE /usr/login HTTP/1.1" 200 2363 "-" "Mozilla/5.0 (Macintosh; Intel Mac OS X 10_15_7)" 0.68
172.16.0.1 - - [04/Sep/2022:14:54:20] "PUT /usr/checkout HTTP/1.1" 200 3145 "-" "Mozilla/5.0 (Macintosh; Intel Mac OS X 10_15_7)" 1.70
192.168.1.1 - - [12/Dec/2023:17:10:25] "POST /usr/product HTTP/1.1" 200 2324 "-" "Mozilla/5.0 (Windows NT 10.0; Win64; x64)" 1.53
192.168.1.1 - - [30/Oct/2023:10:16:41] "DELETE /usr/login HTTP/1.1" 200 2255 "-" "Mozilla/5.0 (Windows NT 10.0; Win64; x64)" 1.96
192.168.1.1 - - [04/Jun/2023:12:46:05] "POST /usr/checkout HTTP/1.1" 200 1458 "-" "Mozilla/5.0 (Windows NT 10.0; Win64; x64)" 0.88
172.16.0.1 - - [16/Jun/2023:13:33:55] "DELETE /usr/checkout HTTP/1.1" 200 8480 "-" "Mozilla/5.0 (Windows NT 10.0; Win64; x64)" 1.36
10.0.0.1 - - [18/May/2022:18:12:08] "POST /usr/checkout HTTP/1.1" 200 2901 "-" "Mozilla/5.0 (Macintosh; Intel Mac OS X 10_15_7)" 1.34
192.168.1.1 - - [16/Aug/2022:17:34:21] "DELETE /usr/checkout HTTP/1.1" 200 4888 "-" "Mozilla/5.0 (Windows NT 10.0; Win64; x64)" 0.75
172.16.0.1 - - [24/Jun/2022:00:18:54] "POST /usr/login HTTP/1.1" 200 1406 "-" "Mozilla/5.0 (Macintosh; Intel Mac OS X 10_15_7)" 0.86
192.168.1.1 - - [19/Jun/2022:20:58:20] "GET /usr/product HTTP/1.1" 200 7700 "-" "Mozilla/5.0 (Windows NT 10.0; Win64; x64)" 1.12
192.168.1.1 - - [13/Aug/2023:15:08:37] "POST /usr/login HTTP/1.1" 200 935 "-" "Mozilla/5.0 (Macintosh; Intel Mac OS X 10_15_7)" 0.74
192.168.1.1 - - [12/Apr/2023:00:43:16] "POST /usr/cart HTTP/1.1" 200 3291 "-" "Mozilla/5.0 (Windows NT 10.0; Win64; x64)" 1.02
172.16.0.1 - - [03/Dec/2023:09:23:23] "PUT /usr/product HTTP/1.1" 200 5993 "-" "Mozilla/5.0 (Windows NT 10.0; Win64; x64)" 0.89
192.168.1.1 - - [07/Jun/2022:12:02:31] "POST /usr/product HTTP/1.1" 404 9316 "-" "Mozilla/5.0 (Windows NT 10.0; Win64; x64)" 0.74
172.16.0.1 - - [31/Dec/2022:17:55:37] "PUT /usr/login HTTP/1.1" 200 8127 "-" "Mozilla/5.0 (Macintosh; Intel Mac OS X 10_15_7)" 0.92
192.168.1.1 - - [09/Sep/2023:06:56:59] "GET /usr/checkout HTTP/1.1" 200 2302 "-" "Mozilla/5.0 (Macintosh; Intel Mac OS X 10_15_7)" 0.39
172.16.0.1 - - [26/Feb/2023:10:38:37] "DELETE /usr/checkout HTTP/1.1" 200 1887 "-" "Mozilla/5.0 (Macintosh; Intel Mac OS X 10_15_7)" 0.94
172.16.0.1 - - [08/Jul/2023:07:01:23] "DELETE /usr/login HTTP/1.1" 200 890 "-" "Mozilla/5.0 (Windows NT 10.0; Win64; x64)" 0.51
192.168.1.1 - - [18/Sep/2023:10:46:10] "PUT /usr/login HTTP/1.1" 200 3098 "-" "Mozilla/5.0 (Macintosh; Intel Mac OS X 10_15_7)" 1.56
192.168.1.1 - - [21/Jun/2022:22:23:13] "DELETE /usr/checkout HTTP/1.1" 200 8298 "-" "Mozilla/5.0 (Macintosh; Intel Mac OS X 10_15_7)" 0.64
10.0.0.1 - - [02/Jan/2023:20:56:03] "PUT /usr/product HTTP/1.1" 200 892 "-" "Mozilla/5.0 (Windows NT 10.0; Win64; x64)" 1.18
10.0.0.1 - - [31/Jan/2022:01:47:01] "PUT /usr/cart HTTP/1.1" 200 1682 "-" "Mozilla/5.0 (Windows NT 10.0; Win64; x64)" 1.77
192.168.1.1 - - [31/Oct/2023:02:30:45] "PUT /usr/cart HTTP/1.1" 200 179 "-" "Mozilla/5.0 (Macintosh; Intel Mac OS X 10_15_7)" 1.87
10.0.0.1 - - [03/Jun/2022:20:02:52] "POST /usr/product HTTP/1.1" 200 9823 "-" "Mozilla/5.0 (Macintosh; Intel Mac OS X 10_15_7)" 1.01
172.16.0.1 - - [27/Apr/2022:03:57:51] "PUT /usr/product HTTP/1.1" 200 9145 "-" "Mozilla/5.0 (Macintosh; Intel Mac OS X 10_15_7)" 1.19
10.0.0.1 - - [05/May/2022:22:35:05] "PUT /usr/cart HTTP/1.1" 200 9766 "-" "Mozilla/5.0 (Macintosh; Intel Mac OS X 10_15_7)" 1.05
172.16.0.1 - - [13/Nov/2022:22:00:25] "PUT /usr/login HTTP/1.1" 200 363 "-" "Mozilla/5.0 (Windows NT 10.0; Win64; x64)" 1.98
192.168.1.1 - - [15/Aug/2022:11:41:53] "DELETE /usr/cart HTTP/1.1" 200 8325 "-" "Mozilla/5.0 (Windows NT 10.0; Win64; x64)" 1.06
172.16.0.1 - - [11/Jan/2022:03:16:48] "DELETE /usr/product HTTP/1.1" 200 7806 "-" "Mozilla/5.0 (Macintosh; Intel Mac OS X 10_15_7)" 1.25
10.0.0.1 - - [08/Aug/2023:02:07:32] "PUT /usr/checkout HTTP/1.1" 200 8053 "-" "Mozilla/5.0 (Windows NT 10.0; Win64; x64)" 1.72
172.16.0.1 - - [12/Jan/2022:10:08:14] "GET /usr/product HTTP/1.1" 200 6651 "-" "Mozilla/5.0 (Macintosh; Intel Mac OS X 10_15_7)" 1.26
172.16.0.1 - - [21/Jun/2022:01:39:23] "POST /usr/login HTTP/1.1" 200 6605 "-" "Mozilla/5.0 (Macintosh; Intel Mac OS X 10_15_7)" 1.62
172.16.0.1 - - [15/Nov/2022:14:49:15] "PUT /usr/checkout HTTP/1.1" 200 1895 "-" "Mozilla/5.0 (Windows NT 10.0; Win64; x64)" 0.30
10.0.0.1 - - [11/Aug/2022:13:18:36] "POST /usr/checkout HTTP/1.1" 200 4882 "-" "Mozilla/5.0 (Windows NT 10.0; Win64; x64)" 1.62
172.16.0.1 - - [31/Aug/2023:23:41:10] "GET /usr/login HTTP/1.1" 200 6636 "-" "Mozilla/5.0 (Macintosh; Intel Mac OS X 10_15_7)" 1.88
172.16.0.1 - - [15/Jul/2023:09:06:23] "DELETE /usr/cart HTTP/1.1" 200 2851 "-" "Mozilla/5.0 (Macintosh; Intel Mac OS X 10_15_7)" 1.63
10.0.0.1 - - [15/Dec/2023:18:22:11] "GET /usr/product HTTP/1.1" 200 198 "-" "Mozilla/5.0 (Windows NT 10.0; Win64; x64)" 1.16
192.168.1.1 - - [13/Apr/2023:20:26:13] "DELETE /usr/cart HTTP/1.1" 200 5956 "-" "Mozilla/5.0 (Windows NT 10.0; Win64; x64)" 1.24
10.0.0.1 - - [08/Jun/2023:16:52:41] "DELETE /usr/cart HTTP/1.1" 200 9002 "-" "Mozilla/5.0 (Windows NT 10.0; Win64; x64)" 1.85
192.168.1.1 - - [13/Sep/2023:01:02:25] "PUT /usr/login HTTP/1.1" 200 3176 "-" "Mozilla/5.0 (Windows NT 10.0; Win64; x64)" 1.47
172.16.0.1 - - [19/Oct/2022:03:30:20] "PUT /usr/cart HTTP/1.1" 200 1531 "-" "Mozilla/5.0 (Macintosh; Intel Mac OS X 10_15_7)" 0.57
172.16.0.1 - - [02/Sep/2023:17:02:22] "POST /usr/product HTTP/1.1" 200 2841 "-" "Mozilla/5.0 (Windows NT 10.0; Win64; x64)" 1.12
10.0.0.1 - - [09/Jul/2023:07:02:51] "DELETE /usr/login HTTP/1.1" 200 4544 "-" "Mozilla/5.0 (Macintosh; Intel Mac OS X 10_15_7)" 1.08
192.168.1.1 - - [15/Oct/2022:14:09:53] "POST /usr/checkout HTTP/1.1" 200 8550 "-" "Mozilla/5.0 (Macintosh; Intel Mac OS X 10_15_7)" 0.82
172.16.0.1 - - [01/Feb/2022:06:12:39] "POST /usr/product HTTP/1.1" 200 9207 "-" "Mozilla/5.0 (Windows NT 10.0; Win64; x64)" 1.83
192.168.1.1 - - [26/Aug/2023:11:24:33] "POST /usr/product HTTP/1.1" 200 4971 "-" "Mozilla/5.0 (Macintosh; Intel Mac OS X 10_15_7)" 1.89
192.168.1.1 - - [14/Aug/2023:14:31:51] "PUT /usr/login HTTP/1.1" 200 1382 "-" "Mozilla/5.0 (Macintosh; Intel Mac OS X 10_15_7)" 1.71
10.0.0.1 - - [12/Jun/2022:11:01:14] "DELETE /usr/checkout HTTP/1.1" 200 3269 "-" "Mozilla/5.0 (Windows NT 10.0; Win64; x64)" 0.86
192.168.1.1 - - [30/Mar/2023:01:08:00] "PUT /usr/checkout HTTP/1.1" 200 1701 "-" "Mozilla/5.0 (Windows NT 10.0; Win64; x64)" 0.85
10.0.0.1 - - [19/Jul/2022:20:05:39] "POST /usr/login HTTP/1.1" 200 2962 "-" "Mozilla/5.0 (Macintosh; Intel Mac OS X 10_15_7)" 0.95
172.16.0.1 - - [09/Feb/2023:17:47:59] "PUT /usr/product HTTP/1.1" 200 8354 "-" "Mozilla/5.0 (Macintosh; Intel Mac OS X 10_15_7)" 1.50
172.16.0.1 - - [14/Dec/2023:11:52:17] "PUT /usr/checkout HTTP/1.1" 200 1390 "-" "Mozilla/5.0 (Macintosh; Intel Mac OS X 10_15_7)" 1.44
192.168.1.1 - - [15/Jun/2023:05:53:44] "DELETE /usr/cart HTTP/1.1" 200 6761 "-" "Mozilla/5.0 (Macintosh; Intel Mac OS X 10_15_7)" 1.40
10.0.0.1 - - [16/Mar/2023:23:39:53] "GET /usr/cart HTTP/1.1" 200 6554 "-" "Mozilla/5.0 (Macintosh; Intel Mac OS X 10_15_7)" 1.69
10.0.0.1 - - [16/Aug/2023:00:44:40] "GET /usr/product HTTP/1.1" 200 4506 "-" "Mozilla/5.0 (Windows NT 10.0; Win64; x64)" 2.00
10.0.0.1 - - [24/Oct/2023:07:30:44] "POST /usr/cart HTTP/1.1" 200 6811 "-" "Mozilla/5.0 (Macintosh; Intel Mac OS X 10_15_7)" 0.42
192.168.1.1 - - [13/Jun/2023:07:17:29] "GET /usr/product HTTP/1.1" 200 6545 "-" "Mozilla/5.0 (Windows NT 10.0; Win64; x64)" 1.27
10.0.0.1 - - [02/Nov/2023:11:15:36] "POST /usr/checkout HTTP/1.1" 200 235 "-" "Mozilla/5.0 (Windows NT 10.0; Win64; x64)" 1.78
172.16.0.1 - - [01/Sep/2022:00:39:56] "PUT /usr/checkout HTTP/1.1" 404 4202 "-" "Mozilla/5.0 (Macintosh; Intel Mac OS X 10_15_7)" 0.31
10.0.0.1 - - [14/Jul/2023:18:09:12] "GET /usr/checkout HTTP/1.1" 200 9491 "-" "Mozilla/5.0 (Windows NT 10.0; Win64; x64)" 1.19
192.168.1.1 - - [28/Feb/2023:07:27:58] "DELETE /usr/product HTTP/1.1" 200 3441 "-" "Mozilla/5.0 (Macintosh; Intel Mac OS X 10_15_7)" 0.44
172.16.0.1 - - [12/Jan/2022:20:01:12] "DELETE /usr/checkout HTTP/1.1" 200 1232 "-" "Mozilla/5.0 (Macintosh; Intel Mac OS X 10_15_7)" 1.97
172.16.0.1 - - [02/Nov/2022:04:56:17] "PUT /usr/cart HTTP/1.1" 200 2386 "-" "Mozilla/5.0 (Macintosh; Intel Mac OS X 10_15_7)" 1.75
192.168.1.1 - - [22/Dec/2022:10:02:14] "GET /usr/product HTTP/1.1" 200 3865 "-" "Mozilla/5.0 (Windows NT 10.0; Win64; x64)" 0.13
10.0.0.1 - - [23/Dec/2022:09:51:32] "GET /usr/cart HTTP/1.1" 200 3898 "-" "Mozilla/5.0 (Macintosh; Intel Mac OS X 10_15_7)" 1.47
192.168.1.1 - - [07/Jun/2022:23:38:07] "DELETE /usr/login HTTP/1.1" 200 457 "-" "Mozilla/5.0 (Windows NT 10.0; Win64; x64)" 1.54
172.16.0.1 - - [16/Feb/2022:09:45:16] "DELETE /usr/login HTTP/1.1" 200 1950 "-" "Mozilla/5.0 (Windows NT 10.0; Win64; x64)" 1.40
172.16.0.1 - - [04/Aug/2023:08:54:07] "PUT /usr/cart HTTP/1.1" 200 2062 "-" "Mozilla/5.0 (Macintosh; Intel Mac OS X 10_15_7)" 1.32
10.0.0.1 - - [11/Sep/2022:19:01:07] "PUT /usr/login HTTP/1.1" 200 9744 "-" "Mozilla/5.0 (Windows NT 10.0; Win64; x64)" 1.16
10.0.0.1 - - [20/Dec/2023:20:50:46] "POST /usr/product HTTP/1.1" 200 3470 "-" "Mozilla/5.0 (Macintosh; Intel Mac OS X 10_15_7)" 0.34
10.0.0.1 - - [17/Jan/2023:17:38:27] "POST /usr/cart HTTP/1.1" 200 6651 "-" "Mozilla/5.0 (Macintosh; Intel Mac OS X 10_15_7)" 1.29
192.168.1.1 - - [22/Nov/2023:10:07:46] "POST /usr/login HTTP/1.1" 200 7432 "-" "Mozilla/5.0 (Macintosh; Intel Mac OS X 10_15_7)" 0.85
192.168.1.1 - - [31/Jan/2023:20:26:17] "DELETE /usr/checkout HTTP/1.1" 404 3935 "-" "Mozilla/5.0 (Windows NT 10.0; Win64; x64)" 1.39
10.0.0.1 - - [03/Jul/2022:02:05:55] "DELETE /usr/checkout HTTP/1.1" 200 7724 "-" "Mozilla/5.0 (Macintosh; Intel Mac OS X 10_15_7)" 1.38
10.0.0.1 - - [11/Apr/2022:06:04:07] "PUT /usr/checkout HTTP/1.1" 200 9336 "-" "Mozilla/5.0 (Macintosh; Intel Mac OS X 10_15_7)" 0.72
172.16.0.1 - - [27/Jan/2022:08:25:24] "POST /usr/cart HTTP/1.1" 200 5280 "-" "Mozilla/5.0 (Windows NT 10.0; Win64; x64)" 0.85
172.16.0.1 - - [19/Aug/2023:03:09:45] "DELETE /usr/login HTTP/1.1" 200 3946 "-" "Mozilla/5.0 (Windows NT 10.0; Win64; x64)" 1.61
172.16.0.1 - - [24/Feb/2022:20:27:54] "POST /usr/cart HTTP/1.1" 200 1846 "-" "Mozilla/5.0 (Macintosh; Intel Mac OS X 10_15_7)" 1.83
10.0.0.1 - - [26/Aug/2023:20:53:11] "POST /usr/login HTTP/1.1" 200 9303 "-" "Mozilla/5.0 (Macintosh; Intel Mac OS X 10_15_7)" 1.69
10.0.0.1 - - [06/May/2022:13:46:45] "PUT /usr/login HTTP/1.1" 200 8958 "-" "Mozilla/5.0 (Macintosh; Intel Mac OS X 10_15_7)" 1.20
10.0.0.1 - - [19/Aug/2022:04:23:04] "POST /usr/product HTTP/1.1" 200 4220 "-" "Mozilla/5.0 (Macintosh; Intel Mac OS X 10_15_7)" 1.95
172.16.0.1 - - [04/Jan/2022:16:14:21] "DELETE /usr/login HTTP/1.1" 200 4970 "-" "Mozilla/5.0 (Macintosh; Intel Mac OS X 10_15_7)" 1.17
10.0.0.1 - - [29/Apr/2022:15:52:25] "POST /usr/cart HTTP/1.1" 200 2214 "-" "Mozilla/5.0 (Windows NT 10.0; Win64; x64)" 0.11
10.0.0.1 - - [05/Jun/2023:17:45:51] "PUT /usr/product HTTP/1.1" 200 6902 "-" "Mozilla/5.0 (Macintosh; Intel Mac OS X 10_15_7)" 0.48
10.0.0.1 - - [17/Jun/2022:01:01:25] "POST /usr/checkout HTTP/1.1" 200 3173 "-" "Mozilla/5.0 (Macintosh; Intel Mac OS X 10_15_7)" 0.52
192.168.1.1 - - [07/Sep/2023:01:40:16] "POST /usr/cart HTTP/1.1" 200 6911 "-" "Mozilla/5.0 (Macintosh; Intel Mac OS X 10_15_7)" 0.85
172.16.0.1 - - [05/Jul/2022:23:00:55] "GET /usr/checkout HTTP/1.1" 200 2791 "-" "Mozilla/5.0 (Windows NT 10.0; Win64; x64)" 1.70
10.0.0.1 - - [10/Apr/2022:13:16:53] "PUT /usr/checkout HTTP/1.1" 200 1434 "-" "Mozilla/5.0 (Windows NT 10.0; Win64; x64)" 1.75
172.16.0.1 - - [04/Oct/2022:12:02:01] "GET /usr/login HTTP/1.1" 200 9183 "-" "Mozilla/5.0 (Macintosh; Intel Mac OS X 10_15_7)" 1.37
10.0.0.1 - - [31/Dec/2022:21:08:29] "POST /usr/product HTTP/1.1" 200 8042 "-" "Mozilla/5.0 (Windows NT 10.0; Win64; x64)" 1.40
172.16.0.1 - - [07/Mar/2022:20:24:59] "PUT /usr/checkout HTTP/1.1" 200 4139 "-" "Mozilla/5.0 (Macintosh; Intel Mac OS X 10_15_7)" 0.35
10.0.0.1 - - [28/Dec/2023:07:17:20] "GET /usr/checkout HTTP/1.1" 404 9164 "-" "Mozilla/5.0 (Macintosh; Intel Mac OS X 10_15_7)" 1.10
10.0.0.1 - - [15/Feb/2022:08:26:12] "GET /usr/login HTTP/1.1" 200 3790 "-" "Mozilla/5.0 (Macintosh; Intel Mac OS X 10_15_7)" 0.34
192.168.1.1 - - [03/May/2023:13:31:55] "POST /usr/product HTTP/1.1" 200 9961 "-" "Mozilla/5.0 (Windows NT 10.0; Win64; x64)" 0.42
172.16.0.1 - - [24/Jun/2023:06:56:07] "GET /usr/cart HTTP/1.1" 200 4576 "-" "Mozilla/5.0 (Macintosh; Intel Mac OS X 10_15_7)" 0.26
192.168.1.1 - - [28/Jan/2023:09:56:05] "POST /usr/cart HTTP/1.1" 200 2908 "-" "Mozilla/5.0 (Macintosh; Intel Mac OS X 10_15_7)" 1.00
10.0.0.1 - - [31/Jul/2023:13:22:47] "PUT /usr/cart HTTP/1.1" 200 7523 "-" "Mozilla/5.0 (Windows NT 10.0; Win64; x64)" 1.11
10.0.0.1 - - [21/Jan/2023:16:23:06] "DELETE /usr/login HTTP/1.1" 200 1538 "-" "Mozilla/5.0 (Windows NT 10.0; Win64; x64)" 1.77
10.0.0.1 - - [24/May/2023:08:40:29] "PUT /usr/cart HTTP/1.1" 200 1392 "-" "Mozilla/5.0 (Macintosh; Intel Mac OS X 10_15_7)" 0.54
10.0.0.1 - - [15/Mar/2023:03:10:11] "POST /usr/login HTTP/1.1" 200 288 "-" "Mozilla/5.0 (Windows NT 10.0; Win64; x64)" 0.99
172.16.0.1 - - [05/Oct/2022:13:04:48] "POST /usr/login HTTP/1.1" 200 5821 "-" "Mozilla/5.0 (Windows NT 10.0; Win64; x64)" 1.98
192.168.1.1 - - [02/Mar/2023:14:29:35] "GET /usr/product HTTP/1.1" 200 9512 "-" "Mozilla/5.0 (Windows NT 10.0; Win64; x64)" 0.91
172.16.0.1 - - [03/Jun/2023:03:25:08] "GET /usr/product HTTP/1.1" 200 5144 "-" "Mozilla/5.0 (Windows NT 10.0; Win64; x64)" 0.95
10.0.0.1 - - [09/Oct/2023:00:21:19] "DELETE /usr/product HTTP/1.1" 200 8259 "-" "Mozilla/5.0 (Macintosh; Intel Mac OS X 10_15_7)" 0.25
192.168.1.1 - - [13/Jun/2022:18:30:57] "POST /usr/cart HTTP/1.1" 200 6753 "-" "Mozilla/5.0 (Macintosh; Intel Mac OS X 10_15_7)" 1.34
192.168.1.1 - - [28/May/2022:04:24:28] "PUT /usr/checkout HTTP/1.1" 200 2346 "-" "Mozilla/5.0 (Windows NT 10.0; Win64; x64)" 0.57
172.16.0.1 - - [02/Oct/2023:20:01:12] "DELETE /usr/checkout HTTP/1.1" 200 2470 "-" "Mozilla/5.0 (Windows NT 10.0; Win64; x64)" 1.19
10.0.0.1 - - [22/Jul/2023:22:45:23] "POST /usr/login HTTP/1.1" 200 9873 "-" "Mozilla/5.0 (Windows NT 10.0; Win64; x64)" 1.20
172.16.0.1 - - [23/Feb/2023:03:23:54] "DELETE /usr/checkout HTTP/1.1" 200 3220 "-" "Mozilla/5.0 (Windows NT 10.0; Win64; x64)" 0.97
172.16.0.1 - - [24/Jan/2022:00:09:34] "DELETE /usr/login HTTP/1.1" 200 1450 "-" "Mozilla/5.0 (Macintosh; Intel Mac OS X 10_15_7)" 1.51
192.168.1.1 - - [06/Aug/2023:21:32:26] "DELETE /usr/checkout HTTP/1.1" 200 9731 "-" "Mozilla/5.0 (Macintosh; Intel Mac OS X 10_15_7)" 1.61
10.0.0.1 - - [19/Jan/2022:08:46:05] "PUT /usr/login HTTP/1.1" 200 2842 "-" "Mozilla/5.0 (Windows NT 10.0; Win64; x64)" 1.71
172.16.0.1 - - [27/May/2023:11:40:19] "DELETE /usr/login HTTP/1.1" 200 8822 "-" "Mozilla/5.0 (Macintosh; Intel Mac OS X 10_15_7)" 1.14
10.0.0.1 - - [27/Mar/2023:08:30:19] "GET /usr/product HTTP/1.1" 200 5775 "-" "Mozilla/5.0 (Macintosh; Intel Mac OS X 10_15_7)" 1.29
192.168.1.1 - - [17/Jul/2023:17:49:56] "GET /usr/login HTTP/1.1" 200 5824 "-" "Mozilla/5.0 (Windows NT 10.0; Win64; x64)" 0.31
10.0.0.1 - - [27/May/2023:17:11:08] "GET /usr/cart HTTP/1.1" 200 1517 "-" "Mozilla/5.0 (Windows NT 10.0; Win64; x64)" 1.39
192.168.1.1 - - [04/Jun/2022:20:29:52] "DELETE /usr/checkout HTTP/1.1" 200 1181 "-" "Mozilla/5.0 (Windows NT 10.0; Win64; x64)" 1.68
192.168.1.1 - - [11/Sep/2022:06:03:43] "POST /usr/cart HTTP/1.1" 200 7665 "-" "Mozilla/5.0 (Macintosh; Intel Mac OS X 10_15_7)" 1.82
172.16.0.1 - - [19/Jun/2022:22:53:32] "PUT /usr/checkout HTTP/1.1" 200 3250 "-" "Mozilla/5.0 (Macintosh; Intel Mac OS X 10_15_7)" 0.34
172.16.0.1 - - [08/Jan/2023:11:54:15] "DELETE /usr/product HTTP/1.1" 200 8752 "-" "Mozilla/5.0 (Windows NT 10.0; Win64; x64)" 0.37
192.168.1.1 - - [30/Mar/2022:11:35:56] "DELETE /usr/product HTTP/1.1" 404 2681 "-" "Mozilla/5.0 (Windows NT 10.0; Win64; x64)" 0.21
10.0.0.1 - - [24/Nov/2022:03:44:43] "POST /usr/login HTTP/1.1" 200 2038 "-" "Mozilla/5.0 (Macintosh; Intel Mac OS X 10_15_7)" 1.96
172.16.0.1 - - [07/Apr/2022:17:33:18] "DELETE /usr/login HTTP/1.1" 200 3101 "-" "Mozilla/5.0 (Windows NT 10.0; Win64; x64)" 1.56
172.16.0.1 - - [01/Dec/2022:01:37:42] "DELETE /usr/checkout HTTP/1.1" 200 6019 "-" "Mozilla/5.0 (Macintosh; Intel Mac OS X 10_15_7)" 1.01
192.168.1.1 - - [24/Sep/2023:12:52:08] "DELETE /usr/checkout HTTP/1.1" 200 4696 "-" "Mozilla/5.0 (Windows NT 10.0; Win64; x64)" 1.16
172.16.0.1 - - [26/Feb/2022:16:20:32] "GET /usr/product HTTP/1.1" 200 2574 "-" "Mozilla/5.0 (Windows NT 10.0; Win64; x64)" 1.04
172.16.0.1 - - [02/Aug/2022:06:10:13] "POST /usr/checkout HTTP/1.1" 200 2819 "-" "Mozilla/5.0 (Windows NT 10.0; Win64; x64)" 1.07
172.16.0.1 - - [21/Jul/2022:06:04:03] "PUT /usr/login HTTP/1.1" 200 4998 "-" "Mozilla/5.0 (Macintosh; Intel Mac OS X 10_15_7)" 1.75
172.16.0.1 - - [16/Dec/2023:10:39:02] "PUT /usr/checkout HTTP/1.1" 200 3306 "-" "Mozilla/5.0 (Macintosh; Intel Mac OS X 10_15_7)" 1.74
10.0.0.1 - - [22/Mar/2022:18:28:58] "POST /usr/login HTTP/1.1" 200 5282 "-" "Mozilla/5.0 (Windows NT 10.0; Win64; x64)" 0.67
10.0.0.1 - - [16/Oct/2023:13:56:43] "POST /usr/cart HTTP/1.1" 200 2633 "-" "Mozilla/5.0 (Windows NT 10.0; Win64; x64)" 0.65
172.16.0.1 - - [28/Mar/2023:07:11:46] "PUT /usr/login HTTP/1.1" 200 2092 "-" "Mozilla/5.0 (Macintosh; Intel Mac OS X 10_15_7)" 1.01
10.0.0.1 - - [22/Jun/2022:19:01:39] "DELETE /usr/login HTTP/1.1" 200 6478 "-" "Mozilla/5.0 (Windows NT 10.0; Win64; x64)" 0.98
172.16.0.1 - - [19/Apr/2022:02:39:47] "DELETE /usr/login HTTP/1.1" 200 3515 "-" "Mozilla/5.0 (Windows NT 10.0; Win64; x64)" 0.55
192.168.1.1 - - [24/Nov/2023:12:21:16] "POST /usr/checkout HTTP/1.1" 200 1531 "-" "Mozilla/5.0 (Macintosh; Intel Mac OS X 10_15_7)" 1.03
10.0.0.1 - - [14/Jul/2022:18:14:52] "PUT /usr/cart HTTP/1.1" 200 6396 "-" "Mozilla/5.0 (Macintosh; Intel Mac OS X 10_15_7)" 1.29
10.0.0.1 - - [24/Feb/2023:18:20:48] "POST /usr/product HTTP/1.1" 200 7584 "-" "Mozilla/5.0 (Macintosh; Intel Mac OS X 10_15_7)" 1.94
10.0.0.1 - - [06/Feb/2023:13:50:22] "DELETE /usr/product HTTP/1.1" 200 6232 "-" "Mozilla/5.0 (Macintosh; Intel Mac OS X 10_15_7)" 1.52
172.16.0.1 - - [23/Dec/2022:07:21:58] "DELETE /usr/checkout HTTP/1.1" 200 8094 "-" "Mozilla/5.0 (Windows NT 10.0; Win64; x64)" 1.40
10.0.0.1 - - [21/Sep/2022:13:47:14] "POST /usr/cart HTTP/1.1" 200 4751 "-" "Mozilla/5.0 (Windows NT 10.0; Win64; x64)" 0.99
172.16.0.1 - - [07/Aug/2023:23:31:35] "DELETE /usr/cart HTTP/1.1" 200 9805 "-" "Mozilla/5.0 (Macintosh; Intel Mac OS X 10_15_7)" 1.05
172.16.0.1 - - [24/Apr/2022:02:40:40] "POST /usr/cart HTTP/1.1" 200 1545 "-" "Mozilla/5.0 (Macintosh; Intel Mac OS X 10_15_7)" 0.25
192.168.1.1 - - [28/Jun/2022:10:26:03] "POST /usr/cart HTTP/1.1" 200 5597 "-" "Mozilla/5.0 (Macintosh; Intel Mac OS X 10_15_7)" 0.99
172.16.0.1 - - [23/Aug/2022:02:19:38] "PUT /usr/login HTTP/1.1" 200 7073 "-" "Mozilla/5.0 (Windows NT 10.0; Win64; x64)" 1.64
192.168.1.1 - - [19/Aug/2022:17:18:03] "PUT /usr/product HTTP/1.1" 200 8367 "-" "Mozilla/5.0 (Windows NT 10.0; Win64; x64)" 1.27
172.16.0.1 - - [31/Jul/2023:11:44:38] "POST /usr/cart HTTP/1.1" 200 7440 "-" "Mozilla/5.0 (Macintosh; Intel Mac OS X 10_15_7)" 0.53
192.168.1.1 - - [31/Jul/2022:18:50:51] "PUT /usr/cart HTTP/1.1" 200 808 "-" "Mozilla/5.0 (Macintosh; Intel Mac OS X 10_15_7)" 1.87
10.0.0.1 - - [17/Nov/2023:18:45:07] "GET /usr/checkout HTTP/1.1" 200 928 "-" "Mozilla/5.0 (Windows NT 10.0; Win64; x64)" 0.88
10.0.0.1 - - [20/Jan/2023:11:47:06] "DELETE /usr/checkout HTTP/1.1" 200 6389 "-" "Mozilla/5.0 (Macintosh; Intel Mac OS X 10_15_7)" 1.39
172.16.0.1 - - [18/Jun/2022:08:06:30] "GET /usr/login HTTP/1.1" 200 9968 "-" "Mozilla/5.0 (Macintosh; Intel Mac OS X 10_15_7)" 0.63
172.16.0.1 - - [05/Jan/2023:14:57:30] "POST /usr/cart HTTP/1.1" 200 5826 "-" "Mozilla/5.0 (Windows NT 10.0; Win64; x64)" 1.36
192.168.1.1 - - [10/Feb/2023:16:53:13] "DELETE /usr/login HTTP/1.1" 200 2881 "-" "Mozilla/5.0 (Macintosh; Intel Mac OS X 10_15_7)" 1.42
192.168.1.1 - - [27/Jan/2023:23:54:55] "GET /usr/checkout HTTP/1.1" 200 7798 "-" "Mozilla/5.0 (Windows NT 10.0; Win64; x64)" 1.26
10.0.0.1 - - [07/Oct/2023:15:45:22] "PUT /usr/checkout HTTP/1.1" 200 2743 "-" "Mozilla/5.0 (Macintosh; Intel Mac OS X 10_15_7)" 0.81
10.0.0.1 - - [16/Jan/2023:07:03:58] "GET /usr/checkout HTTP/1.1" 200 1161 "-" "Mozilla/5.0 (Macintosh; Intel Mac OS X 10_15_7)" 1.10
172.16.0.1 - - [22/Jan/2022:07:08:26] "POST /usr/cart HTTP/1.1" 200 3673 "-" "Mozilla/5.0 (Windows NT 10.0; Win64; x64)" 1.47
172.16.0.1 - - [21/May/2022:01:48:21] "POST /usr/cart HTTP/1.1" 200 7746 "-" "Mozilla/5.0 (Macintosh; Intel Mac OS X 10_15_7)" 0.90
192.168.1.1 - - [01/Nov/2022:14:15:32] "GET /usr/checkout HTTP/1.1" 200 3948 "-" "Mozilla/5.0 (Windows NT 10.0; Win64; x64)" 1.32
10.0.0.1 - - [04/Jun/2022:12:01:23] "GET /usr/cart HTTP/1.1" 200 1136 "-" "Mozilla/5.0 (Windows NT 10.0; Win64; x64)" 0.38
172.16.0.1 - - [05/Oct/2022:19:47:24] "GET /usr/checkout HTTP/1.1" 200 996 "-" "Mozilla/5.0 (Windows NT 10.0; Win64; x64)" 1.25
172.16.0.1 - - [16/Aug/2023:23:42:43] "GET /usr/product HTTP/1.1" 200 2235 "-" "Mozilla/5.0 (Windows NT 10.0; Win64; x64)" 1.21
192.168.1.1 - - [23/Feb/2022:09:22:13] "DELETE /usr/cart HTTP/1.1" 200 1561 "-" "Mozilla/5.0 (Windows NT 10.0; Win64; x64)" 0.33
172.16.0.1 - - [13/Feb/2023:20:50:51] "DELETE /usr/cart HTTP/1.1" 200 4426 "-" "Mozilla/5.0 (Windows NT 10.0; Win64; x64)" 1.48
10.0.0.1 - - [12/Apr/2023:21:58:01] "GET /usr/product HTTP/1.1" 200 921 "-" "Mozilla/5.0 (Macintosh; Intel Mac OS X 10_15_7)" 1.57
192.168.1.1 - - [09/Mar/2023:17:26:12] "PUT /usr/cart HTTP/1.1" 200 8989 "-" "Mozilla/5.0 (Macintosh; Intel Mac OS X 10_15_7)" 0.53
10.0.0.1 - - [16/Dec/2022:02:24:28] "PUT /usr/login HTTP/1.1" 200 2814 "-" "Mozilla/5.0 (Macintosh; Intel Mac OS X 10_15_7)" 1.62
192.168.1.1 - - [28/Oct/2023:21:14:04] "PUT /usr/checkout HTTP/1.1" 200 3943 "-" "Mozilla/5.0 (Windows NT 10.0; Win64; x64)" 0.86
172.16.0.1 - - [03/May/2022:04:29:00] "GET /usr/login HTTP/1.1" 200 8970 "-" "Mozilla/5.0 (Macintosh; Intel Mac OS X 10_15_7)" 1.81
172.16.0.1 - - [15/Dec/2023:08:25:38] "DELETE /usr/checkout HTTP/1.1" 200 3045 "-" "Mozilla/5.0 (Macintosh; Intel Mac OS X 10_15_7)" 0.41
192.168.1.1 - - [04/Nov/2022:10:10:18] "POST /usr/login HTTP/1.1" 200 7851 "-" "Mozilla/5.0 (Macintosh; Intel Mac OS X 10_15_7)" 1.80
172.16.0.1 - - [30/Jul/2022:21:06:10] "POST /usr/product HTTP/1.1" 200 707 "-" "Mozilla/5.0 (Windows NT 10.0; Win64; x64)" 1.05
10.0.0.1 - - [22/Oct/2022:19:02:51] "GET /usr/product HTTP/1.1" 200 1300 "-" "Mozilla/5.0 (Macintosh; Intel Mac OS X 10_15_7)" 1.80
192.168.1.1 - - [11/Feb/2022:06:22:15] "PUT /usr/login HTTP/1.1" 200 8662 "-" "Mozilla/5.0 (Macintosh; Intel Mac OS X 10_15_7)" 1.04
192.168.1.1 - - [27/Mar/2023:16:38:53] "DELETE /usr/product HTTP/1.1" 200 8057 "-" "Mozilla/5.0 (Macintosh; Intel Mac OS X 10_15_7)" 1.89
192.168.1.1 - - [11/May/2023:15:50:31] "POST /usr/login HTTP/1.1" 200 9201 "-" "Mozilla/5.0 (Windows NT 10.0; Win64; x64)" 1.17
172.16.0.1 - - [24/Feb/2022:21:12:00] "PUT /usr/checkout HTTP/1.1" 200 1320 "-" "Mozilla/5.0 (Windows NT 10.0; Win64; x64)" 1.88
172.16.0.1 - - [15/Mar/2023:11:06:09] "GET /usr/login HTTP/1.1" 200 8179 "-" "Mozilla/5.0 (Macintosh; Intel Mac OS X 10_15_7)" 0.26
172.16.0.1 - - [15/Mar/2022:07:16:41] "PUT /usr/cart HTTP/1.1" 200 9302 "-" "Mozilla/5.0 (Windows NT 10.0; Win64; x64)" 0.16
192.168.1.1 - - [17/Jul/2022:01:32:54] "GET /usr/product HTTP/1.1" 200 846 "-" "Mozilla/5.0 (Windows NT 10.0; Win64; x64)" 0.88
10.0.0.1 - - [08/Sep/2023:14:46:13] "GET /usr/checkout HTTP/1.1" 200 7948 "-" "Mozilla/5.0 (Macintosh; Intel Mac OS X 10_15_7)" 1.78
10.0.0.1 - - [09/Mar/2023:14:27:09] "POST /usr/login HTTP/1.1" 200 8321 "-" "Mozilla/5.0 (Windows NT 10.0; Win64; x64)" 0.44
172.16.0.1 - - [16/Feb/2022:04:57:26] "GET /usr/cart HTTP/1.1" 200 8529 "-" "Mozilla/5.0 (Windows NT 10.0; Win64; x64)" 1.87
172.16.0.1 - - [24/Jun/2023:12:49:21] "POST /usr/cart HTTP/1.1" 200 2969 "-" "Mozilla/5.0 (Windows NT 10.0; Win64; x64)" 0.98
172.16.0.1 - - [03/Jun/2023:21:19:32] "POST /usr/checkout HTTP/1.1" 200 9231 "-" "Mozilla/5.0 (Macintosh; Intel Mac OS X 10_15_7)" 0.89
192.168.1.1 - - [20/Nov/2023:01:38:15] "DELETE /usr/cart HTTP/1.1" 200 4726 "-" "Mozilla/5.0 (Macintosh; Intel Mac OS X 10_15_7)" 0.11
192.168.1.1 - - [17/Jul/2023:02:58:15] "GET /usr/login HTTP/1.1" 200 9853 "-" "Mozilla/5.0 (Windows NT 10.0; Win64; x64)" 0.86
192.168.1.1 - - [29/Nov/2022:17:06:56] "PUT /usr/product HTTP/1.1" 200 1980 "-" "Mozilla/5.0 (Windows NT 10.0; Win64; x64)" 0.16
10.0.0.1 - - [19/Aug/2022:19:34:11] "DELETE /usr/login HTTP/1.1" 200 5837 "-" "Mozilla/5.0 (Windows NT 10.0; Win64; x64)" 1.80
172.16.0.1 - - [06/Aug/2022:14:52:08] "PUT /usr/checkout HTTP/1.1" 200 842 "-" "Mozilla/5.0 (Macintosh; Intel Mac OS X 10_15_7)" 0.97
172.16.0.1 - - [06/Feb/2023:07:26:23] "PUT /usr/cart HTTP/1.1" 200 6397 "-" "Mozilla/5.0 (Windows NT 10.0; Win64; x64)" 1.69
10.0.0.1 - - [23/Jan/2022:04:17:44] "PUT /usr/login HTTP/1.1" 200 7082 "-" "Mozilla/5.0 (Macintosh; Intel Mac OS X 10_15_7)" 0.72
172.16.0.1 - - [20/Mar/2023:02:54:27] "DELETE /usr/cart HTTP/1.1" 200 7125 "-" "Mozilla/5.0 (Windows NT 10.0; Win64; x64)" 0.63
10.0.0.1 - - [02/Jul/2022:23:24:41] "POST /usr/login HTTP/1.1" 200 8032 "-" "Mozilla/5.0 (Windows NT 10.0; Win64; x64)" 1.76
192.168.1.1 - - [09/Jan/2022:13:24:46] "PUT /usr/checkout HTTP/1.1" 200 1687 "-" "Mozilla/5.0 (Macintosh; Intel Mac OS X 10_15_7)" 1.56
192.168.1.1 - - [15/Oct/2023:06:07:54] "GET /usr/login HTTP/1.1" 200 3062 "-" "Mozilla/5.0 (Windows NT 10.0; Win64; x64)" 0.95
172.16.0.1 - - [27/Jan/2022:02:55:33] "POST /usr/checkout HTTP/1.1" 200 7796 "-" "Mozilla/5.0 (Macintosh; Intel Mac OS X 10_15_7)" 1.37
172.16.0.1 - - [02/Jan/2023:05:30:57] "GET /usr/login HTTP/1.1" 200 6599 "-" "Mozilla/5.0 (Macintosh; Intel Mac OS X 10_15_7)" 1.17
192.168.1.1 - - [08/Mar/2022:22:17:51] "POST /usr/product HTTP/1.1" 404 1505 "-" "Mozilla/5.0 (Windows NT 10.0; Win64; x64)" 0.26
10.0.0.1 - - [24/Feb/2023:10:49:02] "GET /usr/checkout HTTP/1.1" 200 9043 "-" "Mozilla/5.0 (Windows NT 10.0; Win64; x64)" 2.00
192.168.1.1 - - [21/Mar/2022:07:29:32] "PUT /usr/product HTTP/1.1" 200 9417 "-" "Mozilla/5.0 (Macintosh; Intel Mac OS X 10_15_7)" 1.04
172.16.0.1 - - [13/Mar/2022:16:07:38] "DELETE /usr/checkout HTTP/1.1" 200 646 "-" "Mozilla/5.0 (Windows NT 10.0; Win64; x64)" 1.68
172.16.0.1 - - [30/Mar/2023:17:18:10] "DELETE /usr/login HTTP/1.1" 200 2763 "-" "Mozilla/5.0 (Windows NT 10.0; Win64; x64)" 0.60
10.0.0.1 - - [03/Aug/2023:03:05:15] "PUT /usr/checkout HTTP/1.1" 200 550 "-" "Mozilla/5.0 (Macintosh; Intel Mac OS X 10_15_7)" 1.18
172.16.0.1 - - [25/Jul/2023:10:29:53] "POST /usr/product HTTP/1.1" 200 7185 "-" "Mozilla/5.0 (Macintosh; Intel Mac OS X 10_15_7)" 1.56
192.168.1.1 - - [09/Mar/2023:11:40:04] "PUT /usr/login HTTP/1.1" 200 3038 "-" "Mozilla/5.0 (Macintosh; Intel Mac OS X 10_15_7)" 0.90
192.168.1.1 - - [14/Aug/2023:14:17:33] "POST /usr/login HTTP/1.1" 200 3311 "-" "Mozilla/5.0 (Macintosh; Intel Mac OS X 10_15_7)" 1.17
172.16.0.1 - - [03/Sep/2022:22:27:48] "POST /usr/login HTTP/1.1" 200 164 "-" "Mozilla/5.0 (Windows NT 10.0; Win64; x64)" 0.78
10.0.0.1 - - [10/Jun/2022:20:51:29] "GET /usr/product HTTP/1.1" 200 4169 "-" "Mozilla/5.0 (Windows NT 10.0; Win64; x64)" 1.52
172.16.0.1 - - [06/Mar/2022:17:00:37] "PUT /usr/login HTTP/1.1" 200 9289 "-" "Mozilla/5.0 (Macintosh; Intel Mac OS X 10_15_7)" 1.38
172.16.0.1 - - [10/Aug/2023:11:10:30] "DELETE /usr/product HTTP/1.1" 200 2989 "-" "Mozilla/5.0 (Windows NT 10.0; Win64; x64)" 0.56
192.168.1.1 - - [11/Jun/2023:02:23:41] "DELETE /usr/checkout HTTP/1.1" 200 4216 "-" "Mozilla/5.0 (Macintosh; Intel Mac OS X 10_15_7)" 1.72
192.168.1.1 - - [27/Sep/2023:05:04:48] "DELETE /usr/login HTTP/1.1" 200 7793 "-" "Mozilla/5.0 (Macintosh; Intel Mac OS X 10_15_7)" 1.28
192.168.1.1 - - [21/Feb/2022:09:16:09] "POST /usr/login HTTP/1.1" 200 3043 "-" "Mozilla/5.0 (Windows NT 10.0; Win64; x64)" 1.53
172.16.0.1 - - [29/Jun/2022:06:14:54] "DELETE /usr/cart HTTP/1.1" 200 3701 "-" "Mozilla/5.0 (Macintosh; Intel Mac OS X 10_15_7)" 1.61
172.16.0.1 - - [10/Dec/2023:22:34:58] "DELETE /usr/login HTTP/1.1" 200 5976 "-" "Mozilla/5.0 (Windows NT 10.0; Win64; x64)" 0.96
172.16.0.1 - - [22/Apr/2023:22:43:26] "POST /usr/product HTTP/1.1" 200 9164 "-" "Mozilla/5.0 (Macintosh; Intel Mac OS X 10_15_7)" 0.44
10.0.0.1 - - [02/Mar/2022:01:27:49] "POST /usr/product HTTP/1.1" 200 7359 "-" "Mozilla/5.0 (Windows NT 10.0; Win64; x64)" 0.28
192.168.1.1 - - [16/May/2023:05:11:46] "DELETE /usr/checkout HTTP/1.1" 200 2180 "-" "Mozilla/5.0 (Windows NT 10.0; Win64; x64)" 1.54
10.0.0.1 - - [27/Sep/2022:12:54:39] "PUT /usr/product HTTP/1.1" 200 4115 "-" "Mozilla/5.0 (Macintosh; Intel Mac OS X 10_15_7)" 1.01
172.16.0.1 - - [16/Jan/2022:16:37:00] "DELETE /usr/product HTTP/1.1" 200 1749 "-" "Mozilla/5.0 (Macintosh; Intel Mac OS X 10_15_7)" 0.80
192.168.1.1 - - [14/Aug/2023:23:04:34] "PUT /usr/login HTTP/1.1" 200 365 "-" "Mozilla/5.0 (Windows NT 10.0; Win64; x64)" 1.24
172.16.0.1 - - [03/Apr/2022:03:09:42] "GET /usr/login HTTP/1.1" 200 2180 "-" "Mozilla/5.0 (Macintosh; Intel Mac OS X 10_15_7)" 0.35
172.16.0.1 - - [08/Nov/2022:13:02:02] "GET /usr/login HTTP/1.1" 200 6598 "-" "Mozilla/5.0 (Windows NT 10.0; Win64; x64)" 0.76
10.0.0.1 - - [02/Aug/2023:10:17:32] "GET /usr/login HTTP/1.1" 200 1774 "-" "Mozilla/5.0 (Macintosh; Intel Mac OS X 10_15_7)" 0.41
10.0.0.1 - - [06/Aug/2022:00:54:10] "PUT /usr/checkout HTTP/1.1" 200 4721 "-" "Mozilla/5.0 (Windows NT 10.0; Win64; x64)" 0.80
192.168.1.1 - - [15/Oct/2023:11:31:04] "GET /usr/checkout HTTP/1.1" 200 8222 "-" "Mozilla/5.0 (Macintosh; Intel Mac OS X 10_15_7)" 1.57
192.168.1.1 - - [29/Aug/2022:17:23:56] "POST /usr/checkout HTTP/1.1" 200 5823 "-" "Mozilla/5.0 (Macintosh; Intel Mac OS X 10_15_7)" 0.40
192.168.1.1 - - [08/Apr/2022:04:28:11] "GET /usr/login HTTP/1.1" 200 2085 "-" "Mozilla/5.0 (Macintosh; Intel Mac OS X 10_15_7)" 0.40
10.0.0.1 - - [29/Mar/2022:16:57:40] "PUT /usr/login HTTP/1.1" 200 7634 "-" "Mozilla/5.0 (Windows NT 10.0; Win64; x64)" 0.20
172.16.0.1 - - [21/Aug/2023:18:15:35] "PUT /usr/cart HTTP/1.1" 200 7772 "-" "Mozilla/5.0 (Windows NT 10.0; Win64; x64)" 0.73
172.16.0.1 - - [23/Sep/2023:06:49:59] "DELETE /usr/checkout HTTP/1.1" 200 5401 "-" "Mozilla/5.0 (Windows NT 10.0; Win64; x64)" 0.15
192.168.1.1 - - [16/Mar/2022:06:14:48] "POST /usr/product HTTP/1.1" 200 6692 "-" "Mozilla/5.0 (Windows NT 10.0; Win64; x64)" 1.26
192.168.1.1 - - [27/Dec/2023:06:30:48] "DELETE /usr/login HTTP/1.1" 200 2662 "-" "Mozilla/5.0 (Windows NT 10.0; Win64; x64)" 0.31
10.0.0.1 - - [29/Jun/2023:16:30:25] "GET /usr/login HTTP/1.1" 200 3226 "-" "Mozilla/5.0 (Windows NT 10.0; Win64; x64)" 1.29
10.0.0.1 - - [14/Jul/2023:06:02:13] "DELETE /usr/product HTTP/1.1" 200 5859 "-" "Mozilla/5.0 (Windows NT 10.0; Win64; x64)" 0.60
172.16.0.1 - - [16/Dec/2023:00:28:25] "PUT /usr/login HTTP/1.1" 200 5651 "-" "Mozilla/5.0 (Windows NT 10.0; Win64; x64)" 0.48
172.16.0.1 - - [30/Aug/2022:23:13:44] "GET /usr/checkout HTTP/1.1" 200 2248 "-" "Mozilla/5.0 (Windows NT 10.0; Win64; x64)" 0.40
192.168.1.1 - - [30/Sep/2022:03:34:41] "POST /usr/login HTTP/1.1" 200 6435 "-" "Mozilla/5.0 (Macintosh; Intel Mac OS X 10_15_7)" 1.74
10.0.0.1 - - [10/Aug/2022:05:19:07] "PUT /usr/checkout HTTP/1.1" 200 9171 "-" "Mozilla/5.0 (Macintosh; Intel Mac OS X 10_15_7)" 0.84
10.0.0.1 - - [15/Jun/2023:15:12:57] "PUT /usr/login HTTP/1.1" 200 2983 "-" "Mozilla/5.0 (Windows NT 10.0; Win64; x64)" 1.22
192.168.1.1 - - [06/Apr/2022:19:50:29] "PUT /usr/cart HTTP/1.1" 200 1360 "-" "Mozilla/5.0 (Macintosh; Intel Mac OS X 10_15_7)" 1.05
172.16.0.1 - - [25/May/2022:05:45:18] "PUT /usr/login HTTP/1.1" 200 6997 "-" "Mozilla/5.0 (Macintosh; Intel Mac OS X 10_15_7)" 1.21
172.16.0.1 - - [27/Feb/2023:05:28:47] "GET /usr/product HTTP/1.1" 200 3528 "-" "Mozilla/5.0 (Macintosh; Intel Mac OS X 10_15_7)" 1.01
192.168.1.1 - - [05/Mar/2022:05:31:18] "PUT /usr/checkout HTTP/1.1" 200 9346 "-" "Mozilla/5.0 (Windows NT 10.0; Win64; x64)" 1.95
172.16.0.1 - - [14/May/2022:01:18:19] "PUT /usr/cart HTTP/1.1" 200 281 "-" "Mozilla/5.0 (Windows NT 10.0; Win64; x64)" 0.97
172.16.0.1 - - [30/Aug/2022:18:12:34] "PUT /usr/checkout HTTP/1.1" 200 7074 "-" "Mozilla/5.0 (Windows NT 10.0; Win64; x64)" 1.18
10.0.0.1 - - [09/Apr/2023:10:22:11] "PUT /usr/cart HTTP/1.1" 200 2752 "-" "Mozilla/5.0 (Windows NT 10.0; Win64; x64)" 0.57
192.168.1.1 - - [22/Sep/2022:03:40:45] "PUT /usr/checkout HTTP/1.1" 200 4945 "-" "Mozilla/5.0 (Windows NT 10.0; Win64; x64)" 1.72
192.168.1.1 - - [22/Sep/2023:04:24:28] "GET /usr/cart HTTP/1.1" 200 8099 "-" "Mozilla/5.0 (Windows NT 10.0; Win64; x64)" 0.55
192.168.1.1 - - [25/May/2022:10:33:24] "POST /usr/product HTTP/1.1" 200 1446 "-" "Mozilla/5.0 (Windows NT 10.0; Win64; x64)" 0.90
192.168.1.1 - - [01/Feb/2023:06:20:16] "GET /usr/checkout HTTP/1.1" 200 2895 "-" "Mozilla/5.0 (Macintosh; Intel Mac OS X 10_15_7)" 0.93
172.16.0.1 - - [29/May/2022:16:00:37] "POST /usr/cart HTTP/1.1" 200 8094 "-" "Mozilla/5.0 (Macintosh; Intel Mac OS X 10_15_7)" 0.79
10.0.0.1 - - [02/May/2023:08:01:16] "GET /usr/product HTTP/1.1" 200 8112 "-" "Mozilla/5.0 (Macintosh; Intel Mac OS X 10_15_7)" 1.53
10.0.0.1 - - [08/Dec/2023:04:37:25] "GET /usr/cart HTTP/1.1" 200 3761 "-" "Mozilla/5.0 (Windows NT 10.0; Win64; x64)" 0.55
192.168.1.1 - - [03/May/2023:12:37:21] "POST /usr/login HTTP/1.1" 200 8681 "-" "Mozilla/5.0 (Windows NT 10.0; Win64; x64)" 1.77
172.16.0.1 - - [14/Nov/2023:12:48:25] "PUT /usr/login HTTP/1.1" 200 4487 "-" "Mozilla/5.0 (Windows NT 10.0; Win64; x64)" 1.70
10.0.0.1 - - [31/Aug/2023:10:28:45] "DELETE /usr/cart HTTP/1.1" 200 4415 "-" "Mozilla/5.0 (Windows NT 10.0; Win64; x64)" 0.48
172.16.0.1 - - [06/Aug/2023:02:45:33] "POST /usr/product HTTP/1.1" 200 7390 "-" "Mozilla/5.0 (Macintosh; Intel Mac OS X 10_15_7)" 0.81
172.16.0.1 - - [19/Jul/2022:19:10:33] "GET /usr/product HTTP/1.1" 200 4410 "-" "Mozilla/5.0 (Windows NT 10.0; Win64; x64)" 1.30
172.16.0.1 - - [03/Nov/2022:17:40:53] "DELETE /usr/login HTTP/1.1" 200 9714 "-" "Mozilla/5.0 (Macintosh; Intel Mac OS X 10_15_7)" 0.47
10.0.0.1 - - [13/Aug/2022:10:53:23] "GET /usr/login HTTP/1.1" 200 2561 "-" "Mozilla/5.0 (Windows NT 10.0; Win64; x64)" 0.31
192.168.1.1 - - [25/Feb/2022:10:48:54] "PUT /usr/cart HTTP/1.1" 200 1035 "-" "Mozilla/5.0 (Macintosh; Intel Mac OS X 10_15_7)" 0.77
10.0.0.1 - - [29/Dec/2023:16:43:07] "POST /usr/login HTTP/1.1" 200 7548 "-" "Mozilla/5.0 (Macintosh; Intel Mac OS X 10_15_7)" 0.56
